<html>
<body>
<pre>
<h1>µVision Build Log</h1>
<h2>Tool Versions:</h2>
IDE-Version: ¦ÌVision V5.38.0.0
Copyright (C) 2022 ARM Ltd and ARM Germany GmbH. All rights reserved.
License Information: YUHANG 2127439251@qq.com, QWER, LIC=8VRJ7-E00ME-NNYAF-6HGBI-RM73Y-5J9V6
 
Tool Versions:
Toolchain:       MDK-ARM Plus  Version: 5.42.0.0
Toolchain Path:  C:\Keil_v5\ARM\ARMCLANG\Bin
C Compiler:      ArmClang.exe V6.23
Assembler:       Armasm.exe V6.23
Linker/Locator:  ArmLink.exe V6.23
Library Manager: ArmAr.exe V6.23
Hex Converter:   FromElf.exe V6.23
CPU DLL:         SARMCM3.DLL V5.42.0.0
Dialog DLL:      DARMCM1.DLL V1.19.6.0
Target DLL:      CMSIS_AGDI.dll V1.33.22.0
Dialog DLL:      TARMCM1.DLL V1.14.6.0
 
<h2>Project:</h2>
D:\NUEDC\fpga\tmp\NUEDC_2023_C_remote\Keil\NUEDC_2023_D_MSPM0G3507.uvprojx
Project File Date:  07/23/2026

<h2>Output:</h2>
*** Using Compiler 'V6.23', folder: 'C:\Keil_v5\ARM\ARMCLANG\Bin'
Rebuild target 'NUEDC_2023_D_MSPM0G3507_TI'
compiling nuedc_retarget.c...
compiling nuedc_port.c...
compiling Adaptive.c...
compiling ADC_FFT.c...
compiling Serial_Buffer.c...
compiling fpga_promax_link_ti.c...
compiling arm_math_lite.c...
compiling FFT.c...
compiling Correlate.c...
compiling adc_app.c...
compiling nuedc_hal_compat.c...
compiling fpga_link_ti.c...
compiling ti_msp_dl_config.c...
compiling IQ.c...
compiling Fit.c...
compiling Filter.c...
compiling ad5687.c...
compiling SoftPll.c...
compiling ads8363_app.c...
compiling ad5687_app.c...
compiling ModelFit.c...
compiling ADS8363.c...
compiling dac8831.c...
compiling ad9910_app.c...
compiling main.c...
compiling dac8831_app.c...
compiling Measure.c...
compiling ad9910.c...
compiling Demod.c...
compiling ad9280_app.c...
assembling startup_mspm0g350x_uvision.s...
compiling ad9708_app.c...
compiling screen_test.c...
compiling ad9280.c...
compiling fpga_promax.c...
compiling ad9708.c...
linking...
Program Size: Code=33964 RO-data=1476 RW-data=48 ZI-data=6848  
FromELF: creating hex file...
".\Objects\NUEDC_2023_D_MSPM0G3507_TI.axf" - 0 Error(s), 0 Warning(s).

<h2>Software Packages used:</h2>

Package Vendor: TexasInstruments
                https://software-dl.ti.com/msp430/esd/MSPM0-CMSIS/MSPM0G1X0X_G3X0X/latest/exports/TexasInstruments.MSPM0G1X0X_G3X0X_DFP.1.3.1.pack
                TexasInstruments.MSPM0G1X0X_G3X0X_DFP.1.3.1
                Device Family Pack for Texas Instruments MSPM0G1X0X_G3X0X Series

<h2>Collection of Component include folders:</h2>

<h2>Collection of Component Files used:</h2>
Build Time Elapsed:  00:00:02
</pre>
</body>
</html>
