Component: Arm Compiler for Embedded 6.23 Tool: armlink [5f102400]

==============================================================================

Section Cross References

    main.o(.text.main) refers to ti_msp_dl_config.o(.text.SYSCFG_DL_init) for SYSCFG_DL_init
    main.o(.text.main) refers to nuedc_hal_compat.o(.text.NUEDC_HAL_Init) for NUEDC_HAL_Init
    main.o(.text.main) refers to dl_uart.o(.text.DL_UART_transmitDataBlocking) for DL_UART_transmitDataBlocking
    main.o(.text.main) refers to dl_uart.o(.text.DL_UART_receiveDataCheck) for DL_UART_receiveDataCheck
    main.o(.text.main) refers to main.o(.rodata.str1.1) for [Anonymous Symbol]
    main.o(.text.main) refers to main.o(.text.AD9708_TestSine) for AD9708_TestSine
    main.o(.text.main) refers to main.o(.text.AD9708_TestInitAndReport) for AD9708_TestInitAndReport
    main.o(.text.main) refers to main.o(.text.AD9280_TestInitAndReport) for AD9280_TestInitAndReport
    main.o(.text.main) refers to main.o(.text.ProMax_TestInitAndReport) for ProMax_TestInitAndReport
    main.o(.text.main) refers to fpga_promax.o(.text.FpgaPromax_HasRealtime) for FpgaPromax_HasRealtime
    main.o(.text.main) refers to fpga_promax.o(.text.FpgaPromax_SetRun) for FpgaPromax_SetRun
    main.o(.text.main) refers to fpga_promax.o(.text.FpgaPromax_SetDdcFrequency) for FpgaPromax_SetDdcFrequency
    main.o(.text.main) refers to fpga_promax.o(.text.FpgaPromax_LoadMatchedTemplate) for FpgaPromax_LoadMatchedTemplate
    main.o(.text.main) refers to fpga_promax.o(.text.FpgaPromax_ClearState) for FpgaPromax_ClearState
    main.o(.text.main) refers to fpga_promax.o(.text.FpgaPromax_ReadAllResults) for FpgaPromax_ReadAllResults
    main.o(.text.main) refers to fpga_promax.o(.text.FpgaPromax_GetStatus) for FpgaPromax_GetStatus
    main.o(.text.main) refers to main.o(.text.AD9280_TestCapture) for AD9280_TestCapture
    main.o(.text.main) refers to main.o(.bss.s_promax_ready) for [Anonymous Symbol]
    main.o(.text.main) refers to main.o(.bss.s_promax) for [Anonymous Symbol]
    main.o(.text.main) refers to main.o(.rodata.s_promax_impulse) for [Anonymous Symbol]
    main.o(.text.main) refers to ad9708_app.o(.text.AD9708_AppStop) for AD9708_AppStop
    main.o(.text.main) refers to main.o(.text.AD9708_TestConstant) for AD9708_TestConstant
    main.o(.text.main) refers to fpga_promax.o(.text.FpgaPromax_ResultString) for FpgaPromax_ResultString
    main.o(.text.main) refers to main.o(.text.UART_TestWriteHex32) for UART_TestWriteHex32
    main.o(.text.main) refers to nuedc_hal_compat.o(.text.HAL_Delay) for HAL_Delay
    main.o(.text.main) refers to main.o(.rodata..Lswitch.table.AD9708_TestInitAndReport) for [Anonymous Symbol]
    main.o(.text.main) refers to aeabi_sdivfast.o(.text_divfast) for __aeabi_uidiv
    main.o(.text.main) refers to aeabi_sdivfast.o(.text) for __aeabi_uidivmod
    main.o(.text.main) refers to lludiv.o(.text) for __aeabi_uldivmod
    main.o(.text.main) refers to llmul.o(.text) for __aeabi_lmul
    main.o(.text.main) refers to nuedc_hal_compat.o(.text.NUEDC_HAL_Service) for NUEDC_HAL_Service
    main.o(.ARM.exidx.text.main) refers to main.o(.text.main) for [Anonymous Symbol]
    main.o(.text.AD9708_TestConstant) refers to ad9708_app.o(.text.AD9708_AppGetData) for AD9708_AppGetData
    main.o(.text.AD9708_TestConstant) refers to ad9708_app.o(.text.AD9708_AppOutputCalibrationCode) for AD9708_AppOutputCalibrationCode
    main.o(.text.AD9708_TestConstant) refers to main.o(.text.AD9708_TestInitAndReport) for AD9708_TestInitAndReport
    main.o(.text.AD9708_TestConstant) refers to dl_uart.o(.text.DL_UART_transmitDataBlocking) for DL_UART_transmitDataBlocking
    main.o(.text.AD9708_TestConstant) refers to main.o(.rodata.str1.1) for [Anonymous Symbol]
    main.o(.text.AD9708_TestConstant) refers to main.o(.rodata..Lswitch.table.AD9708_TestInitAndReport) for [Anonymous Symbol]
    main.o(.ARM.exidx.text.AD9708_TestConstant) refers to main.o(.text.AD9708_TestConstant) for [Anonymous Symbol]
    main.o(.text.AD9708_TestSine) refers to ad9708_app.o(.text.AD9708_AppGetData) for AD9708_AppGetData
    main.o(.text.AD9708_TestSine) refers to ad9708_app.o(.text.AD9708_AppOutputSineCode) for AD9708_AppOutputSineCode
    main.o(.text.AD9708_TestSine) refers to main.o(.text.AD9708_TestInitAndReport) for AD9708_TestInitAndReport
    main.o(.text.AD9708_TestSine) refers to dl_uart.o(.text.DL_UART_transmitDataBlocking) for DL_UART_transmitDataBlocking
    main.o(.text.AD9708_TestSine) refers to main.o(.rodata.str1.1) for [Anonymous Symbol]
    main.o(.text.AD9708_TestSine) refers to main.o(.rodata..Lswitch.table.AD9708_TestInitAndReport) for [Anonymous Symbol]
    main.o(.ARM.exidx.text.AD9708_TestSine) refers to main.o(.text.AD9708_TestSine) for [Anonymous Symbol]
    main.o(.text.AD9280_TestCapture) refers to ad9280_app.o(.text.AD9280_AppGetData) for AD9280_AppGetData
    main.o(.text.AD9280_TestCapture) refers to ad9280_app.o(.text.AD9280_AppCapture) for AD9280_AppCapture
[...]
    __arm_cp.0_0                             0x000047d4   Number         4  dl_uart.o(.text.DL_UART_init)
    __arm_cp.0_1                             0x000047d8   Number         4  dl_uart.o(.text.DL_UART_init)
    [Anonymous Symbol]                       0x000047dc   Section        0  dl_uart.o(.text.DL_UART_receiveDataCheck)
    [Anonymous Symbol]                       0x000047f4   Section        0  dl_uart.o(.text.DL_UART_setClockConfig)
    [Anonymous Symbol]                       0x00004808   Section        0  dl_uart.o(.text.DL_UART_transmitDataBlocking)
    __arm_cp.7_0                             0x0000481c   Number         4  dl_uart.o(.text.DL_UART_transmitDataBlocking)
    [Anonymous Symbol]                       0x00004820   Section        0  fpga_link_ti.o(.text.FPGA_Link_Begin)
    [Anonymous Symbol]                       0x0000486c   Section        0  fpga_link_ti.o(.text.FPGA_Link_End)
    [Anonymous Symbol]                       0x00004890   Section        0  fpga_link_ti.o(.text.FPGA_Link_GetDefaultConfig)
    __arm_cp.0_0                             0x000048a8   Number         4  fpga_link_ti.o(.text.FPGA_Link_GetDefaultConfig)
    [Anonymous Symbol]                       0x000048ac   Section        0  fpga_link_ti.o(.text.FPGA_Link_Init)
    __arm_cp.1_0                             0x00004908   Number         4  fpga_link_ti.o(.text.FPGA_Link_Init)
    [Anonymous Symbol]                       0x0000490c   Section        0  fpga_link_ti.o(.text.FPGA_Link_ReadReg)
    FPGA_Link_Transfer                       0x00004af1   Thumb Code   812  fpga_link_ti.o(.text.FPGA_Link_Transfer)
    [Anonymous Symbol]                       0x00004af0   Section        0  fpga_link_ti.o(.text.FPGA_Link_Transfer)
    __arm_cp.5_0                             0x00004e1c   Number         4  fpga_link_ti.o(.text.FPGA_Link_Transfer)
    __arm_cp.5_1                             0x00004e20   Number         4  fpga_link_ti.o(.text.FPGA_Link_Transfer)
    __arm_cp.5_2                             0x00004e24   Number         4  fpga_link_ti.o(.text.FPGA_Link_Transfer)
    [Anonymous Symbol]                       0x00004e28   Section        0  fpga_link_ti.o(.text.FPGA_Link_WriteReg)
    FPGA_ProMaxTiDelayMs                     0x00004e3d   Thumb Code    10  fpga_promax_link_ti.o(.text.FPGA_ProMaxTiDelayMs)
    [Anonymous Symbol]                       0x00004e3c   Section        0  fpga_promax_link_ti.o(.text.FPGA_ProMaxTiDelayMs)
    FPGA_ProMaxTiTimeMs                      0x00004e47   Thumb Code     8  fpga_promax_link_ti.o(.text.FPGA_ProMaxTiTimeMs)
    [Anonymous Symbol]                       0x00004e46   Section        0  fpga_promax_link_ti.o(.text.FPGA_ProMaxTiTimeMs)
    FPGA_ProMaxTiTransport                   0x00004e51   Thumb Code   496  fpga_promax_link_ti.o(.text.FPGA_ProMaxTiTransport)
    [Anonymous Symbol]                       0x00004e50   Section        0  fpga_promax_link_ti.o(.text.FPGA_ProMaxTiTransport)
    FPGA_ProMaxVerifyWrite                   0x00005041   Thumb Code    56  fpga_promax_link_ti.o(.text.FPGA_ProMaxVerifyWrite)
    [Anonymous Symbol]                       0x00005040   Section        0  fpga_promax_link_ti.o(.text.FPGA_ProMaxVerifyWrite)
    __arm_cp.4_0                             0x00005078   Number         4  fpga_promax_link_ti.o(.text.FPGA_ProMaxVerifyWrite)
    [Anonymous Symbol]                       0x0000507c   Section        0  fpga_promax_link_ti.o(.text.FPGA_ProMax_Init)
    __arm_cp.0_0                             0x000050d8   Number         4  fpga_promax_link_ti.o(.text.FPGA_ProMax_Init)
    __arm_cp.0_1                             0x000050dc   Number         4  fpga_promax_link_ti.o(.text.FPGA_ProMax_Init)
    __arm_cp.0_2                             0x000050e0   Number         4  fpga_promax_link_ti.o(.text.FPGA_ProMax_Init)
    __arm_cp.0_3                             0x000050e4   Number         4  fpga_promax_link_ti.o(.text.FPGA_ProMax_Init)
    __arm_cp.0_4                             0x000050e8   Number         4  fpga_promax_link_ti.o(.text.FPGA_ProMax_Init)
    __arm_cp.0_5                             0x000050ec   Number         4  fpga_promax_link_ti.o(.text.FPGA_ProMax_Init)
    [Anonymous Symbol]                       0x000050f0   Section        0  fpga_promax.o(.text.FpgaPromax_ClearState)
    [Anonymous Symbol]                       0x00005136   Section        0  fpga_promax.o(.text.FpgaPromax_Crc8)
    [Anonymous Symbol]                       0x0000526a   Section        0  fpga_promax.o(.text.FpgaPromax_GetStatus)
    [Anonymous Symbol]                       0x00005288   Section        0  fpga_promax.o(.text.FpgaPromax_HasRealtime)
    [Anonymous Symbol]                       0x0000529c   Section        0  fpga_promax.o(.text.FpgaPromax_Init)
    __arm_cp.2_0                             0x00005320   Number         4  fpga_promax.o(.text.FpgaPromax_Init)
    __arm_cp.2_1                             0x00005324   Number         4  fpga_promax.o(.text.FpgaPromax_Init)
    [Anonymous Symbol]                       0x00005328   Section        0  fpga_promax.o(.text.FpgaPromax_LoadMatchedTemplate)
    __arm_cp.17_0                            0x00005410   Number         4  fpga_promax.o(.text.FpgaPromax_LoadMatchedTemplate)
    __arm_cp.17_1                            0x00005414   Number         4  fpga_promax.o(.text.FpgaPromax_LoadMatchedTemplate)
    __arm_cp.17_2                            0x00005418   Number         4  fpga_promax.o(.text.FpgaPromax_LoadMatchedTemplate)
    [Anonymous Symbol]                       0x0000541c   Section        0  fpga_promax.o(.text.FpgaPromax_ReadAllResults)
    __arm_cp.21_0                            0x00005684   Number         4  fpga_promax.o(.text.FpgaPromax_ReadAllResults)
    [Anonymous Symbol]                       0x00005688   Section        0  fpga_promax.o(.text.FpgaPromax_ResultString)
    [Anonymous Symbol]                       0x000056d8   Section        0  fpga_promax.o(.text.FpgaPromax_SetDdcFrequency)
    [Anonymous Symbol]                       0x00005742   Section        0  fpga_promax.o(.text.FpgaPromax_SetRun)
    [Anonymous Symbol]                       0x00005770   Section        0  fpga_promax.o(.text.FpgaPromax_SetTimebase)
    FpgaPromax_Transact                      0x0000577b   Thumb Code   554  fpga_promax.o(.text.FpgaPromax_Transact)
    [Anonymous Symbol]                       0x0000577a   Section        0  fpga_promax.o(.text.FpgaPromax_Transact)
    [Anonymous Symbol]                       0x000059a4   Section        0  fpga_promax.o(.text.FpgaPromax_WaitResults)
    [Anonymous Symbol]                       0x00005a40   Section        0  nuedc_hal_compat.o(.text.HAL_Delay)
    [Anonymous Symbol]                       0x00005a70   Section        0  nuedc_hal_compat.o(.text.HAL_GPIO_WritePin)
    __arm_cp.9_0                             0x00005ad0   Number         4  nuedc_hal_compat.o(.text.HAL_GPIO_WritePin)
    __arm_cp.9_1                             0x00005ad4   Number         4  nuedc_hal_compat.o(.text.HAL_GPIO_WritePin)
    [Anonymous Symbol]                       0x00005ad8   Section        0  nuedc_hal_compat.o(.text.HAL_GetTick)
    [Anonymous Symbol]                       0x00005ae0   Section        0  nuedc_hal_compat.o(.text.HAL_UART_Receive_IT)
    [Anonymous Symbol]                       0x00005b00   Section        0  screen_test.o(.text.HAL_UART_RxCpltCallback)
    __arm_cp.7_0                             0x00005b24   Number         4  screen_test.o(.text.HAL_UART_RxCpltCallback)
    __arm_cp.7_1                             0x00005b28   Number         4  screen_test.o(.text.HAL_UART_RxCpltCallback)
    __arm_cp.7_2                             0x00005b2c   Number         4  screen_test.o(.text.HAL_UART_RxCpltCallback)
    [Anonymous Symbol]                       0x00005b30   Section        0  nuedc_hal_compat.o(.text.NUEDC_HAL_Init)
    __arm_cp.0_2                             0x00005b5c   Number         4  nuedc_hal_compat.o(.text.NUEDC_HAL_Init)
    __arm_cp.0_4                             0x00005b60   Number         4  nuedc_hal_compat.o(.text.NUEDC_HAL_Init)
    [Anonymous Symbol]                       0x00005b64   Section        0  nuedc_hal_compat.o(.text.NUEDC_HAL_Service)
    __arm_cp.1_0                             0x00005be8   Number         4  nuedc_hal_compat.o(.text.NUEDC_HAL_Service)
    __arm_cp.1_1                             0x00005bec   Number         4  nuedc_hal_compat.o(.text.NUEDC_HAL_Service)
    __arm_cp.1_2                             0x00005bf0   Number         4  nuedc_hal_compat.o(.text.NUEDC_HAL_Service)
    __arm_cp.1_3                             0x00005bf4   Number         4  nuedc_hal_compat.o(.text.NUEDC_HAL_Service)
    __arm_cp.1_4                             0x00005bf8   Number         4  nuedc_hal_compat.o(.text.NUEDC_HAL_Service)
    __arm_cp.1_5                             0x00005bfc   Number         4  nuedc_hal_compat.o(.text.NUEDC_HAL_Service)
    __arm_cp.1_6                             0x00005c00   Number         4  nuedc_hal_compat.o(.text.NUEDC_HAL_Service)
    __arm_cp.1_7                             0x00005c04   Number         4  nuedc_hal_compat.o(.text.NUEDC_HAL_Service)
    __arm_cp.1_8                             0x00005c08   Number         4  nuedc_hal_compat.o(.text.NUEDC_HAL_Service)
    NUEDC_MapGpioPin                         0x00005c0d   Thumb Code   388  nuedc_hal_compat.o(.text.NUEDC_MapGpioPin)
    [Anonymous Symbol]                       0x00005c0c   Section        0  nuedc_hal_compat.o(.text.NUEDC_MapGpioPin)
    __arm_cp.10_0                            0x00005d90   Number         4  nuedc_hal_compat.o(.text.NUEDC_MapGpioPin)
    __arm_cp.10_1                            0x00005d94   Number         4  nuedc_hal_compat.o(.text.NUEDC_MapGpioPin)
    ProMax_TestInitAndReport                 0x00005d99   Thumb Code   756  main.o(.text.ProMax_TestInitAndReport)
    [Anonymous Symbol]                       0x00005d98   Section        0  main.o(.text.ProMax_TestInitAndReport)
    __arm_cp.6_0                             0x0000608c   Number         4  main.o(.text.ProMax_TestInitAndReport)
    __arm_cp.6_1                             0x00006090   Number         4  main.o(.text.ProMax_TestInitAndReport)
    __arm_cp.6_2                             0x00006094   Number         4  main.o(.text.ProMax_TestInitAndReport)
    [Anonymous Symbol]                       0x00006098   Section        0  ti_msp_dl_config.o(.text.SYSCFG_DL_ADC12_0_init)
    __arm_cp.5_0                             0x000060dc   Number         4  ti_msp_dl_config.o(.text.SYSCFG_DL_ADC12_0_init)
    __arm_cp.5_1                             0x000060e0   Number         4  ti_msp_dl_config.o(.text.SYSCFG_DL_ADC12_0_init)
    __arm_cp.5_2                             0x000060e4   Number         4  ti_msp_dl_config.o(.text.SYSCFG_DL_ADC12_0_init)
    __arm_cp.5_3                             0x000060e8   Number         4  ti_msp_dl_config.o(.text.SYSCFG_DL_ADC12_0_init)
    __arm_cp.5_4                             0x000060ec   Number         4  ti_msp_dl_config.o(.text.SYSCFG_DL_ADC12_0_init)
    __arm_cp.5_5                             0x000060f0   Number         4  ti_msp_dl_config.o(.text.SYSCFG_DL_ADC12_0_init)
    [Anonymous Symbol]                       0x000060f4   Section        0  ti_msp_dl_config.o(.text.SYSCFG_DL_FPGA_SPI_init)
    __arm_cp.6_0                             0x00006128   Number         4  ti_msp_dl_config.o(.text.SYSCFG_DL_FPGA_SPI_init)
    __arm_cp.6_1                             0x0000612c   Number         4  ti_msp_dl_config.o(.text.SYSCFG_DL_FPGA_SPI_init)
    __arm_cp.6_2                             0x00006130   Number         4  ti_msp_dl_config.o(.text.SYSCFG_DL_FPGA_SPI_init)
    __arm_cp.6_3                             0x00006134   Number         4  ti_msp_dl_config.o(.text.SYSCFG_DL_FPGA_SPI_init)
    __arm_cp.6_4                             0x00006138   Number         4  ti_msp_dl_config.o(.text.SYSCFG_DL_FPGA_SPI_init)
    [Anonymous Symbol]                       0x0000613c   Section        0  ti_msp_dl_config.o(.text.SYSCFG_DL_GPIO_init)
    __arm_cp.3_0                             0x000061ac   Number         4  ti_msp_dl_config.o(.text.SYSCFG_DL_GPIO_init)
    __arm_cp.3_1                             0x000061b0   Number         4  ti_msp_dl_config.o(.text.SYSCFG_DL_GPIO_init)
    __arm_cp.3_2                             0x000061b4   Number         4  ti_msp_dl_config.o(.text.SYSCFG_DL_GPIO_init)
    __arm_cp.3_3                             0x000061b8   Number         4  ti_msp_dl_config.o(.text.SYSCFG_DL_GPIO_init)
    __arm_cp.3_4                             0x000061bc   Number         4  ti_msp_dl_config.o(.text.SYSCFG_DL_GPIO_init)
    __arm_cp.3_5                             0x000061c0   Number         4  ti_msp_dl_config.o(.text.SYSCFG_DL_GPIO_init)
    __arm_cp.3_6                             0x000061c4   Number         4  ti_msp_dl_config.o(.text.SYSCFG_DL_GPIO_init)
    __arm_cp.3_7                             0x000061c8   Number         4  ti_msp_dl_config.o(.text.SYSCFG_DL_GPIO_init)
    [Anonymous Symbol]                       0x000061cc   Section        0  ti_msp_dl_config.o(.text.SYSCFG_DL_SYSCTL_init)
    __arm_cp.2_0                             0x000061f4   Number         4  ti_msp_dl_config.o(.text.SYSCFG_DL_SYSCTL_init)
    __arm_cp.2_1                             0x000061f8   Number         4  ti_msp_dl_config.o(.text.SYSCFG_DL_SYSCTL_init)
    [Anonymous Symbol]                       0x000061fc   Section        0  ti_msp_dl_config.o(.text.SYSCFG_DL_UART_0_init)
    __arm_cp.4_0                             0x00006254   Number         4  ti_msp_dl_config.o(.text.SYSCFG_DL_UART_0_init)
    __arm_cp.4_1                             0x00006258   Number         4  ti_msp_dl_config.o(.text.SYSCFG_DL_UART_0_init)
    __arm_cp.4_3                             0x0000625c   Number         4  ti_msp_dl_config.o(.text.SYSCFG_DL_UART_0_init)
    __arm_cp.4_4                             0x00006260   Number         4  ti_msp_dl_config.o(.text.SYSCFG_DL_UART_0_init)
    __arm_cp.4_5                             0x00006264   Number         4  ti_msp_dl_config.o(.text.SYSCFG_DL_UART_0_init)
    __arm_cp.4_6                             0x00006268   Number         4  ti_msp_dl_config.o(.text.SYSCFG_DL_UART_0_init)
    [Anonymous Symbol]                       0x0000626c   Section        0  ti_msp_dl_config.o(.text.SYSCFG_DL_init)
    [Anonymous Symbol]                       0x00006288   Section        0  ti_msp_dl_config.o(.text.SYSCFG_DL_initPower)
    __arm_cp.1_0                             0x000062b4   Number         4  ti_msp_dl_config.o(.text.SYSCFG_DL_initPower)
    __arm_cp.1_1                             0x000062b8   Number         4  ti_msp_dl_config.o(.text.SYSCFG_DL_initPower)
    __arm_cp.1_2                             0x000062bc   Number         4  ti_msp_dl_config.o(.text.SYSCFG_DL_initPower)
    __arm_cp.1_3                             0x000062c0   Number         4  ti_msp_dl_config.o(.text.SYSCFG_DL_initPower)
    __arm_cp.1_4                             0x000062c4   Number         4  ti_msp_dl_config.o(.text.SYSCFG_DL_initPower)
    __arm_cp.1_5                             0x000062c8   Number         4  ti_msp_dl_config.o(.text.SYSCFG_DL_initPower)
    __arm_cp.1_6                             0x000062cc   Number         4  ti_msp_dl_config.o(.text.SYSCFG_DL_initPower)
    [Anonymous Symbol]                       0x000062d0   Section        0  nuedc_hal_compat.o(.text.SysTick_Handler)
    __arm_cp.4_0                             0x000062e8   Number         4  nuedc_hal_compat.o(.text.SysTick_Handler)
    __arm_cp.4_1                             0x000062ec   Number         4  nuedc_hal_compat.o(.text.SysTick_Handler)
    UART_TestWriteHex32                      0x000062f1   Thumb Code   172  main.o(.text.UART_TestWriteHex32)
    [Anonymous Symbol]                       0x000062f0   Section        0  main.o(.text.UART_TestWriteHex32)
    __arm_cp.7_0                             0x0000639c   Number         4  main.o(.text.UART_TestWriteHex32)
    [Anonymous Symbol]                       0x000063a0   Section        0  nuedc_retarget.o(.text._sys_exit)
    [Anonymous Symbol]                       0x000063a4   Section        0  main.o(.text.main)
    __arm_cp.0_44                            0x00006760   Number         4  main.o(.text.main)
    __arm_cp.0_46                            0x00006770   Number         4  main.o(.text.main)
    __arm_cp.0_50                            0x00006ad8   Number         4  main.o(.text.main)
    __arm_cp.0_54                            0x00006ae8   Number         4  main.o(.text.main)
    __arm_cp.0_55                            0x00006aec   Number         4  main.o(.text.main)
    __arm_cp.0_56                            0x00006af0   Number         4  main.o(.text.main)
    __arm_cp.0_58                            0x00006af8   Number         4  main.o(.text.main)
    __arm_cp.0_59                            0x00006afc   Number         4  main.o(.text.main)
    __arm_cp.0_60                            0x00006b00   Number         4  main.o(.text.main)
    __arm_cp.0_61                            0x00006b04   Number         4  main.o(.text.main)
    __arm_cp.0_62                            0x00006b08   Number         4  main.o(.text.main)
    __arm_cp.0_63                            0x00006b0c   Number         4  main.o(.text.main)
    __arm_cp.0_64                            0x00006b10   Number         4  main.o(.text.main)
    __arm_cp.0_68                            0x00006ee8   Number         4  main.o(.text.main)
    __arm_cp.0_69                            0x00006eec   Number         4  main.o(.text.main)
    __arm_cp.0_71                            0x000072cc   Number         4  main.o(.text.main)
    __arm_cp.0_72                            0x000072d0   Number         4  main.o(.text.main)
    __arm_cp.0_87                            0x000077a0   Number         4  main.o(.text.main)
    __arm_cp.0_88                            0x000077a4   Number         4  main.o(.text.main)
    __arm_cp.0_103                           0x00007e34   Number         4  main.o(.text.main)
    __arm_cp.0_8                             0x00008184   Number         4  main.o(.text.main)
    __arm_cp.0_9                             0x00008188   Number         4  main.o(.text.main)
    __arm_cp.0_10                            0x0000818c   Number         4  main.o(.text.main)
    __arm_cp.0_11                            0x00008190   Number         4  main.o(.text.main)
    __arm_cp.0_12                            0x00008194   Number         4  main.o(.text.main)
    __arm_cp.0_14                            0x00008198   Number         4  main.o(.text.main)
    __arm_cp.0_15                            0x0000819c   Number         4  main.o(.text.main)
    __arm_cp.0_24                            0x000081a0   Number         4  main.o(.text.main)
    __arm_cp.0_26                            0x000081a4   Number         4  main.o(.text.main)
    __arm_cp.0_27                            0x000081a8   Number         4  main.o(.text.main)
    __arm_cp.0_28                            0x000081ac   Number         4  main.o(.text.main)
    __arm_cp.0_29                            0x000081b0   Number         4  main.o(.text.main)
    __arm_cp.0_30                            0x000081b4   Number         4  main.o(.text.main)
    __arm_cp.0_31                            0x000081b8   Number         4  main.o(.text.main)
    __arm_cp.0_37                            0x000081bc   Number         4  main.o(.text.main)
    .text_divfast                            0x000081c0   Section      502  aeabi_sdivfast.o(.text_divfast)
    i._dgeq                                  0x000083b6   Section        0  dcmp.o(i._dgeq)
    i._dls                                   0x000083cc   Section        0  dcmp.o(i._dls)
    i._fgr                                   0x000083e2   Section        0  fcmp.o(i._fgr)
    i._fleq                                  0x000083f8   Section        0  fcmp.o(i._fleq)
    x$fpl$dgeqf                              0x00008414   Section      100  dgef.o(x$fpl$dgeqf)
    x$fpl$dleqf                              0x00008478   Section      100  dlef.o(x$fpl$dleqf)
    x$fpl$fgeqf                              0x000084dc   Section       84  fgef.o(x$fpl$fgeqf)
    x$fpl$fleqf                              0x00008530   Section       84  flef.o(x$fpl$fleqf)
    ddiv_reciptbl                            0x00008584   Data         128  ddiv.o(.constdata)
    .constdata                               0x00008584   Section      128  ddiv.o(.constdata)
    x$fpl$usenofp                            0x00008584   Section        0  usenofp.o(x$fpl$usenofp)
    fdiv_tab                                 0x00008604   Data          64  fdiv.o(.constdata)
    .constdata                               0x00008604   Section       64  fdiv.o(.constdata)
    [Anonymous Symbol]                       0x00008644   Section        0  main.o(.rodata..Lswitch.table.AD9280_TestInitAndReport)
    [Anonymous Symbol]                       0x00008668   Section        0  main.o(.rodata..Lswitch.table.AD9708_TestInitAndReport)
    gADC12_0ClockConfig                      0x00008688   Data           8  ti_msp_dl_config.o(.rodata.gADC12_0ClockConfig)
    [Anonymous Symbol]                       0x00008688   Section        0  ti_msp_dl_config.o(.rodata.gADC12_0ClockConfig)
    gFpgaSpiClockConfig                      0x00008690   Data           2  ti_msp_dl_config.o(.rodata.gFpgaSpiClockConfig)
    [Anonymous Symbol]                       0x00008690   Section        0  ti_msp_dl_config.o(.rodata.gFpgaSpiClockConfig)
    gFpgaSpiConfig                           0x00008692   Data          10  ti_msp_dl_config.o(.rodata.gFpgaSpiConfig)
    [Anonymous Symbol]                       0x00008692   Section        0  ti_msp_dl_config.o(.rodata.gFpgaSpiConfig)
    gUART_0ClockConfig                       0x0000869c   Data           2  ti_msp_dl_config.o(.rodata.gUART_0ClockConfig)
    [Anonymous Symbol]                       0x0000869c   Section        0  ti_msp_dl_config.o(.rodata.gUART_0ClockConfig)
    gUART_0Config                            0x0000869e   Data          10  ti_msp_dl_config.o(.rodata.gUART_0Config)
    [Anonymous Symbol]                       0x0000869e   Section        0  ti_msp_dl_config.o(.rodata.gUART_0Config)
    s_ad9708_app_sine_code                   0x000086a8   Data          32  ad9708_app.o(.rodata.s_ad9708_app_sine_code)
    [Anonymous Symbol]                       0x000086a8   Section        0  ad9708_app.o(.rodata.s_ad9708_app_sine_code)
    s_promax_impulse                         0x000086c8   Data         128  main.o(.rodata.s_promax_impulse)
    [Anonymous Symbol]                       0x000086c8   Section        0  main.o(.rodata.s_promax_impulse)
    [Anonymous Symbol]                       0x00008748   Section        0  main.o(.rodata.str1.1)
    [Anonymous Symbol]                       0x000088f4   Section        0  nuedc_hal_compat.o(.rodata.str1.1)
    [Anonymous Symbol]                       0x00008918   Section        0  fpga_promax.o(.rodata.str1.1)
    .bss                                     0x20200030   Section       96  libspace.o(.bss)
    s_ad9280_app_data                        0x2020011c   Data          36  ad9280_app.o(.bss.s_ad9280_app_data)
    [Anonymous Symbol]                       0x2020011c   Section        0  ad9280_app.o(.bss.s_ad9280_app_data)
    s_ad9280_calibration                     0x20200140   Data          28  ad9280_app.o(.bss.s_ad9280_calibration)
    [Anonymous Symbol]                       0x20200140   Section        0  ad9280_app.o(.bss.s_ad9280_calibration)
    s_ad9280_data                            0x2020015c   Data          56  ad9280.o(.bss.s_ad9280_data)
    [Anonymous Symbol]                       0x2020015c   Section        0  ad9280.o(.bss.s_ad9280_data)
    s_ad9280_link                            0x20200194   Data          56  ad9280.o(.bss.s_ad9280_link)
    [Anonymous Symbol]                       0x20200194   Section        0  ad9280.o(.bss.s_ad9280_link)
    s_ad9280_link_ready                      0x202001cc   Data           1  ad9280.o(.bss.s_ad9280_link_ready)
    [Anonymous Symbol]                       0x202001cc   Section        0  ad9280.o(.bss.s_ad9280_link_ready)
    s_ad9280_samples                         0x202001cd   Data        4096  ad9280_app.o(.bss.s_ad9280_samples)
    [Anonymous Symbol]                       0x202001cd   Section        0  ad9280_app.o(.bss.s_ad9280_samples)
    s_ad9708_data                            0x202011d0   Data          68  ad9708.o(.bss.s_ad9708_data)
    [Anonymous Symbol]                       0x202011d0   Section        0  ad9708.o(.bss.s_ad9708_data)
    s_ad9708_link                            0x20201214   Data          56  ad9708.o(.bss.s_ad9708_link)
    [Anonymous Symbol]                       0x20201214   Section        0  ad9708.o(.bss.s_ad9708_link)
    s_ad9708_link_ready                      0x2020124c   Data           1  ad9708.o(.bss.s_ad9708_link_ready)
    [Anonymous Symbol]                       0x2020124c   Section        0  ad9708.o(.bss.s_ad9708_link_ready)
    s_gpio_shadow                            0x20201250   Data          32  nuedc_hal_compat.o(.bss.s_gpio_shadow)
    [Anonymous Symbol]                       0x20201250   Section        0  nuedc_hal_compat.o(.bss.s_gpio_shadow)
    s_hal_tick_ms                            0x20201270   Data           4  nuedc_hal_compat.o(.bss.s_hal_tick_ms)
    [Anonymous Symbol]                       0x20201270   Section        0  nuedc_hal_compat.o(.bss.s_hal_tick_ms)
    s_promax                                 0x20201274   Data          44  main.o(.bss.s_promax)
    [Anonymous Symbol]                       0x20201274   Section        0  main.o(.bss.s_promax)
    s_promax_link                            0x202012a0   Data          56  fpga_promax_link_ti.o(.bss.s_promax_link)
    [Anonymous Symbol]                       0x202012a0   Section        0  fpga_promax_link_ti.o(.bss.s_promax_link)
    s_promax_link_busy                       0x202012d8   Data           1  fpga_promax_link_ti.o(.bss.s_promax_link_busy)
    [Anonymous Symbol]                       0x202012d8   Section        0  fpga_promax_link_ti.o(.bss.s_promax_link_busy)
    s_promax_link_ready                      0x202012d9   Data           1  fpga_promax_link_ti.o(.bss.s_promax_link_ready)
    [Anonymous Symbol]                       0x202012d9   Section        0  fpga_promax_link_ti.o(.bss.s_promax_link_ready)
    s_promax_ready                           0x202012da   Data           1  main.o(.bss.s_promax_ready)
    [Anonymous Symbol]                       0x202012da   Section        0  main.o(.bss.s_promax_ready)
    s_screen_rx_byte                         0x202012db   Data           1  screen_test.o(.bss.s_screen_rx_byte)
    [Anonymous Symbol]                       0x202012db   Section        0  screen_test.o(.bss.s_screen_rx_byte)
    s_uart_rx_buf                            0x202012dc   Data           4  nuedc_hal_compat.o(.bss.s_uart_rx_buf)
    [Anonymous Symbol]                       0x202012dc   Section        0  nuedc_hal_compat.o(.bss.s_uart_rx_buf)
    s_uart_rx_huart                          0x202012e0   Data           4  nuedc_hal_compat.o(.bss.s_uart_rx_huart)
    [Anonymous Symbol]                       0x202012e0   Section        0  nuedc_hal_compat.o(.bss.s_uart_rx_huart)
    s_uart_rx_index                          0x202012e4   Data           2  nuedc_hal_compat.o(.bss.s_uart_rx_index)
    [Anonymous Symbol]                       0x202012e4   Section        0  nuedc_hal_compat.o(.bss.s_uart_rx_index)
    s_uart_rx_len                            0x202012e6   Data           2  nuedc_hal_compat.o(.bss.s_uart_rx_len)
    [Anonymous Symbol]                       0x202012e6   Section        0  nuedc_hal_compat.o(.bss.s_uart_rx_len)
    Heap_Mem                                 0x202012f0   Data           0  startup_mspm0g350x_uvision.o(HEAP)
    Stack_Mem                                0x202012f0   Data        2048  startup_mspm0g350x_uvision.o(STACK)
    HEAP                                     0x202012f0   Section        0  startup_mspm0g350x_uvision.o(HEAP)
    STACK                                    0x202012f0   Section     2048  startup_mspm0g350x_uvision.o(STACK)
    __initial_sp                             0x20201af0   Data           0  startup_mspm0g350x_uvision.o(STACK)

    Global Symbols

    Symbol Name                              Value     Ov Type        Size  Object(Section)

    BuildAttributes$$THM_ISAv3M$S$PE$A:L22$X:L11$S22$IEEE1$IW$~IW$USESV6$~STKCKD$USESV7$~SHL$OTIME$ROPI$IEEEX$EBA8$UX$STANDARDLIB$REQ8$PRES8$EABIv2 0x00000000   Number         0  anon$$obj.o ABSOLUTE
    __Vectors                                0x00000000   Data           4  startup_mspm0g350x_uvision.o(RESET)
    _printf_flags                            0x00000000   Number         0  printf_stubs.o ABSOLUTE
    _printf_return_value                     0x00000000   Number         0  printf_stubs.o ABSOLUTE
    _printf_sizespec                         0x00000000   Number         0  printf_stubs.o ABSOLUTE
    _printf_widthprec                        0x00000000   Number         0  printf_stubs.o ABSOLUTE
    __ARM_exceptions_init                     - Undefined Weak Reference
    __alloca_initialize                       - Undefined Weak Reference
    __arm_preinit_                            - Undefined Weak Reference
    __arm_relocate_pie_                       - Undefined Weak Reference
    __cpp_initialize__aeabi_                  - Undefined Weak Reference
    __cxa_finalize                            - Undefined Weak Reference
    __sigvec_lookup                           - Undefined Weak Reference
    __user_heap_extent                        - Undefined Weak Reference
    _atexit_init                              - Undefined Weak Reference
    _call_atexit_fns                          - Undefined Weak Reference
    _clock_init                               - Undefined Weak Reference
    _fp_trap_init                             - Undefined Weak Reference
    _fp_trap_shutdown                         - Undefined Weak Reference
    _get_lc_collate                           - Undefined Weak Reference
    _get_lc_monetary                          - Undefined Weak Reference
    _get_lc_time                              - Undefined Weak Reference
    _getenv_init                              - Undefined Weak Reference
    _handle_redirection                       - Undefined Weak Reference
    _mutex_acquire                            - Undefined Weak Reference
    _mutex_free                               - Undefined Weak Reference
    _mutex_release                            - Undefined Weak Reference
    _printf_mbtowc                            - Undefined Weak Reference
    _printf_wc                                - Undefined Weak Reference
    _rand_init                                - Undefined Weak Reference
    _signal_finish                            - Undefined Weak Reference
    _signal_init                              - Undefined Weak Reference
    __Vectors_End                            0x000000c0   Data           0  startup_mspm0g350x_uvision.o(RESET)
    __Vectors_Size                           0x000000c0   Number         0  startup_mspm0g350x_uvision.o ABSOLUTE
    __main                                   0x000000c1   Thumb Code     8  __main.o(!!!main)
    __scatterload                            0x000000c9   Thumb Code     0  __scatter.o(!!!scatter)
    __scatterload_rt2                        0x000000c9   Thumb Code    74  __scatter.o(!!!scatter)
    __scatterload_rt2_thumb_only             0x000000c9   Thumb Code     0  __scatter.o(!!!scatter)
    __scatterload_loop                       0x000000d3   Thumb Code     0  __scatter.o(!!!scatter)
    __scatterload_copy                       0x00000121   Thumb Code    26  __scatter_copy.o(!!handler_copy)
    __scatterload_null                       0x00000141   Thumb Code     2  __scatter.o(!!handler_null)
    __scatterload_zeroinit                   0x00000149   Thumb Code    28  __scatter_zi.o(!!handler_zi)
    _printf_percent                          0x00000165   Thumb Code     0  _printf_percent.o(.ARM.Collect$$_printf_percent$$00000000)
    _printf_s                                0x00000167   Thumb Code     0  _printf_s.o(.ARM.Collect$$_printf_percent$$00000014)
    _printf_percent_end                      0x00000171   Thumb Code     0  _printf_percent_end.o(.ARM.Collect$$_printf_percent$$00000017)
    __rt_lib_init                            0x00000175   Thumb Code     0  libinit.o(.ARM.Collect$$libinit$$00000000)
    __rt_lib_init_alloca_1                   0x00000177   Thumb Code     0  libinit2.o(.ARM.Collect$$libinit$$00000030)
    __rt_lib_init_argv_1                     0x00000177   Thumb Code     0  libinit2.o(.ARM.Collect$$libinit$$0000002E)
    __rt_lib_init_atexit_1                   0x00000177   Thumb Code     0  libinit2.o(.ARM.Collect$$libinit$$0000001D)
    __rt_lib_init_clock_1                    0x00000177   Thumb Code     0  libinit2.o(.ARM.Collect$$libinit$$00000023)
    __rt_lib_init_cpp_1                      0x00000177   Thumb Code     0  libinit2.o(.ARM.Collect$$libinit$$00000034)
    __rt_lib_init_exceptions_1               0x00000177   Thumb Code     0  libinit2.o(.ARM.Collect$$libinit$$00000032)
    __rt_lib_init_fp_1                       0x00000177   Thumb Code     0  libinit2.o(.ARM.Collect$$libinit$$00000002)
    __rt_lib_init_fp_trap_1                  0x00000177   Thumb Code     0  libinit2.o(.ARM.Collect$$libinit$$00000021)
    __rt_lib_init_getenv_1                   0x00000177   Thumb Code     0  libinit2.o(.ARM.Collect$$libinit$$00000025)
    __rt_lib_init_heap_1                     0x00000177   Thumb Code     0  libinit2.o(.ARM.Collect$$libinit$$0000000C)
    __rt_lib_init_lc_collate_1               0x00000177   Thumb Code     0  libinit2.o(.ARM.Collect$$libinit$$00000013)
    __rt_lib_init_lc_ctype_1                 0x00000177   Thumb Code     0  libinit2.o(.ARM.Collect$$libinit$$00000015)
    __rt_lib_init_lc_monetary_1              0x00000177   Thumb Code     0  libinit2.o(.ARM.Collect$$libinit$$00000017)
    __rt_lib_init_lc_numeric_1               0x00000177   Thumb Code     0  libinit2.o(.ARM.Collect$$libinit$$00000019)
    __rt_lib_init_lc_time_1                  0x00000177   Thumb Code     0  libinit2.o(.ARM.Collect$$libinit$$0000001B)
    __rt_lib_init_preinit_1                  0x00000177   Thumb Code     0  libinit2.o(.ARM.Collect$$libinit$$00000006)
    __rt_lib_init_rand_1                     0x00000177   Thumb Code     0  libinit2.o(.ARM.Collect$$libinit$$00000010)
    __rt_lib_init_relocate_pie_1             0x00000177   Thumb Code     0  libinit2.o(.ARM.Collect$$libinit$$00000004)
    __rt_lib_init_return                     0x00000177   Thumb Code     0  libinit2.o(.ARM.Collect$$libinit$$00000035)
    __rt_lib_init_signal_1                   0x00000177   Thumb Code     0  libinit2.o(.ARM.Collect$$libinit$$0000001F)
    __rt_lib_init_stdio_1                    0x00000177   Thumb Code     0  libinit2.o(.ARM.Collect$$libinit$$00000027)
    __rt_lib_init_user_alloc_1               0x00000177   Thumb Code     0  libinit2.o(.ARM.Collect$$libinit$$0000000E)
    __rt_lib_shutdown                        0x00000179   Thumb Code     0  libshutdown.o(.ARM.Collect$$libshutdown$$00000000)
    __rt_lib_shutdown_cpp_1                  0x0000017b   Thumb Code     0  libshutdown2.o(.ARM.Collect$$libshutdown$$00000002)
    __rt_lib_shutdown_fp_trap_1              0x0000017b   Thumb Code     0  libshutdown2.o(.ARM.Collect$$libshutdown$$00000007)
    __rt_lib_shutdown_heap_1                 0x0000017b   Thumb Code     0  libshutdown2.o(.ARM.Collect$$libshutdown$$0000000F)
    __rt_lib_shutdown_return                 0x0000017b   Thumb Code     0  libshutdown2.o(.ARM.Collect$$libshutdown$$00000010)
    __rt_lib_shutdown_signal_1               0x0000017b   Thumb Code     0  libshutdown2.o(.ARM.Collect$$libshutdown$$0000000A)
    __rt_lib_shutdown_stdio_1                0x0000017b   Thumb Code     0  libshutdown2.o(.ARM.Collect$$libshutdown$$00000004)
    __rt_lib_shutdown_user_alloc_1           0x0000017b   Thumb Code     0  libshutdown2.o(.ARM.Collect$$libshutdown$$0000000C)
    __rt_entry                               0x0000017d   Thumb Code     0  __rtentry.o(.ARM.Collect$$rtentry$$00000000)
    __rt_entry_presh_1                       0x0000017d   Thumb Code     0  __rtentry2.o(.ARM.Collect$$rtentry$$00000002)
    __rt_entry_sh                            0x0000017d   Thumb Code     0  __rtentry4.o(.ARM.Collect$$rtentry$$00000004)
    __rt_entry_li                            0x00000183   Thumb Code     0  __rtentry2.o(.ARM.Collect$$rtentry$$0000000A)
    __rt_entry_postsh_1                      0x00000183   Thumb Code     0  __rtentry2.o(.ARM.Collect$$rtentry$$00000009)
    __rt_entry_main                          0x00000187   Thumb Code     0  __rtentry2.o(.ARM.Collect$$rtentry$$0000000D)
    __rt_entry_postli_1                      0x00000187   Thumb Code     0  __rtentry2.o(.ARM.Collect$$rtentry$$0000000C)
    __rt_exit                                0x0000018f   Thumb Code     0  rtexit.o(.ARM.Collect$$rtexit$$00000000)
    __rt_exit_ls                             0x00000191   Thumb Code     0  rtexit2.o(.ARM.Collect$$rtexit$$00000003)
    __rt_exit_prels_1                        0x00000191   Thumb Code     0  rtexit2.o(.ARM.Collect$$rtexit$$00000002)
    __rt_exit_exit                           0x00000195   Thumb Code     0  rtexit2.o(.ARM.Collect$$rtexit$$00000004)
    __aeabi_memcpy4                          0x0000019d   Thumb Code    56  rt_memcpy.o(.emb_text)
    __aeabi_memcpy8                          0x0000019d   Thumb Code     0  rt_memcpy.o(.emb_text)
    Reset_Handler                            0x000001d5   Thumb Code     4  startup_mspm0g350x_uvision.o(.text)
    NMI_Handler                              0x000001d9   Thumb Code     2  startup_mspm0g350x_uvision.o(.text)
    HardFault_Handler                        0x000001db   Thumb Code     2  startup_mspm0g350x_uvision.o(.text)
    SVC_Handler                              0x000001dd   Thumb Code     2  startup_mspm0g350x_uvision.o(.text)
    PendSV_Handler                           0x000001df   Thumb Code     2  startup_mspm0g350x_uvision.o(.text)
    ADC0_IRQHandler                          0x000001e3   Thumb Code     0  startup_mspm0g350x_uvision.o(.text)
    ADC1_IRQHandler                          0x000001e3   Thumb Code     0  startup_mspm0g350x_uvision.o(.text)
    AES_IRQHandler                           0x000001e3   Thumb Code     0  startup_mspm0g350x_uvision.o(.text)
    CANFD0_IRQHandler                        0x000001e3   Thumb Code     0  startup_mspm0g350x_uvision.o(.text)
    DAC0_IRQHandler                          0x000001e3   Thumb Code     0  startup_mspm0g350x_uvision.o(.text)
    DMA_IRQHandler                           0x000001e3   Thumb Code     0  startup_mspm0g350x_uvision.o(.text)
    Default_Handler                          0x000001e3   Thumb Code     2  startup_mspm0g350x_uvision.o(.text)
    GROUP0_IRQHandler                        0x000001e3   Thumb Code     0  startup_mspm0g350x_uvision.o(.text)
    GROUP1_IRQHandler                        0x000001e3   Thumb Code     0  startup_mspm0g350x_uvision.o(.text)
    I2C0_IRQHandler                          0x000001e3   Thumb Code     0  startup_mspm0g350x_uvision.o(.text)
    I2C1_IRQHandler                          0x000001e3   Thumb Code     0  startup_mspm0g350x_uvision.o(.text)
    RTC_IRQHandler                           0x000001e3   Thumb Code     0  startup_mspm0g350x_uvision.o(.text)
    SPI0_IRQHandler                          0x000001e3   Thumb Code     0  startup_mspm0g350x_uvision.o(.text)
    SPI1_IRQHandler                          0x000001e3   Thumb Code     0  startup_mspm0g350x_uvision.o(.text)
    TIMA0_IRQHandler                         0x000001e3   Thumb Code     0  startup_mspm0g350x_uvision.o(.text)
    TIMA1_IRQHandler                         0x000001e3   Thumb Code     0  startup_mspm0g350x_uvision.o(.text)
    TIMG0_IRQHandler                         0x000001e3   Thumb Code     0  startup_mspm0g350x_uvision.o(.text)
    TIMG12_IRQHandler                        0x000001e3   Thumb Code     0  startup_mspm0g350x_uvision.o(.text)
    TIMG6_IRQHandler                         0x000001e3   Thumb Code     0  startup_mspm0g350x_uvision.o(.text)
    TIMG7_IRQHandler                         0x000001e3   Thumb Code     0  startup_mspm0g350x_uvision.o(.text)
    TIMG8_IRQHandler                         0x000001e3   Thumb Code     0  startup_mspm0g350x_uvision.o(.text)
    UART0_IRQHandler                         0x000001e3   Thumb Code     0  startup_mspm0g350x_uvision.o(.text)
    UART1_IRQHandler                         0x000001e3   Thumb Code     0  startup_mspm0g350x_uvision.o(.text)
    UART2_IRQHandler                         0x000001e3   Thumb Code     0  startup_mspm0g350x_uvision.o(.text)
    UART3_IRQHandler                         0x000001e3   Thumb Code     0  startup_mspm0g350x_uvision.o(.text)
    __user_initial_stackheap                 0x000001e5   Thumb Code    10  startup_mspm0g350x_uvision.o(.text)
    __aeabi_lmul                             0x00000201   Thumb Code    48  llmul.o(.text)
    _ll_mul                                  0x00000201   Thumb Code     0  llmul.o(.text)
    __aeabi_uldivmod                         0x00000231   Thumb Code   272  lludiv.o(.text)
    _ll_udiv                                 0x00000231   Thumb Code     0  lludiv.o(.text)
    _printf_str                              0x00000341   Thumb Code    82  _printf_str.o(.text)
    __aeabi_memcpy                           0x00000393   Thumb Code   130  rt_memcpy.o(.text)
    __rt_memcpy                              0x00000393   Thumb Code     0  rt_memcpy.o(.text)
    _memset_w                                0x00000415   Thumb Code    26  rt_memclr.o(.text)
    _memset                                  0x0000042f   Thumb Code    30  rt_memclr.o(.text)
    __aeabi_memclr                           0x0000044d   Thumb Code     4  rt_memclr.o(.text)
    __rt_memclr                              0x0000044d   Thumb Code     0  rt_memclr.o(.text)
    __aeabi_memclr4                          0x00000451   Thumb Code     0  rt_memclr.o(.text)
    __aeabi_memclr8                          0x00000451   Thumb Code     0  rt_memclr.o(.text)
    __rt_memclr_w                            0x00000451   Thumb Code     4  rt_memclr.o(.text)
    __aeabi_uidivmod                         0x00000455   Thumb Code    28  aeabi_sdivfast.o(.text)
    __aeabi_idivmod                          0x00000471   Thumb Code   472  aeabi_sdivfast.o(.text)
    __use_two_region_memory                  0x0000064d   Thumb Code     2  heapauxi.o(.text)
    __rt_heap_escrow                         0x0000064f   Thumb Code     2  heapauxi.o(.text)
    __rt_heap_expand                         0x00000651   Thumb Code     2  heapauxi.o(.text)
    __aeabi_d2f                              0x00000655   Thumb Code     0  d2f.o(.text)
    __truncdfsf2                             0x00000655   Thumb Code     0  d2f.o(.text)
    _d2f                                     0x00000655   Thumb Code   120  d2f.o(.text)
    __adddf3                                 0x000009c9   Thumb Code     0  daddsub.o(.text)
    __aeabi_dadd                             0x000009c9   Thumb Code     0  daddsub.o(.text)
    _dadd                                    0x000009c9   Thumb Code    26  daddsub.o(.text)
    __aeabi_dsub                             0x000009e3   Thumb Code     0  daddsub.o(.text)
    __subdf3                                 0x000009e3   Thumb Code     0  daddsub.o(.text)
    _dsub                                    0x000009e3   Thumb Code    22  daddsub.o(.text)
    __aeabi_drsub                            0x000009f9   Thumb Code     0  daddsub.o(.text)
    _drsb                                    0x000009f9   Thumb Code    28  daddsub.o(.text)
    __aeabi_ddiv                             0x00000a29   Thumb Code     0  ddiv.o(.text)
    __divdf3                                 0x00000a29   Thumb Code     0  ddiv.o(.text)
    _ddiv                                    0x00000a29   Thumb Code  1072  ddiv.o(.text)
    _drdiv                                   0x00000e59   Thumb Code    20  ddiv.o(.text)
    __aeabi_d2uiz                            0x00000e71   Thumb Code     0  dfixui.o(.text)
    _dfixu                                   0x00000e71   Thumb Code    68  dfixui.o(.text)
    __aeabi_i2d_normalise                    0x00000eb9   Thumb Code    66  dflti.o(.text)
    __aeabi_i2d                              0x00000efb   Thumb Code    16  dflti.o(.text)
    _dflt                                    0x00000efb   Thumb Code     0  dflti.o(.text)
    __aeabi_ui2d                             0x00000f0b   Thumb Code     6  dflti.o(.text)
    _dfltu                                   0x00000f0b   Thumb Code     0  dflti.o(.text)
    __aeabi_dmul                             0x00000f11   Thumb Code     0  dmul.o(.text)
    __muldf3                                 0x00000f11   Thumb Code     0  dmul.o(.text)
    _dmul                                    0x00000f11   Thumb Code   558  dmul.o(.text)
    __aeabi_f2d                              0x00001159   Thumb Code     0  f2d.o(.text)
    __extendsfdf2                            0x00001159   Thumb Code     0  f2d.o(.text)
    _f2d                                     0x00001159   Thumb Code    80  f2d.o(.text)
    __aeabi_fdiv                             0x000011ad   Thumb Code     0  fdiv.o(.text)
    __divsf3                                 0x000011ad   Thumb Code     0  fdiv.o(.text)
    _fdiv                                    0x000011ad   Thumb Code   334  fdiv.o(.text)
    _frdiv                                   0x000012fb   Thumb Code     8  fdiv.o(.text)
    __aeabi_i2f_normalise                    0x0000130d   Thumb Code    72  fflti.o(.text)
    __aeabi_i2f                              0x00001355   Thumb Code    16  fflti.o(.text)
    _fflt                                    0x00001355   Thumb Code     0  fflti.o(.text)
    __aeabi_ui2f                             0x00001365   Thumb Code     6  fflti.o(.text)
    _ffltu                                   0x00001365   Thumb Code     0  fflti.o(.text)
    _printf_cs_common                        0x0000136b   Thumb Code    22  _printf_char.o(.text)
    _printf_char                             0x00001381   Thumb Code    16  _printf_char.o(.text)
    _printf_string                           0x00001391   Thumb Code     8  _printf_char.o(.text)
    __fpl_dcmp_InfNaN                        0x00001399   Thumb Code   154  dcmpin.o(.text)
    __fpl_fcmp_InfNaN                        0x00001439   Thumb Code    96  fcmpin.o(.text)
    __user_libspace                          0x0000149d   Thumb Code     8  libspace.o(.text)
    __user_perproc_libspace                  0x0000149d   Thumb Code     0  libspace.o(.text)
    __user_perthread_libspace                0x0000149d   Thumb Code     0  libspace.o(.text)
    __user_setup_stackheap                   0x000014a5   Thumb Code    62  sys_stackheap_outer.o(.text)
    exit                                     0x000014e3   Thumb Code    16  exit.o(.text)
    __fpl_cmpreturn                          0x000014f3   Thumb Code    46  cmpret.o(.text)
    __fpl_dcheck_NaN2                        0x00001521   Thumb Code    14  dnan2.o(.text)
    __fpl_fcheck_NaN2                        0x00001535   Thumb Code    10  fnan2.o(.text)
    __fpl_return_NaN                         0x00001545   Thumb Code    94  retnan.o(.text)
    AD9280_AbortCapture                      0x000015a5   Thumb Code    60  ad9280.o(.text.AD9280_AbortCapture)
    AD9280_AppCapture                        0x000015e1   Thumb Code    28  ad9280_app.o(.text.AD9280_AppCapture)
    AD9280_AppGetData                        0x0000166d   Thumb Code     4  ad9280_app.o(.text.AD9280_AppGetData)
    AD9280_AppGetSamples                     0x00001671   Thumb Code     4  ad9280_app.o(.text.AD9280_AppGetSamples)
    AD9280_AppInit                           0x00001679   Thumb Code    60  ad9280_app.o(.text.AD9280_AppInit)
    AD9280_GetCaptureInfo                    0x000016d1   Thumb Code   436  ad9280.o(.text.AD9280_GetCaptureInfo)
    AD9280_GetData                           0x00001891   Thumb Code     4  ad9280.o(.text.AD9280_GetData)
    AD9280_Init                              0x00001899   Thumb Code   296  ad9280.o(.text.AD9280_Init)
    AD9280_ReadCapture                       0x000019d9   Thumb Code   352  ad9280.o(.text.AD9280_ReadCapture)
    AD9280_StartCapture                      0x00001b45   Thumb Code   324  ad9280.o(.text.AD9280_StartCapture)
    AD9280_WaitCapture                       0x00002ea5   Thumb Code   100  ad9280.o(.text.AD9280_WaitCapture)
    AD9708_AppGetData                        0x00002f81   Thumb Code     8  ad9708_app.o(.text.AD9708_AppGetData)
    AD9708_AppInit                           0x00002f89   Thumb Code    12  ad9708_app.o(.text.AD9708_AppInit)
    AD9708_AppOutputCalibrationCode          0x00002f99   Thumb Code     8  ad9708_app.o(.text.AD9708_AppOutputCalibrationCode)
    AD9708_AppOutputSineCode                 0x00002fa1   Thumb Code    32  ad9708_app.o(.text.AD9708_AppOutputSineCode)
    AD9708_AppStop                           0x00002fc5   Thumb Code    20  ad9708_app.o(.text.AD9708_AppStop)
    AD9708_GetData                           0x00002fd9   Thumb Code     4  ad9708.o(.text.AD9708_GetData)
    AD9708_Init                              0x00002fdd   Thumb Code   236  ad9708.o(.text.AD9708_Init)
    AD9708_InternalOutputArbitraryCode       0x000030e1   Thumb Code   204  ad9708.o(.text.AD9708_InternalOutputArbitraryCode)
    AD9708_LoadWave                          0x00003455   Thumb Code   412  ad9708.o(.text.AD9708_LoadWave)
    AD9708_OutputConstant                    0x00003609   Thumb Code   368  ad9708.o(.text.AD9708_OutputConstant)
    AD9708_PollStatus                        0x00003781   Thumb Code   204  ad9708.o(.text.AD9708_PollStatus)
    AD9708_Reset                             0x00003859   Thumb Code   680  ad9708.o(.text.AD9708_Reset)
    AD9708_SetEnable                         0x00003b15   Thumb Code   148  ad9708.o(.text.AD9708_SetEnable)
    AD9708_SetFrequencyWord                  0x00003bb1   Thumb Code   156  ad9708.o(.text.AD9708_SetFrequencyWord)
    AD9708_SetLevelFine                      0x00003c59   Thumb Code   148  ad9708.o(.text.AD9708_SetLevelFine)
    AD9708_SetPhaseOffsetWord                0x00003cf1   Thumb Code   132  ad9708.o(.text.AD9708_SetPhaseOffsetWord)
    AD9708_StopSweep                         0x00003d7d   Thumb Code   328  ad9708.o(.text.AD9708_StopSweep)
    AD9708_WaitReady                         0x00004521   Thumb Code    80  ad9708.o(.text.AD9708_WaitReady)
    Command_Write                            0x000045d1   Thumb Code    96  serial_buffer.o(.text.Command_Write)
    DL_ADC12_setClockConfig                  0x0000463d   Thumb Code    64  dl_adc12.o(.text.DL_ADC12_setClockConfig)
    DL_Common_delayCycles                    0x0000467d   Thumb Code    10  dl_common.o(.text.DL_Common_delayCycles)
    DL_SPI_drainRXFIFO8                      0x00004689   Thumb Code    40  dl_spi.o(.text.DL_SPI_drainRXFIFO8)
    DL_SPI_init                              0x000046b1   Thumb Code    68  dl_spi.o(.text.DL_SPI_init)
    DL_SPI_setClockConfig                    0x000046f5   Thumb Code    18  dl_spi.o(.text.DL_SPI_setClockConfig)
    DL_UART_configBaudRate                   0x00004709   Thumb Code   140  dl_uart.o(.text.DL_UART_configBaudRate)
    DL_UART_init                             0x00004795   Thumb Code    72  dl_uart.o(.text.DL_UART_init)
    DL_UART_receiveDataCheck                 0x000047dd   Thumb Code    24  dl_uart.o(.text.DL_UART_receiveDataCheck)
    DL_UART_setClockConfig                   0x000047f5   Thumb Code    18  dl_uart.o(.text.DL_UART_setClockConfig)
    DL_UART_transmitDataBlocking             0x00004809   Thumb Code    24  dl_uart.o(.text.DL_UART_transmitDataBlocking)
    FPGA_Link_Begin                          0x00004821   Thumb Code    76  fpga_link_ti.o(.text.FPGA_Link_Begin)
    FPGA_Link_End                            0x0000486d   Thumb Code    36  fpga_link_ti.o(.text.FPGA_Link_End)
    FPGA_Link_GetDefaultConfig               0x00004891   Thumb Code    24  fpga_link_ti.o(.text.FPGA_Link_GetDefaultConfig)
    FPGA_Link_Init                           0x000048ad   Thumb Code    92  fpga_link_ti.o(.text.FPGA_Link_Init)
    FPGA_Link_ReadReg                        0x0000490d   Thumb Code   482  fpga_link_ti.o(.text.FPGA_Link_ReadReg)
    FPGA_Link_WriteReg                       0x00004e29   Thumb Code    20  fpga_link_ti.o(.text.FPGA_Link_WriteReg)
    FPGA_ProMax_Init                         0x0000507d   Thumb Code    92  fpga_promax_link_ti.o(.text.FPGA_ProMax_Init)
    FpgaPromax_ClearState                    0x000050f1   Thumb Code    70  fpga_promax.o(.text.FpgaPromax_ClearState)
    FpgaPromax_Crc8                          0x00005137   Thumb Code   308  fpga_promax.o(.text.FpgaPromax_Crc8)
    FpgaPromax_GetStatus                     0x0000526b   Thumb Code    30  fpga_promax.o(.text.FpgaPromax_GetStatus)
    FpgaPromax_HasRealtime                   0x00005289   Thumb Code    18  fpga_promax.o(.text.FpgaPromax_HasRealtime)
    FpgaPromax_Init                          0x0000529d   Thumb Code   132  fpga_promax.o(.text.FpgaPromax_Init)
    FpgaPromax_LoadMatchedTemplate           0x00005329   Thumb Code   232  fpga_promax.o(.text.FpgaPromax_LoadMatchedTemplate)
    FpgaPromax_ReadAllResults                0x0000541d   Thumb Code   616  fpga_promax.o(.text.FpgaPromax_ReadAllResults)
    FpgaPromax_ResultString                  0x00005689   Thumb Code    20  fpga_promax.o(.text.FpgaPromax_ResultString)
    FpgaPromax_SetDdcFrequency               0x000056d9   Thumb Code   106  fpga_promax.o(.text.FpgaPromax_SetDdcFrequency)
    FpgaPromax_SetRun                        0x00005743   Thumb Code    46  fpga_promax.o(.text.FpgaPromax_SetRun)
    FpgaPromax_SetTimebase                   0x00005771   Thumb Code    10  fpga_promax.o(.text.FpgaPromax_SetTimebase)
    FpgaPromax_WaitResults                   0x000059a5   Thumb Code   154  fpga_promax.o(.text.FpgaPromax_WaitResults)
    HAL_Delay                                0x00005a41   Thumb Code    48  nuedc_hal_compat.o(.text.HAL_Delay)
    HAL_GPIO_WritePin                        0x00005a71   Thumb Code    96  nuedc_hal_compat.o(.text.HAL_GPIO_WritePin)
    HAL_GetTick                              0x00005ad9   Thumb Code     8  nuedc_hal_compat.o(.text.HAL_GetTick)
    HAL_UART_Receive_IT                      0x00005ae1   Thumb Code    32  nuedc_hal_compat.o(.text.HAL_UART_Receive_IT)
    HAL_UART_RxCpltCallback                  0x00005b01   Thumb Code    36  screen_test.o(.text.HAL_UART_RxCpltCallback)
    NUEDC_HAL_Init                           0x00005b31   Thumb Code    44  nuedc_hal_compat.o(.text.NUEDC_HAL_Init)
    NUEDC_HAL_Service                        0x00005b65   Thumb Code   132  nuedc_hal_compat.o(.text.NUEDC_HAL_Service)
    SYSCFG_DL_ADC12_0_init                   0x00006099   Thumb Code    68  ti_msp_dl_config.o(.text.SYSCFG_DL_ADC12_0_init)
    SYSCFG_DL_FPGA_SPI_init                  0x000060f5   Thumb Code    52  ti_msp_dl_config.o(.text.SYSCFG_DL_FPGA_SPI_init)
    SYSCFG_DL_GPIO_init                      0x0000613d   Thumb Code   112  ti_msp_dl_config.o(.text.SYSCFG_DL_GPIO_init)
    SYSCFG_DL_SYSCTL_init                    0x000061cd   Thumb Code    40  ti_msp_dl_config.o(.text.SYSCFG_DL_SYSCTL_init)
    SYSCFG_DL_UART_0_init                    0x000061fd   Thumb Code    88  ti_msp_dl_config.o(.text.SYSCFG_DL_UART_0_init)
    SYSCFG_DL_init                           0x0000626d   Thumb Code    28  ti_msp_dl_config.o(.text.SYSCFG_DL_init)
    SYSCFG_DL_initPower                      0x00006289   Thumb Code    44  ti_msp_dl_config.o(.text.SYSCFG_DL_initPower)
    SysTick_Handler                          0x000062d1   Thumb Code    24  nuedc_hal_compat.o(.text.SysTick_Handler)
    _sys_exit                                0x000063a1   Thumb Code     4  nuedc_retarget.o(.text._sys_exit)
    main                                     0x000063a5   Thumb Code  7648  main.o(.text.main)
    __aeabi_uidiv                            0x000081c1   Thumb Code    68  aeabi_sdivfast.o(.text_divfast)
    __aeabi_idiv                             0x00008205   Thumb Code   434  aeabi_sdivfast.o(.text_divfast)
    __aeabi_dcmpge                           0x000083b7   Thumb Code     0  dcmp.o(i._dgeq)
    _dgeq                                    0x000083b7   Thumb Code    22  dcmp.o(i._dgeq)
    __aeabi_dcmplt                           0x000083cd   Thumb Code     0  dcmp.o(i._dls)
    _dls                                     0x000083cd   Thumb Code    22  dcmp.o(i._dls)
    __aeabi_fcmpgt                           0x000083e3   Thumb Code     0  fcmp.o(i._fgr)
    _fgr                                     0x000083e3   Thumb Code    22  fcmp.o(i._fgr)
    __aeabi_fcmple                           0x000083f9   Thumb Code     0  fcmp.o(i._fleq)
    _fleq                                    0x000083f9   Thumb Code    26  fcmp.o(i._fleq)
    _dcmpge                                  0x00008415   Thumb Code    94  dgef.o(x$fpl$dgeqf)
    __aeabi_cdcmple                          0x00008479   Thumb Code     0  dlef.o(x$fpl$dleqf)
    _dcmple                                  0x00008479   Thumb Code    94  dlef.o(x$fpl$dleqf)
    _fcmpge                                  0x000084dd   Thumb Code    78  fgef.o(x$fpl$fgeqf)
    __aeabi_cfcmple                          0x00008531   Thumb Code     0  flef.o(x$fpl$fleqf)
    _fcmple                                  0x00008531   Thumb Code    78  flef.o(x$fpl$fleqf)
    __I$use$fp                               0x00008584   Number         0  usenofp.o(x$fpl$usenofp)
    Region$$Table$$Base                      0x00008a78   Number         0  anon$$obj.o(Region$$Table)
    Region$$Table$$Limit                     0x00008a98   Number         0  anon$$obj.o(Region$$Table)
    NUEDC_STM32_GPIOA                        0x20200000   Data           8  nuedc_hal_compat.o(.data.NUEDC_STM32_GPIOA)
    hspi1                                    0x20200008   Data          36  nuedc_hal_compat.o(.data.hspi1)
    huart2                                   0x2020002c   Data           4  nuedc_hal_compat.o(.data.huart2)
    __libspace_start                         0x20200030   Data          96  libspace.o(.bss)
    NUEDC_DWT                                0x20200090   Data           8  nuedc_hal_compat.o(.bss.NUEDC_DWT)
    __temporary_stack_top$libspace           0x20200090   Data           0  libspace.o(.bss)
    buffer                                   0x20200098   Data         128  serial_buffer.o(.bss.buffer)
    readIndex                                0x20200118   Data           1  serial_buffer.o(.bss.readIndex)
    writeIndex                               0x202012e8   Data           1  serial_buffer.o(.bss.writeIndex)



==============================================================================

Memory Map of the image

  Image Entry point : 0x000000c1

  Load Region LR_IROM1 (Base: 0x00000000, Size: 0x00008ac8, Max: 0x00020000, ABSOLUTE)

    Execution Region ER_IROM1 (Exec base: 0x00000000, Load base: 0x00000000, Size: 0x00008a98, Max: 0x00020000, ABSOLUTE)

    Exec Addr    Load Addr    Size         Type   Attr      Idx    E Section Name        Object

    0x00000000   0x00000000   0x000000c0   Data   RO         1378    RESET               startup_mspm0g350x_uvision.o
    0x000000c0   0x000000c0   0x00000008   Code   RO         1569  * !!!main             c_p.l(__main.o)
    0x000000c8   0x000000c8   0x00000054   Code   RO         2233    !!!scatter          c_p.l(__scatter.o)
    0x0000011c   0x0000011c   0x00000004   PAD
    0x00000120   0x00000120   0x0000001a   Code   RO         2237    !!handler_copy      c_p.l(__scatter_copy.o)
    0x0000013a   0x0000013a   0x00000006   PAD
    0x00000140   0x00000140   0x00000002   Code   RO         2234    !!handler_null      c_p.l(__scatter.o)
    0x00000142   0x00000142   0x00000006   PAD
    0x00000148   0x00000148   0x0000001c   Code   RO         2239    !!handler_zi        c_p.l(__scatter_zi.o)
    0x00000164   0x00000164   0x00000002   Code   RO         1546    .ARM.Collect$$_printf_percent$$00000000  c_p.l(_printf_percent.o)
    0x00000166   0x00000166   0x0000000a   Code   RO         1542    .ARM.Collect$$_printf_percent$$00000014  c_p.l(_printf_s.o)
    0x00000170   0x00000170   0x00000004   Code   RO         1766    .ARM.Collect$$_printf_percent$$00000017  c_p.l(_printf_percent_end.o)
    0x00000174   0x00000174   0x00000002   Code   RO         2039    .ARM.Collect$$libinit$$00000000  c_p.l(libinit.o)
    0x00000176   0x00000176   0x00000000   Code   RO         2041    .ARM.Collect$$libinit$$00000002  c_p.l(libinit2.o)
    0x00000176   0x00000176   0x00000000   Code   RO         2043    .ARM.Collect$$libinit$$00000004  c_p.l(libinit2.o)
    0x00000176   0x00000176   0x00000000   Code   RO         2045    .ARM.Collect$$libinit$$00000006  c_p.l(libinit2.o)
    0x00000176   0x00000176   0x00000000   Code   RO         2048    .ARM.Collect$$libinit$$0000000C  c_p.l(libinit2.o)
    0x00000176   0x00000176   0x00000000   Code   RO         2050    .ARM.Collect$$libinit$$0000000E  c_p.l(libinit2.o)
    0x00000176   0x00000176   0x00000000   Code   RO         2052    .ARM.Collect$$libinit$$00000010  c_p.l(libinit2.o)
    0x00000176   0x00000176   0x00000000   Code   RO         2055    .ARM.Collect$$libinit$$00000013  c_p.l(libinit2.o)
    0x00000176   0x00000176   0x00000000   Code   RO         2057    .ARM.Collect$$libinit$$00000015  c_p.l(libinit2.o)
    0x00000176   0x00000176   0x00000000   Code   RO         2059    .ARM.Collect$$libinit$$00000017  c_p.l(libinit2.o)
    0x00000176   0x00000176   0x00000000   Code   RO         2061    .ARM.Collect$$libinit$$00000019  c_p.l(libinit2.o)
    0x00000176   0x00000176   0x00000000   Code   RO         2063    .ARM.Collect$$libinit$$0000001B  c_p.l(libinit2.o)
    0x00000176   0x00000176   0x00000000   Code   RO         2065    .ARM.Collect$$libinit$$0000001D  c_p.l(libinit2.o)
    0x00000176   0x00000176   0x00000000   Code   RO         2067    .ARM.Collect$$libinit$$0000001F  c_p.l(libinit2.o)
    0x00000176   0x00000176   0x00000000   Code   RO         2069    .ARM.Collect$$libinit$$00000021  c_p.l(libinit2.o)
    0x00000176   0x00000176   0x00000000   Code   RO         2071    .ARM.Collect$$libinit$$00000023  c_p.l(libinit2.o)
    0x00000176   0x00000176   0x00000000   Code   RO         2073    .ARM.Collect$$libinit$$00000025  c_p.l(libinit2.o)
    0x00000176   0x00000176   0x00000000   Code   RO         2075    .ARM.Collect$$libinit$$00000027  c_p.l(libinit2.o)
    0x00000176   0x00000176   0x00000000   Code   RO         2079    .ARM.Collect$$libinit$$0000002E  c_p.l(libinit2.o)
    0x00000176   0x00000176   0x00000000   Code   RO         2081    .ARM.Collect$$libinit$$00000030  c_p.l(libinit2.o)
    0x00000176   0x00000176   0x00000000   Code   RO         2083    .ARM.Collect$$libinit$$00000032  c_p.l(libinit2.o)
    0x00000176   0x00000176   0x00000000   Code   RO         2085    .ARM.Collect$$libinit$$00000034  c_p.l(libinit2.o)
    0x00000176   0x00000176   0x00000002   Code   RO         2086    .ARM.Collect$$libinit$$00000035  c_p.l(libinit2.o)
    0x00000178   0x00000178   0x00000002   Code   RO         2215    .ARM.Collect$$libshutdown$$00000000  c_p.l(libshutdown.o)
    0x0000017a   0x0000017a   0x00000000   Code   RO         2088    .ARM.Collect$$libshutdown$$00000002  c_p.l(libshutdown2.o)
    0x0000017a   0x0000017a   0x00000000   Code   RO         2090    .ARM.Collect$$libshutdown$$00000004  c_p.l(libshutdown2.o)
    0x0000017a   0x0000017a   0x00000000   Code   RO         2093    .ARM.Collect$$libshutdown$$00000007  c_p.l(libshutdown2.o)
    0x0000017a   0x0000017a   0x00000000   Code   RO         2096    .ARM.Collect$$libshutdown$$0000000A  c_p.l(libshutdown2.o)
    0x0000017a   0x0000017a   0x00000000   Code   RO         2098    .ARM.Collect$$libshutdown$$0000000C  c_p.l(libshutdown2.o)
    0x0000017a   0x0000017a   0x00000000   Code   RO         2101    .ARM.Collect$$libshutdown$$0000000F  c_p.l(libshutdown2.o)
    0x0000017a   0x0000017a   0x00000002   Code   RO         2102    .ARM.Collect$$libshutdown$$00000010  c_p.l(libshutdown2.o)
    0x0000017c   0x0000017c   0x00000000   Code   RO         1694    .ARM.Collect$$rtentry$$00000000  c_p.l(__rtentry.o)
    0x0000017c   0x0000017c   0x00000000   Code   RO         1862    .ARM.Collect$$rtentry$$00000002  c_p.l(__rtentry2.o)
    0x0000017c   0x0000017c   0x00000006   Code   RO         1874    .ARM.Collect$$rtentry$$00000004  c_p.l(__rtentry4.o)
    0x00000182   0x00000182   0x00000000   Code   RO         1864    .ARM.Collect$$rtentry$$00000009  c_p.l(__rtentry2.o)
    0x00000182   0x00000182   0x00000004   Code   RO         1865    .ARM.Collect$$rtentry$$0000000A  c_p.l(__rtentry2.o)
    0x00000186   0x00000186   0x00000000   Code   RO         1867    .ARM.Collect$$rtentry$$0000000C  c_p.l(__rtentry2.o)
    0x00000186   0x00000186   0x00000008   Code   RO         1868    .ARM.Collect$$rtentry$$0000000D  c_p.l(__rtentry2.o)
    0x0000018e   0x0000018e   0x00000002   Code   RO         2114    .ARM.Collect$$rtexit$$00000000  c_p.l(rtexit.o)
    0x00000190   0x00000190   0x00000000   Code   RO         2172    .ARM.Collect$$rtexit$$00000002  c_p.l(rtexit2.o)
    0x00000190   0x00000190   0x00000004   Code   RO         2173    .ARM.Collect$$rtexit$$00000003  c_p.l(rtexit2.o)
    0x00000194   0x00000194   0x00000006   Code   RO         2174    .ARM.Collect$$rtexit$$00000004  c_p.l(rtexit2.o)
    0x0000019a   0x0000019a   0x00000002   PAD
    0x0000019c   0x0000019c   0x00000038   Code   RO         1551    .emb_text           c_p.l(rt_memcpy.o)
    0x000001d4   0x000001d4   0x0000002c   Code   RO         1379    .text               startup_mspm0g350x_uvision.o
    0x00000200   0x00000200   0x00000030   Code   RO         1502    .text               c_p.l(llmul.o)
    0x00000230   0x00000230   0x00000110   Code   RO         1504    .text               c_p.l(lludiv.o)
    0x00000340   0x00000340   0x00000052   Code   RO         1518    .text               c_p.l(_printf_str.o)
    0x00000392   0x00000392   0x00000082   Code   RO         1552    .text               c_p.l(rt_memcpy.o)
    0x00000414   0x00000414   0x00000040   Code   RO         1557    .text               c_p.l(rt_memclr.o)
    0x00000454   0x00000454   0x000001f8   Code   RO         1559    .text               c_p.l(aeabi_sdivfast.o)
    0x0000064c   0x0000064c   0x00000006   Code   RO         1567    .text               c_p.l(heapauxi.o)
    0x00000652   0x00000652   0x00000002   PAD
    0x00000654   0x00000654   0x0000007c   Code   RO         1571    .text               fz_ps.l(d2f.o)
    0x000006d0   0x000006d0   0x00000358   Code   RO         1573    .text               fz_ps.l(daddsub.o)
    0x00000a28   0x00000a28   0x00000448   Code   RO         1599    .text               fz_ps.l(ddiv.o)
    0x00000e70   0x00000e70   0x00000048   Code   RO         1604    .text               fz_ps.l(dfixui.o)
    0x00000eb8   0x00000eb8   0x00000058   Code   RO         1606    .text               fz_ps.l(dflti.o)
    0x00000f10   0x00000f10   0x00000248   Code   RO         1608    .text               fz_ps.l(dmul.o)
    0x00001158   0x00001158   0x00000054   Code   RO         1610    .text               fz_ps.l(f2d.o)
    0x000011ac   0x000011ac   0x00000160   Code   RO         1642    .text               fz_ps.l(fdiv.o)
    0x0000130c   0x0000130c   0x0000005e   Code   RO         1649    .text               fz_ps.l(fflti.o)
    0x0000136a   0x0000136a   0x0000002e   Code   RO         1721    .text               c_p.l(_printf_char.o)
    0x00001398   0x00001398   0x000000a0   Code   RO         1924    .text               fz_ps.l(dcmpin.o)
    0x00001438   0x00001438   0x00000064   Code   RO         1928    .text               fz_ps.l(fcmpin.o)
    0x0000149c   0x0000149c   0x00000008   Code   RO         1937    .text               c_p.l(libspace.o)
    0x000014a4   0x000014a4   0x0000003e   Code   RO         1942    .text               c_p.l(sys_stackheap_outer.o)
    0x000014e2   0x000014e2   0x00000010   Code   RO         2022    .text               c_p.l(exit.o)
    0x000014f2   0x000014f2   0x0000002e   Code   RO         2103    .text               fz_ps.l(cmpret.o)
    0x00001520   0x00001520   0x00000014   Code   RO         2105    .text               fz_ps.l(dnan2.o)
    0x00001534   0x00001534   0x00000010   Code   RO         2107    .text               fz_ps.l(fnan2.o)
    0x00001544   0x00001544   0x0000005e   Code   RO         2162    .text               fz_ps.l(retnan.o)
    0x000015a2   0x000015a2   0x00000002   PAD
    0x000015a4   0x000015a4   0x0000003c   Code   RO         1235    .text.AD9280_AbortCapture  ad9280.o
    0x000015e0   0x000015e0   0x0000001c   Code   RO         1254    .text.AD9280_AppCapture  ad9280_app.o
    0x000015fc   0x000015fc   0x00000070   Code   RO         1256    .text.AD9280_AppCaptureInternal  ad9280_app.o
    0x0000166c   0x0000166c   0x00000004   Code   RO         1266    .text.AD9280_AppGetData  ad9280_app.o
    0x00001670   0x00001670   0x00000008   Code   RO         1262    .text.AD9280_AppGetSamples  ad9280_app.o
    0x00001678   0x00001678   0x00000058   Code   RO         1250    .text.AD9280_AppInit  ad9280_app.o
    0x000016d0   0x000016d0   0x000001c0   Code   RO         1227    .text.AD9280_GetCaptureInfo  ad9280.o
    0x00001890   0x00001890   0x00000008   Code   RO         1237    .text.AD9280_GetData  ad9280.o
    0x00001898   0x00001898   0x00000140   Code   RO         1223    .text.AD9280_Init   ad9280.o
    0x000019d8   0x000019d8   0x0000016c   Code   RO         1233    .text.AD9280_ReadCapture  ad9280.o
    0x00001b44   0x00001b44   0x00000160   Code   RO         1225    .text.AD9280_StartCapture  ad9280.o
    0x00001ca4   0x00001ca4   0x00000d9c   Code   RO            8    .text.AD9280_TestCapture  main.o
    0x00002a40   0x00002a40   0x00000464   Code   RO           12    .text.AD9280_TestInitAndReport  main.o
    0x00002ea4   0x00002ea4   0x00000068   Code   RO         1231    .text.AD9280_WaitCapture  ad9280.o
    0x00002f0c   0x00002f0c   0x00000074   Code   RO         1229    .text.AD9280_WriteVerify  ad9280.o
    0x00002f80   0x00002f80   0x00000008   Code   RO         1210    .text.AD9708_AppGetData  ad9708_app.o
    0x00002f88   0x00002f88   0x00000010   Code   RO         1156    .text.AD9708_AppInit  ad9708_app.o
    0x00002f98   0x00002f98   0x00000008   Code   RO         1168    .text.AD9708_AppOutputCalibrationCode  ad9708_app.o
    0x00002fa0   0x00002fa0   0x00000024   Code   RO         1170    .text.AD9708_AppOutputSineCode  ad9708_app.o
    0x00002fc4   0x00002fc4   0x00000014   Code   RO         1208    .text.AD9708_AppStop  ad9708_app.o
    0x00002fd8   0x00002fd8   0x00000004   Code   RO         1125    .text.AD9708_GetData  ad9708.o
    0x00002fdc   0x00002fdc   0x00000104   Code   RO         1077    .text.AD9708_Init   ad9708.o
    0x000030e0   0x000030e0   0x000000d0   Code   RO         1137    .text.AD9708_InternalOutputArbitraryCode  ad9708.o
    0x000031b0   0x000031b0   0x000002a4   Code   RO         1139    .text.AD9708_InternalStartMode  ad9708.o
    0x00003454   0x00003454   0x000001b4   Code   RO         1111    .text.AD9708_LoadWave  ad9708.o
    0x00003608   0x00003608   0x00000178   Code   RO         1107    .text.AD9708_OutputConstant  ad9708.o
    0x00003780   0x00003780   0x000000d8   Code   RO         1085    .text.AD9708_PollStatus  ad9708.o
    0x00003858   0x00003858   0x000002bc   Code   RO         1081    .text.AD9708_Reset  ad9708.o
    0x00003b14   0x00003b14   0x0000009c   Code   RO         1087    .text.AD9708_SetEnable  ad9708.o
    0x00003bb0   0x00003bb0   0x000000a8   Code   RO         1095    .text.AD9708_SetFrequencyWord  ad9708.o
    0x00003c58   0x00003c58   0x00000098   Code   RO         1105    .text.AD9708_SetLevelFine  ad9708.o
    0x00003cf0   0x00003cf0   0x0000008c   Code   RO         1101    .text.AD9708_SetPhaseOffsetWord  ad9708.o
    0x00003d7c   0x00003d7c   0x00000158   Code   RO         1109    .text.AD9708_StopSweep  ad9708.o
    0x00003ed4   0x00003ed4   0x00000228   Code   RO            4    .text.AD9708_TestConstant  main.o
    0x000040fc   0x000040fc   0x00000368   Code   RO           10    .text.AD9708_TestInitAndReport  main.o
    0x00004464   0x00004464   0x000000bc   Code   RO            6    .text.AD9708_TestSine  main.o
    0x00004520   0x00004520   0x00000058   Code   RO         1079    .text.AD9708_WaitReady  ad9708.o
    0x00004578   0x00004578   0x00000058   Code   RO         1083    .text.AD9708_WriteVerify  ad9708.o
    0x000045d0   0x000045d0   0x0000006c   Code   RO          289    .text.Command_Write  serial_buffer.o
    0x0000463c   0x0000463c   0x00000040   Code   RO         1386    .text.DL_ADC12_setClockConfig  driverlib.a(dl_adc12.o)
    0x0000467c   0x0000467c   0x0000000a   Code   RO         1398    .text.DL_Common_delayCycles  driverlib.a(dl_common.o)
    0x00004686   0x00004686   0x00000002   PAD
    0x00004688   0x00004688   0x00000028   Code   RO         1437    .text.DL_SPI_drainRXFIFO8  driverlib.a(dl_spi.o)
    0x000046b0   0x000046b0   0x00000044   Code   RO         1407    .text.DL_SPI_init   driverlib.a(dl_spi.o)
    0x000046f4   0x000046f4   0x00000012   Code   RO         1409    .text.DL_SPI_setClockConfig  driverlib.a(dl_spi.o)
    0x00004706   0x00004706   0x00000002   PAD
    0x00004708   0x00004708   0x0000008c   Code   RO         1467    .text.DL_UART_configBaudRate  driverlib.a(dl_uart.o)
    0x00004794   0x00004794   0x00000048   Code   RO         1461    .text.DL_UART_init  driverlib.a(dl_uart.o)
    0x000047dc   0x000047dc   0x00000018   Code   RO         1477    .text.DL_UART_receiveDataCheck  driverlib.a(dl_uart.o)
    0x000047f4   0x000047f4   0x00000012   Code   RO         1463    .text.DL_UART_setClockConfig  driverlib.a(dl_uart.o)
    0x00004806   0x00004806   0x00000002   PAD
    0x00004808   0x00004808   0x00000018   Code   RO         1475    .text.DL_UART_transmitDataBlocking  driverlib.a(dl_uart.o)
    0x00004820   0x00004820   0x0000004c   Code   RO          170    .text.FPGA_Link_Begin  fpga_link_ti.o
    0x0000486c   0x0000486c   0x00000024   Code   RO          172    .text.FPGA_Link_End  fpga_link_ti.o
    0x00004890   0x00004890   0x0000001c   Code   RO          166    .text.FPGA_Link_GetDefaultConfig  fpga_link_ti.o
    0x000048ac   0x000048ac   0x00000060   Code   RO          168    .text.FPGA_Link_Init  fpga_link_ti.o
    0x0000490c   0x0000490c   0x000001e2   Code   RO          178    .text.FPGA_Link_ReadReg  fpga_link_ti.o
    0x00004aee   0x00004aee   0x00000002   PAD
    0x00004af0   0x00004af0   0x00000338   Code   RO          176    .text.FPGA_Link_Transfer  fpga_link_ti.o
    0x00004e28   0x00004e28   0x00000014   Code   RO          174    .text.FPGA_Link_WriteReg  fpga_link_ti.o
    0x00004e3c   0x00004e3c   0x0000000a   Code   RO          194    .text.FPGA_ProMaxTiDelayMs  fpga_promax_link_ti.o
    0x00004e46   0x00004e46   0x00000008   Code   RO          192    .text.FPGA_ProMaxTiTimeMs  fpga_promax_link_ti.o
    0x00004e4e   0x00004e4e   0x00000002   PAD
    0x00004e50   0x00004e50   0x000001f0   Code   RO          190    .text.FPGA_ProMaxTiTransport  fpga_promax_link_ti.o
    0x00005040   0x00005040   0x0000003c   Code   RO          196    .text.FPGA_ProMaxVerifyWrite  fpga_promax_link_ti.o
    0x0000507c   0x0000507c   0x00000074   Code   RO          188    .text.FPGA_ProMax_Init  fpga_promax_link_ti.o
    0x000050f0   0x000050f0   0x00000046   Code   RO         1299    .text.FpgaPromax_ClearState  fpga_promax.o
    0x00005136   0x00005136   0x00000134   Code   RO         1281    .text.FpgaPromax_Crc8  fpga_promax.o
    0x0000526a   0x0000526a   0x0000001e   Code   RO         1301    .text.FpgaPromax_GetStatus  fpga_promax.o
    0x00005288   0x00005288   0x00000012   Code   RO         1297    .text.FpgaPromax_HasRealtime  fpga_promax.o
    0x0000529a   0x0000529a   0x00000002   PAD
    0x0000529c   0x0000529c   0x0000008c   Code   RO         1285    .text.FpgaPromax_Init  fpga_promax.o
    0x00005328   0x00005328   0x000000f4   Code   RO         1315    .text.FpgaPromax_LoadMatchedTemplate  fpga_promax.o
    0x0000541c   0x0000541c   0x0000026c   Code   RO         1323    .text.FpgaPromax_ReadAllResults  fpga_promax.o
    0x00005688   0x00005688   0x00000050   Code   RO         1333    .text.FpgaPromax_ResultString  fpga_promax.o
    0x000056d8   0x000056d8   0x0000006a   Code   RO         1313    .text.FpgaPromax_SetDdcFrequency  fpga_promax.o
    0x00005742   0x00005742   0x0000002e   Code   RO         1295    .text.FpgaPromax_SetRun  fpga_promax.o
    0x00005770   0x00005770   0x0000000a   Code   RO         1283    .text.FpgaPromax_SetTimebase  fpga_promax.o
    0x0000577a   0x0000577a   0x0000022a   Code   RO         1291    .text.FpgaPromax_Transact  fpga_promax.o
    0x000059a4   0x000059a4   0x0000009a   Code   RO         1303    .text.FpgaPromax_WaitResults  fpga_promax.o
    0x00005a3e   0x00005a3e   0x00000002   PAD
    0x00005a40   0x00005a40   0x00000030   Code   RO          113    .text.HAL_Delay     nuedc_hal_compat.o
    0x00005a70   0x00005a70   0x00000068   Code   RO          119    .text.HAL_GPIO_WritePin  nuedc_hal_compat.o
    0x00005ad8   0x00005ad8   0x00000008   Code   RO          111    .text.HAL_GetTick   nuedc_hal_compat.o
    0x00005ae0   0x00005ae0   0x00000020   Code   RO          131    .text.HAL_UART_Receive_IT  nuedc_hal_compat.o
    0x00005b00   0x00005b00   0x00000030   Code   RO         1360    .text.HAL_UART_RxCpltCallback  screen_test.o
    0x00005b30   0x00005b30   0x00000034   Code   RO          101    .text.NUEDC_HAL_Init  nuedc_hal_compat.o
    0x00005b64   0x00005b64   0x000000a8   Code   RO          103    .text.NUEDC_HAL_Service  nuedc_hal_compat.o
    0x00005c0c   0x00005c0c   0x0000018c   Code   RO          121    .text.NUEDC_MapGpioPin  nuedc_hal_compat.o
    0x00005d98   0x00005d98   0x00000300   Code   RO           14    .text.ProMax_TestInitAndReport  main.o
    0x00006098   0x00006098   0x0000005c   Code   RO           56    .text.SYSCFG_DL_ADC12_0_init  ti_msp_dl_config.o
    0x000060f4   0x000060f4   0x00000048   Code   RO           58    .text.SYSCFG_DL_FPGA_SPI_init  ti_msp_dl_config.o
    0x0000613c   0x0000613c   0x00000090   Code   RO           52    .text.SYSCFG_DL_GPIO_init  ti_msp_dl_config.o
    0x000061cc   0x000061cc   0x00000030   Code   RO           50    .text.SYSCFG_DL_SYSCTL_init  ti_msp_dl_config.o
    0x000061fc   0x000061fc   0x00000070   Code   RO           54    .text.SYSCFG_DL_UART_0_init  ti_msp_dl_config.o
    0x0000626c   0x0000626c   0x0000001c   Code   RO           46    .text.SYSCFG_DL_init  ti_msp_dl_config.o
    0x00006288   0x00006288   0x00000048   Code   RO           48    .text.SYSCFG_DL_initPower  ti_msp_dl_config.o
    0x000062d0   0x000062d0   0x00000020   Code   RO          109    .text.SysTick_Handler  nuedc_hal_compat.o
    0x000062f0   0x000062f0   0x000000b0   Code   RO           16    .text.UART_TestWriteHex32  main.o
    0x000063a0   0x000063a0   0x00000004   Code   RO          213    .text._sys_exit     nuedc_retarget.o
    0x000063a4   0x000063a4   0x00001e1c   Code   RO            2    .text.main          main.o
    0x000081c0   0x000081c0   0x000001f6   Code   RO         1560    .text_divfast       c_p.l(aeabi_sdivfast.o)
    0x000083b6   0x000083b6   0x00000016   Code   RO         1582    i._dgeq             fz_ps.l(dcmp.o)
    0x000083cc   0x000083cc   0x00000016   Code   RO         1585    i._dls              fz_ps.l(dcmp.o)
    0x000083e2   0x000083e2   0x00000016   Code   RO         1626    i._fgr              fz_ps.l(fcmp.o)
    0x000083f8   0x000083f8   0x0000001a   Code   RO         1627    i._fleq             fz_ps.l(fcmp.o)
    0x00008412   0x00008412   0x00000002   PAD
    0x00008414   0x00008414   0x00000064   Code   RO         1786    x$fpl$dgeqf         fz_ps.l(dgef.o)
    0x00008478   0x00008478   0x00000064   Code   RO         1788    x$fpl$dleqf         fz_ps.l(dlef.o)
    0x000084dc   0x000084dc   0x00000054   Code   RO         1796    x$fpl$fgeqf         fz_ps.l(fgef.o)
    0x00008530   0x00008530   0x00000054   Code   RO         1798    x$fpl$fleqf         fz_ps.l(flef.o)
    0x00008584   0x00008584   0x00000000   Code   RO         1814    x$fpl$usenofp       fz_ps.l(usenofp.o)
    0x00008584   0x00008584   0x00000080   Data   RO         1600    .constdata          fz_ps.l(ddiv.o)
    0x00008604   0x00008604   0x00000040   Data   RO         1643    .constdata          fz_ps.l(fdiv.o)
    0x00008644   0x00008644   0x00000024   Data   RO           24    .rodata..Lswitch.table.AD9280_TestInitAndReport  main.o
    0x00008668   0x00008668   0x00000020   Data   RO           23    .rodata..Lswitch.table.AD9708_TestInitAndReport  main.o
    0x00008688   0x00008688   0x00000008   Data   RO           62    .rodata.gADC12_0ClockConfig  ti_msp_dl_config.o
    0x00008690   0x00008690   0x00000002   Data   RO           63    .rodata.gFpgaSpiClockConfig  ti_msp_dl_config.o
    0x00008692   0x00008692   0x0000000a   Data   RO           64    .rodata.gFpgaSpiConfig  ti_msp_dl_config.o
    0x0000869c   0x0000869c   0x00000002   Data   RO           60    .rodata.gUART_0ClockConfig  ti_msp_dl_config.o
    0x0000869e   0x0000869e   0x0000000a   Data   RO           61    .rodata.gUART_0Config  ti_msp_dl_config.o
    0x000086a8   0x000086a8   0x00000020   Data   RO         1212    .rodata.s_ad9708_app_sine_code  ad9708_app.o
    0x000086c8   0x000086c8   0x00000080   Data   RO           21    .rodata.s_promax_impulse  main.o
    0x00008748   0x00008748   0x000001ac   Data   RO           18    .rodata.str1.1      main.o
    0x000088f4   0x000088f4   0x00000024   Data   RO          135    .rodata.str1.1      nuedc_hal_compat.o
    0x00008918   0x00008918   0x0000015f   Data   RO         1337    .rodata.str1.1      fpga_promax.o
    0x00008a77   0x00008a77   0x00000001   PAD
    0x00008a78   0x00008a78   0x00000020   Data   RO         2232    Region$$Table       anon$$obj.o


    Execution Region RW_IRAM2 (Exec base: 0x20200000, Load base: 0x00008a98, Size: 0x00001af0, Max: 0x00008000, ABSOLUTE)

    Exec Addr    Load Addr    Size         Type   Attr      Idx    E Section Name        Object

    0x20200000   0x00008a98   0x00000008   Data   RW          136    .data.NUEDC_STM32_GPIOA  nuedc_hal_compat.o
    0x20200008   0x00008aa0   0x00000024   Data   RW          142    .data.hspi1         nuedc_hal_compat.o
    0x2020002c   0x00008ac4   0x00000004   Data   RW          145    .data.huart2        nuedc_hal_compat.o
    0x20200030        -       0x00000060   Zero   RW         1938    .bss                c_p.l(libspace.o)
    0x20200090        -       0x00000008   Zero   RW          149    .bss.NUEDC_DWT      nuedc_hal_compat.o
    0x20200098        -       0x00000080   Zero   RW          295    .bss.buffer         serial_buffer.o
    0x20200118        -       0x00000001   Zero   RW          293    .bss.readIndex      serial_buffer.o
    0x20200119   0x00008ac8   0x00000003   PAD
    0x2020011c        -       0x00000024   Zero   RW         1270    .bss.s_ad9280_app_data  ad9280_app.o
    0x20200140        -       0x0000001c   Zero   RW         1271    .bss.s_ad9280_calibration  ad9280_app.o
    0x2020015c        -       0x00000038   Zero   RW         1239    .bss.s_ad9280_data  ad9280.o
    0x20200194        -       0x00000038   Zero   RW         1241    .bss.s_ad9280_link  ad9280.o
    0x202001cc        -       0x00000001   Zero   RW         1240    .bss.s_ad9280_link_ready  ad9280.o
    0x202001cd        -       0x00001000   Zero   RW         1272    .bss.s_ad9280_samples  ad9280_app.o
    0x202011cd   0x00008ac8   0x00000003   PAD
    0x202011d0        -       0x00000044   Zero   RW         1143    .bss.s_ad9708_data  ad9708.o
    0x20201214        -       0x00000038   Zero   RW         1145    .bss.s_ad9708_link  ad9708.o
    0x2020124c        -       0x00000001   Zero   RW         1144    .bss.s_ad9708_link_ready  ad9708.o
    0x2020124d   0x00008ac8   0x00000003   PAD
    0x20201250        -       0x00000020   Zero   RW          157    .bss.s_gpio_shadow  nuedc_hal_compat.o
    0x20201270        -       0x00000004   Zero   RW          152    .bss.s_hal_tick_ms  nuedc_hal_compat.o
    0x20201274        -       0x0000002c   Zero   RW           19    .bss.s_promax       main.o
    0x202012a0        -       0x00000038   Zero   RW          198    .bss.s_promax_link  fpga_promax_link_ti.o
    0x202012d8        -       0x00000001   Zero   RW          200    .bss.s_promax_link_busy  fpga_promax_link_ti.o
    0x202012d9        -       0x00000001   Zero   RW          199    .bss.s_promax_link_ready  fpga_promax_link_ti.o
    0x202012da        -       0x00000001   Zero   RW           20    .bss.s_promax_ready  main.o
    0x202012db        -       0x00000001   Zero   RW         1365    .bss.s_screen_rx_byte  screen_test.o
    0x202012dc        -       0x00000004   Zero   RW          153    .bss.s_uart_rx_buf  nuedc_hal_compat.o
    0x202012e0        -       0x00000004   Zero   RW          156    .bss.s_uart_rx_huart  nuedc_hal_compat.o
    0x202012e4        -       0x00000002   Zero   RW          154    .bss.s_uart_rx_index  nuedc_hal_compat.o
    0x202012e6        -       0x00000002   Zero   RW          155    .bss.s_uart_rx_len  nuedc_hal_compat.o
    0x202012e8        -       0x00000001   Zero   RW          294    .bss.writeIndex     serial_buffer.o
    0x202012e9   0x00008ac8   0x00000007   PAD
    0x202012f0        -       0x00000000   Zero   RW         1377    HEAP                startup_mspm0g350x_uvision.o
    0x202012f0        -       0x00000800   Zero   RW         1376    STACK               startup_mspm0g350x_uvision.o



  Load Region LR_BCR (Base: 0x41c00000, Size: 0x00000000, Max: 0x00000100, ABSOLUTE)

    Execution Region BCR_CONFIG (Exec base: 0x41c00000, Load base: 0x41c00000, Size: 0x00000000, Max: 0x000000ff, ABSOLUTE)

    **** No section assigned to this execution region ****



  Load Region LR_BSL (Base: 0x41c00100, Size: 0x00000000, Max: 0x00000100, ABSOLUTE)

    Execution Region BSL_CONFIG (Exec base: 0x41c00100, Load base: 0x41c00100, Size: 0x00000000, Max: 0x00000080, ABSOLUTE)

    **** No section assigned to this execution region ****


==============================================================================

Image component sizes


      Code (inc. data)   RO Data    RW Data    ZI Data      Debug   Object Name

      1772         92          0          0        113      10344   ad9280.o
       240         32          0          0       4160       6188   ad9280_app.o
      4012        188          0          0        125      35831   ad9708.o
        88          8         32          0          0      12269   ad9708_app.o
      1562         20          0          0          0      14013   fpga_link_ti.o
      2380         84        351          0          0      27538   fpga_promax.o
       690         28          0          0         58       7604   fpga_promax_link_ti.o
     14872       1048        624          0         45      49908   main.o
       840        106         36         48         56      24290   nuedc_hal_compat.o
         4          0          0          0          0       1350   nuedc_retarget.o
        48         12          0          0          1       6307   screen_test.o
       108         12          0          0        130       4119   serial_buffer.o
        44         18        192          0       2048        672   startup_mspm0g350x_uvision.o
       568        136         32          0          0      23319   ti_msp_dl_config.o

    ----------------------------------------------------------------------
     27236       1784       1300         48       6752     223752   Object Totals
         0          0         32          0          0          0   (incl. Generated)
         8          0          1          0         16          0   (incl. Padding)

    ----------------------------------------------------------------------

      Code (inc. data)   RO Data    RW Data    ZI Data      Debug   Library Member Name

         8          0          0          0          0         68   __main.o
         0          0          0          0          0          0   __rtentry.o
        12          0          0          0          0          0   __rtentry2.o
         6          0          0          0          0          0   __rtentry4.o
        86         10          0          0          0          0   __scatter.o
        26          0          0          0          0          0   __scatter_copy.o
        28          0          0          0          0          0   __scatter_zi.o
        46          0          0          0          0        100   _printf_char.o
         2          0          0          0          0          0   _printf_percent.o
         4          0          0          0          0          0   _printf_percent_end.o
        10          0          0          0          0          0   _printf_s.o
        82          0          0          0          0         72   _printf_str.o
      1006          4          0          0          0        184   aeabi_sdivfast.o
        16          0          0          0          0         68   exit.o
         6          0          0          0          0        136   heapauxi.o
         2          0          0          0          0          0   libinit.o
         2          0          0          0          0          0   libinit2.o
         2          0          0          0          0          0   libshutdown.o
         2          0          0          0          0          0   libshutdown2.o
         8          4          0          0         96         68   libspace.o
        48          0          0          0          0         72   llmul.o
       272          0          0          0          0         88   lludiv.o
        64          0          0          0          0        108   rt_memclr.o
       186          0          0          0          0        144   rt_memcpy.o
         2          0          0          0          0          0   rtexit.o
        10          0          0          0          0          0   rtexit2.o
        62          0          0          0          0         80   sys_stackheap_outer.o
        64          8          0          0          0       4710   dl_adc12.o
        10          0          0          0          0        791   dl_common.o
       126         12          0          0          0      13642   dl_spi.o
       278         20          0          0          0      14223   dl_uart.o
        46          0          0          0          0         60   cmpret.o
       124          4          0          0          0         72   d2f.o
       856         20          0          0          0        208   daddsub.o
        44          0          0          0          0        136   dcmp.o
       160          6          0          0          0         76   dcmpin.o
      1096         26        128          0          0        112   ddiv.o
        72          4          0          0          0         68   dfixui.o
        88          0          0          0          0         92   dflti.o
       100          4          0          0          0         92   dgef.o
       100          4          0          0          0         92   dlef.o
       584         26          0          0          0         84   dmul.o
        20          6          0          0          0         68   dnan2.o
        84          4          0          0          0         60   f2d.o
        48          0          0          0          0        136   fcmp.o
       100          4          0          0          0         68   fcmpin.o
       352         10         64          0          0         92   fdiv.o
        94          0          0          0          0         92   fflti.o
        84          4          0          0          0         76   fgef.o
        84          4          0          0          0         76   flef.o
        16          6          0          0          0         68   fnan2.o
        94          0          0          0          0         68   retnan.o
         0          0          0          0          0          0   usenofp.o

    ----------------------------------------------------------------------
      6752        194        192          0         96      36450   Library Totals
        30          4          0          0          0          0   (incl. Padding)

    ----------------------------------------------------------------------

      Code (inc. data)   RO Data    RW Data    ZI Data      Debug   Library Name

      1998         18          0          0         96       1188   c_p.l
       478         40          0          0          0      33366   driverlib.a
      4246        132        192          0          0       1896   fz_ps.l

    ----------------------------------------------------------------------
      6752        194        192          0         96      36450   Library Totals

    ----------------------------------------------------------------------

==============================================================================


      Code (inc. data)   RO Data    RW Data    ZI Data      Debug   

     33988       1978       1492         48       6848     258490   Grand Totals
     33988       1978       1492         48       6848     258490   ELF Image Totals
     33988       1978       1492         48          0          0   ROM Totals

==============================================================================

    Total RO  Size (Code + RO Data)                35480 (  34.65kB)
    Total RW  Size (RW Data + ZI Data)              6896 (   6.73kB)
    Total ROM Size (Code + RO Data + RW Data)      35528 (  34.70kB)

==============================================================================

