Component: Arm Compiler for Embedded 6.24 Tool: armlink [5f371500]

==============================================================================

Section Cross References

    main.o(.text.main) refers to ti_msp_dl_config.o(.text.SYSCFG_DL_init) for SYSCFG_DL_init
    main.o(.text.main) refers to nuedc_port.o(.text.NUEDC_PortInit) for NUEDC_PortInit
    main.o(.text.main) refers to nuedc_port.o(.text.NUEDC_PortGetTick) for NUEDC_PortGetTick
    main.o(.text.main) refers to nuedc_port.o(.text.NUEDC_PortProcess) for NUEDC_PortProcess
    main.o(.ARM.exidx.text.main) refers to main.o(.text.main) for [Anonymous Symbol]
    nuedc_port.o(.text) refers (Special) to _printf_percent.o(.ARM.Collect$$_printf_percent$$00000000) for _printf_percent
    nuedc_port.o(.text) refers (Special) to _printf_d.o(.ARM.Collect$$_printf_percent$$00000009) for _printf_d
    nuedc_port.o(.text) refers (Special) to _printf_dec.o(.text) for _printf_int_dec
    nuedc_port.o(.text.NUEDC_PortInit) refers (Special) to _printf_percent.o(.ARM.Collect$$_printf_percent$$00000000) for _printf_percent
    nuedc_port.o(.text.NUEDC_PortInit) refers (Special) to _printf_d.o(.ARM.Collect$$_printf_percent$$00000009) for _printf_d
    nuedc_port.o(.text.NUEDC_PortInit) refers (Special) to _printf_dec.o(.text) for _printf_int_dec
    nuedc_port.o(.text.NUEDC_PortInit) refers to nuedc_hal_compat.o(.text.NUEDC_HAL_Init) for NUEDC_HAL_Init
    nuedc_port.o(.text.NUEDC_PortInit) refers to adc_app.o(.text.ADC_Sample_Init) for ADC_Sample_Init
    nuedc_port.o(.text.NUEDC_PortInit) refers to adc_app.o(.text.ADC_Sample_Start) for ADC_Sample_Start
    nuedc_port.o(.text.NUEDC_PortInit) refers to ad9708_app.o(.text.AD9708_AppInit) for AD9708_AppInit
    nuedc_port.o(.text.NUEDC_PortInit) refers to ad9280_app.o(.text.AD9280_AppInit) for AD9280_AppInit
    nuedc_port.o(.text.NUEDC_PortInit) refers to __2printf.o(.text) for __2printf
    nuedc_port.o(.ARM.exidx.text.NUEDC_PortInit) refers (Special) to _printf_percent.o(.ARM.Collect$$_printf_percent$$00000000) for _printf_percent
    nuedc_port.o(.ARM.exidx.text.NUEDC_PortInit) refers (Special) to _printf_d.o(.ARM.Collect$$_printf_percent$$00000009) for _printf_d
    nuedc_port.o(.ARM.exidx.text.NUEDC_PortInit) refers (Special) to _printf_dec.o(.text) for _printf_int_dec
    nuedc_port.o(.ARM.exidx.text.NUEDC_PortInit) refers to nuedc_port.o(.text.NUEDC_PortInit) for [Anonymous Symbol]
    nuedc_port.o(.text.NUEDC_PortProcess) refers (Special) to _printf_percent.o(.ARM.Collect$$_printf_percent$$00000000) for _printf_percent
    nuedc_port.o(.text.NUEDC_PortProcess) refers (Special) to _printf_d.o(.ARM.Collect$$_printf_percent$$00000009) for _printf_d
    nuedc_port.o(.text.NUEDC_PortProcess) refers (Special) to _printf_dec.o(.text) for _printf_int_dec
    nuedc_port.o(.text.NUEDC_PortProcess) refers to nuedc_hal_compat.o(.text.NUEDC_HAL_Service) for NUEDC_HAL_Service
    nuedc_port.o(.text.NUEDC_PortProcess) refers to adc_app.o(.text.ADC_Sample_Process) for ADC_Sample_Process
    nuedc_port.o(.ARM.exidx.text.NUEDC_PortProcess) refers (Special) to _printf_percent.o(.ARM.Collect$$_printf_percent$$00000000) for _printf_percent
    nuedc_port.o(.ARM.exidx.text.NUEDC_PortProcess) refers (Special) to _printf_d.o(.ARM.Collect$$_printf_percent$$00000009) for _printf_d
    nuedc_port.o(.ARM.exidx.text.NUEDC_PortProcess) refers (Special) to _printf_dec.o(.text) for _printf_int_dec
    nuedc_port.o(.ARM.exidx.text.NUEDC_PortProcess) refers to nuedc_port.o(.text.NUEDC_PortProcess) for [Anonymous Symbol]
    nuedc_port.o(.text.NUEDC_PortGetTick) refers (Special) to _printf_percent.o(.ARM.Collect$$_printf_percent$$00000000) for _printf_percent
    nuedc_port.o(.text.NUEDC_PortGetTick) refers (Special) to _printf_d.o(.ARM.Collect$$_printf_percent$$00000009) for _printf_d
    nuedc_port.o(.text.NUEDC_PortGetTick) refers (Special) to _printf_dec.o(.text) for _printf_int_dec
    nuedc_port.o(.text.NUEDC_PortGetTick) refers to nuedc_hal_compat.o(.text.HAL_GetTick) for HAL_GetTick
    nuedc_port.o(.ARM.exidx.text.NUEDC_PortGetTick) refers (Special) to _printf_percent.o(.ARM.Collect$$_printf_percent$$00000000) for _printf_percent
    nuedc_port.o(.ARM.exidx.text.NUEDC_PortGetTick) refers (Special) to _printf_d.o(.ARM.Collect$$_printf_percent$$00000009) for _printf_d
    nuedc_port.o(.ARM.exidx.text.NUEDC_PortGetTick) refers (Special) to _printf_dec.o(.text) for _printf_int_dec
    nuedc_port.o(.ARM.exidx.text.NUEDC_PortGetTick) refers to nuedc_port.o(.text.NUEDC_PortGetTick) for [Anonymous Symbol]
    ti_msp_dl_config.o(.text.SYSCFG_DL_init) refers to ti_msp_dl_config.o(.text.SYSCFG_DL_initPower) for SYSCFG_DL_initPower
    ti_msp_dl_config.o(.text.SYSCFG_DL_init) refers to ti_msp_dl_config.o(.text.SYSCFG_DL_SYSCTL_init) for SYSCFG_DL_SYSCTL_init
    ti_msp_dl_config.o(.text.SYSCFG_DL_init) refers to ti_msp_dl_config.o(.text.SYSCFG_DL_GPIO_init) for SYSCFG_DL_GPIO_init
[...]
    __arm_cp.4_0                             0x00001c98   Number         4  serial_buffer.o(.text.Command_Write)
    __arm_cp.4_1                             0x00001c9c   Number         4  serial_buffer.o(.text.Command_Write)
    __arm_cp.4_2                             0x00001ca0   Number         4  serial_buffer.o(.text.Command_Write)
    [Anonymous Symbol]                       0x00001ca4   Section        0  dl_adc12.o(.text.DL_ADC12_setClockConfig)
    __arm_cp.0_0                             0x00001cdc   Number         4  dl_adc12.o(.text.DL_ADC12_setClockConfig)
    __arm_cp.0_1                             0x00001ce0   Number         4  dl_adc12.o(.text.DL_ADC12_setClockConfig)
    [Anonymous Symbol]                       0x00001ce4   Section        0  dl_common.o(.text.DL_Common_delayCycles)
    [Anonymous Symbol]                       0x00001cf0   Section        0  dl_spi.o(.text.DL_SPI_drainRXFIFO8)
    __arm_cp.15_0                            0x00001d14   Number         4  dl_spi.o(.text.DL_SPI_drainRXFIFO8)
    [Anonymous Symbol]                       0x00001d18   Section        0  dl_spi.o(.text.DL_SPI_init)
    __arm_cp.0_0                             0x00001d54   Number         4  dl_spi.o(.text.DL_SPI_init)
    __arm_cp.0_1                             0x00001d58   Number         4  dl_spi.o(.text.DL_SPI_init)
    [Anonymous Symbol]                       0x00001d5c   Section        0  dl_spi.o(.text.DL_SPI_setClockConfig)
    [Anonymous Symbol]                       0x00001d70   Section        0  dl_uart.o(.text.DL_UART_configBaudRate)
    __arm_cp.3_0                             0x00001df4   Number         4  dl_uart.o(.text.DL_UART_configBaudRate)
    __arm_cp.3_1                             0x00001df8   Number         4  dl_uart.o(.text.DL_UART_configBaudRate)
    [Anonymous Symbol]                       0x00001dfc   Section        0  dl_uart.o(.text.DL_UART_init)
    __arm_cp.0_0                             0x00001e3c   Number         4  dl_uart.o(.text.DL_UART_init)
    __arm_cp.0_1                             0x00001e40   Number         4  dl_uart.o(.text.DL_UART_init)
    [Anonymous Symbol]                       0x00001e44   Section        0  dl_uart.o(.text.DL_UART_receiveDataCheck)
    __arm_cp.8_0                             0x00001e5c   Number         4  dl_uart.o(.text.DL_UART_receiveDataCheck)
    [Anonymous Symbol]                       0x00001e60   Section        0  dl_uart.o(.text.DL_UART_setClockConfig)
    [Anonymous Symbol]                       0x00001e74   Section        0  fpga_link_ti.o(.text.FPGA_Link_Begin)
    [Anonymous Symbol]                       0x00001ec0   Section        0  fpga_link_ti.o(.text.FPGA_Link_End)
    [Anonymous Symbol]                       0x00001ee4   Section        0  fpga_link_ti.o(.text.FPGA_Link_GetDefaultConfig)
    __arm_cp.0_0                             0x00001efc   Number         4  fpga_link_ti.o(.text.FPGA_Link_GetDefaultConfig)
    [Anonymous Symbol]                       0x00001f00   Section        0  fpga_link_ti.o(.text.FPGA_Link_Init)
    __arm_cp.1_0                             0x00001f5c   Number         4  fpga_link_ti.o(.text.FPGA_Link_Init)
    [Anonymous Symbol]                       0x00001f60   Section        0  fpga_link_ti.o(.text.FPGA_Link_ReadReg)
    FPGA_Link_Transfer                       0x00002145   Thumb Code   812  fpga_link_ti.o(.text.FPGA_Link_Transfer)
    [Anonymous Symbol]                       0x00002144   Section        0  fpga_link_ti.o(.text.FPGA_Link_Transfer)
    __arm_cp.5_0                             0x00002470   Number         4  fpga_link_ti.o(.text.FPGA_Link_Transfer)
    __arm_cp.5_1                             0x00002474   Number         4  fpga_link_ti.o(.text.FPGA_Link_Transfer)
    __arm_cp.5_2                             0x00002478   Number         4  fpga_link_ti.o(.text.FPGA_Link_Transfer)
    [Anonymous Symbol]                       0x0000247c   Section        0  fpga_link_ti.o(.text.FPGA_Link_WriteReg)
    [Anonymous Symbol]                       0x00002490   Section        0  nuedc_hal_compat.o(.text.HAL_Delay)
    [Anonymous Symbol]                       0x000024c0   Section        0  nuedc_hal_compat.o(.text.HAL_GPIO_WritePin)
    __arm_cp.9_0                             0x00002520   Number         4  nuedc_hal_compat.o(.text.HAL_GPIO_WritePin)
    __arm_cp.9_1                             0x00002524   Number         4  nuedc_hal_compat.o(.text.HAL_GPIO_WritePin)
    [Anonymous Symbol]                       0x00002528   Section        0  nuedc_hal_compat.o(.text.HAL_GetTick)
    [Anonymous Symbol]                       0x00002530   Section        0  nuedc_hal_compat.o(.text.HAL_UART_Receive_IT)
    [Anonymous Symbol]                       0x00002550   Section        0  screen_test.o(.text.HAL_UART_RxCpltCallback)
    __arm_cp.7_0                             0x00002574   Number         4  screen_test.o(.text.HAL_UART_RxCpltCallback)
    __arm_cp.7_1                             0x00002578   Number         4  screen_test.o(.text.HAL_UART_RxCpltCallback)
    __arm_cp.7_2                             0x0000257c   Number         4  screen_test.o(.text.HAL_UART_RxCpltCallback)
    [Anonymous Symbol]                       0x00002580   Section        0  nuedc_hal_compat.o(.text.HAL_UART_Transmit)
    __arm_cp.14_1                            0x00002640   Number         4  nuedc_hal_compat.o(.text.HAL_UART_Transmit)
    [Anonymous Symbol]                       0x00002644   Section        0  nuedc_hal_compat.o(.text.NUEDC_HAL_GetCycleCount)
    [Anonymous Symbol]                       0x00002670   Section        0  nuedc_hal_compat.o(.text.NUEDC_HAL_Init)
    __arm_cp.0_2                             0x0000269c   Number         4  nuedc_hal_compat.o(.text.NUEDC_HAL_Init)
    __arm_cp.0_4                             0x000026a0   Number         4  nuedc_hal_compat.o(.text.NUEDC_HAL_Init)
    [Anonymous Symbol]                       0x000026a4   Section        0  nuedc_hal_compat.o(.text.NUEDC_HAL_Service)
    __arm_cp.1_0                             0x00002728   Number         4  nuedc_hal_compat.o(.text.NUEDC_HAL_Service)
    __arm_cp.1_1                             0x0000272c   Number         4  nuedc_hal_compat.o(.text.NUEDC_HAL_Service)
    __arm_cp.1_2                             0x00002730   Number         4  nuedc_hal_compat.o(.text.NUEDC_HAL_Service)
    __arm_cp.1_3                             0x00002734   Number         4  nuedc_hal_compat.o(.text.NUEDC_HAL_Service)
    __arm_cp.1_4                             0x00002738   Number         4  nuedc_hal_compat.o(.text.NUEDC_HAL_Service)
    __arm_cp.1_5                             0x0000273c   Number         4  nuedc_hal_compat.o(.text.NUEDC_HAL_Service)
    __arm_cp.1_6                             0x00002740   Number         4  nuedc_hal_compat.o(.text.NUEDC_HAL_Service)
    __arm_cp.1_7                             0x00002744   Number         4  nuedc_hal_compat.o(.text.NUEDC_HAL_Service)
    __arm_cp.1_8                             0x00002748   Number         4  nuedc_hal_compat.o(.text.NUEDC_HAL_Service)
    NUEDC_MapGpioPin                         0x0000274d   Thumb Code   368  nuedc_hal_compat.o(.text.NUEDC_MapGpioPin)
    [Anonymous Symbol]                       0x0000274c   Section        0  nuedc_hal_compat.o(.text.NUEDC_MapGpioPin)
    __arm_cp.10_0                            0x000028bc   Number         4  nuedc_hal_compat.o(.text.NUEDC_MapGpioPin)
    __arm_cp.10_1                            0x000028c0   Number         4  nuedc_hal_compat.o(.text.NUEDC_MapGpioPin)
    [Anonymous Symbol]                       0x000028c4   Section        0  nuedc_port.o(.text.NUEDC_PortGetTick)
    [Anonymous Symbol]                       0x000028cc   Section        0  nuedc_port.o(.text.NUEDC_PortInit)
    __arm_cp.0_0                             0x00002904   Number         4  nuedc_port.o(.text.NUEDC_PortInit)
    __arm_cp.0_1                             0x00002908   Number         4  nuedc_port.o(.text.NUEDC_PortInit)
    __arm_cp.0_2                             0x0000290c   Number         4  nuedc_port.o(.text.NUEDC_PortInit)
    [Anonymous Symbol]                       0x0000292c   Section        0  nuedc_port.o(.text.NUEDC_PortProcess)
    [Anonymous Symbol]                       0x0000293c   Section        0  ti_msp_dl_config.o(.text.SYSCFG_DL_ADC12_0_init)
    __arm_cp.5_0                             0x00002980   Number         4  ti_msp_dl_config.o(.text.SYSCFG_DL_ADC12_0_init)
    __arm_cp.5_1                             0x00002984   Number         4  ti_msp_dl_config.o(.text.SYSCFG_DL_ADC12_0_init)
    __arm_cp.5_2                             0x00002988   Number         4  ti_msp_dl_config.o(.text.SYSCFG_DL_ADC12_0_init)
    __arm_cp.5_3                             0x0000298c   Number         4  ti_msp_dl_config.o(.text.SYSCFG_DL_ADC12_0_init)
    __arm_cp.5_4                             0x00002990   Number         4  ti_msp_dl_config.o(.text.SYSCFG_DL_ADC12_0_init)
    __arm_cp.5_5                             0x00002994   Number         4  ti_msp_dl_config.o(.text.SYSCFG_DL_ADC12_0_init)
    [Anonymous Symbol]                       0x00002998   Section        0  ti_msp_dl_config.o(.text.SYSCFG_DL_FPGA_SPI_init)
    __arm_cp.6_0                             0x000029cc   Number         4  ti_msp_dl_config.o(.text.SYSCFG_DL_FPGA_SPI_init)
    __arm_cp.6_1                             0x000029d0   Number         4  ti_msp_dl_config.o(.text.SYSCFG_DL_FPGA_SPI_init)
    __arm_cp.6_2                             0x000029d4   Number         4  ti_msp_dl_config.o(.text.SYSCFG_DL_FPGA_SPI_init)
    __arm_cp.6_3                             0x000029d8   Number         4  ti_msp_dl_config.o(.text.SYSCFG_DL_FPGA_SPI_init)
    __arm_cp.6_4                             0x000029dc   Number         4  ti_msp_dl_config.o(.text.SYSCFG_DL_FPGA_SPI_init)
    [Anonymous Symbol]                       0x000029e0   Section        0  ti_msp_dl_config.o(.text.SYSCFG_DL_GPIO_init)
    __arm_cp.3_0                             0x00002a50   Number         4  ti_msp_dl_config.o(.text.SYSCFG_DL_GPIO_init)
    __arm_cp.3_1                             0x00002a54   Number         4  ti_msp_dl_config.o(.text.SYSCFG_DL_GPIO_init)
    __arm_cp.3_2                             0x00002a58   Number         4  ti_msp_dl_config.o(.text.SYSCFG_DL_GPIO_init)
    __arm_cp.3_3                             0x00002a5c   Number         4  ti_msp_dl_config.o(.text.SYSCFG_DL_GPIO_init)
    __arm_cp.3_4                             0x00002a60   Number         4  ti_msp_dl_config.o(.text.SYSCFG_DL_GPIO_init)
    __arm_cp.3_6                             0x00002a64   Number         4  ti_msp_dl_config.o(.text.SYSCFG_DL_GPIO_init)
    __arm_cp.3_7                             0x00002a68   Number         4  ti_msp_dl_config.o(.text.SYSCFG_DL_GPIO_init)
    [Anonymous Symbol]                       0x00002a6c   Section        0  ti_msp_dl_config.o(.text.SYSCFG_DL_SYSCTL_init)
    __arm_cp.2_0                             0x00002a94   Number         4  ti_msp_dl_config.o(.text.SYSCFG_DL_SYSCTL_init)
    __arm_cp.2_1                             0x00002a98   Number         4  ti_msp_dl_config.o(.text.SYSCFG_DL_SYSCTL_init)
    [Anonymous Symbol]                       0x00002a9c   Section        0  ti_msp_dl_config.o(.text.SYSCFG_DL_UART_0_init)
    __arm_cp.4_0                             0x00002af4   Number         4  ti_msp_dl_config.o(.text.SYSCFG_DL_UART_0_init)
    __arm_cp.4_1                             0x00002af8   Number         4  ti_msp_dl_config.o(.text.SYSCFG_DL_UART_0_init)
    __arm_cp.4_2                             0x00002afc   Number         4  ti_msp_dl_config.o(.text.SYSCFG_DL_UART_0_init)
    __arm_cp.4_3                             0x00002b00   Number         4  ti_msp_dl_config.o(.text.SYSCFG_DL_UART_0_init)
    __arm_cp.4_4                             0x00002b04   Number         4  ti_msp_dl_config.o(.text.SYSCFG_DL_UART_0_init)
    __arm_cp.4_5                             0x00002b08   Number         4  ti_msp_dl_config.o(.text.SYSCFG_DL_UART_0_init)
    __arm_cp.4_6                             0x00002b0c   Number         4  ti_msp_dl_config.o(.text.SYSCFG_DL_UART_0_init)
    [Anonymous Symbol]                       0x00002b10   Section        0  ti_msp_dl_config.o(.text.SYSCFG_DL_init)
    [Anonymous Symbol]                       0x00002b2c   Section        0  ti_msp_dl_config.o(.text.SYSCFG_DL_initPower)
    __arm_cp.1_0                             0x00002b58   Number         4  ti_msp_dl_config.o(.text.SYSCFG_DL_initPower)
    __arm_cp.1_1                             0x00002b5c   Number         4  ti_msp_dl_config.o(.text.SYSCFG_DL_initPower)
    __arm_cp.1_2                             0x00002b60   Number         4  ti_msp_dl_config.o(.text.SYSCFG_DL_initPower)
    __arm_cp.1_3                             0x00002b64   Number         4  ti_msp_dl_config.o(.text.SYSCFG_DL_initPower)
    __arm_cp.1_4                             0x00002b68   Number         4  ti_msp_dl_config.o(.text.SYSCFG_DL_initPower)
    __arm_cp.1_5                             0x00002b6c   Number         4  ti_msp_dl_config.o(.text.SYSCFG_DL_initPower)
    __arm_cp.1_6                             0x00002b70   Number         4  ti_msp_dl_config.o(.text.SYSCFG_DL_initPower)
    [Anonymous Symbol]                       0x00002b74   Section        0  nuedc_hal_compat.o(.text.SysTick_Handler)
    __arm_cp.4_0                             0x00002b8c   Number         4  nuedc_hal_compat.o(.text.SysTick_Handler)
    __arm_cp.4_1                             0x00002b90   Number         4  nuedc_hal_compat.o(.text.SysTick_Handler)
    [Anonymous Symbol]                       0x00002b94   Section        0  nuedc_retarget.o(.text._sys_exit)
    [Anonymous Symbol]                       0x00002b98   Section        0  nuedc_retarget.o(.text.fputc)
    __arm_cp.0_0                             0x00002bb4   Number         4  nuedc_retarget.o(.text.fputc)
    [Anonymous Symbol]                       0x00002bb8   Section        0  main.o(.text.main)
    __arm_cp.0_0                             0x00002be8   Number         4  main.o(.text.main)
    .text_divfast                            0x00002bec   Section      502  aeabi_sdivfast.o(.text_divfast)
    i._fgr                                   0x00002de2   Section        0  fcmp.o(i._fgr)
    i._fleq                                  0x00002df8   Section        0  fcmp.o(i._fleq)
    i._fls                                   0x00002e12   Section        0  fcmp.o(i._fls)
    i._is_digit                              0x00002e28   Section        0  __printf_wp.o(i._is_digit)
    x$fpl$fadd                               0x00002e38   Section      140  faddsub.o(x$fpl$fadd)
    _fadd1                                   0x00002e45   Thumb Code     0  faddsub.o(x$fpl$fadd)
    x$fpl$fgeqf                              0x00002ec4   Section       84  fgef.o(x$fpl$fgeqf)
    x$fpl$fleqf                              0x00002f18   Section       84  flef.o(x$fpl$fleqf)
    x$fpl$fmul                               0x00002f6c   Section      176  fmul.o(x$fpl$fmul)
    x$fpl$fsub                               0x0000301c   Section      208  faddsub.o(x$fpl$fsub)
    _fsub1                                   0x00003029   Thumb Code     0  faddsub.o(x$fpl$fsub)
    maptable                                 0x000030ec   Data          17  __printf_flags_ss_wp.o(.constdata)
    .constdata                               0x000030ec   Section       17  __printf_flags_ss_wp.o(.constdata)
    x$fpl$usenofp                            0x000030ec   Section        0  usenofp.o(x$fpl$usenofp)
    fdiv_tab                                 0x000030fd   Data          64  fdiv.o(.constdata)
    .constdata                               0x000030fd   Section       64  fdiv.o(.constdata)
    .constdata                               0x0000313d   Section        4  sys_io_names.o(.constdata)
    .constdata                               0x00003141   Section        4  sys_io_names.o(.constdata)
    .constdata                               0x00003145   Section        4  sys_io_names.o(.constdata)
    gADC12_0ClockConfig                      0x0000314c   Data           8  ti_msp_dl_config.o(.rodata.gADC12_0ClockConfig)
    [Anonymous Symbol]                       0x0000314c   Section        0  ti_msp_dl_config.o(.rodata.gADC12_0ClockConfig)
    gFpgaSpiClockConfig                      0x00003154   Data           2  ti_msp_dl_config.o(.rodata.gFpgaSpiClockConfig)
    [Anonymous Symbol]                       0x00003154   Section        0  ti_msp_dl_config.o(.rodata.gFpgaSpiClockConfig)
    gFpgaSpiConfig                           0x00003156   Data          10  ti_msp_dl_config.o(.rodata.gFpgaSpiConfig)
    [Anonymous Symbol]                       0x00003156   Section        0  ti_msp_dl_config.o(.rodata.gFpgaSpiConfig)
    gUART_0ClockConfig                       0x00003160   Data           2  ti_msp_dl_config.o(.rodata.gUART_0ClockConfig)
    [Anonymous Symbol]                       0x00003160   Section        0  ti_msp_dl_config.o(.rodata.gUART_0ClockConfig)
    gUART_0Config                            0x00003162   Data          10  ti_msp_dl_config.o(.rodata.gUART_0Config)
    [Anonymous Symbol]                       0x00003162   Section        0  ti_msp_dl_config.o(.rodata.gUART_0Config)
    [Anonymous Symbol]                       0x0000316c   Section        0  nuedc_hal_compat.o(.rodata.str1.1)
    [Anonymous Symbol]                       0x00003190   Section        0  adc_app.o(.rodata.str1.1)
    .data                                    0x20200000   Section        4  stdio_streams.o(.data)
    .data                                    0x20200004   Section        4  stdio_streams.o(.data)
    .data                                    0x20200008   Section        4  stdio_streams.o(.data)
    s_sample_rate_hz                         0x2020003c   Data           4  adc_app.o(.data.s_sample_rate_hz)
    [Anonymous Symbol]                       0x2020003c   Section        0  adc_app.o(.data.s_sample_rate_hz)
    s_vref_v                                 0x20200040   Data           4  adc_app.o(.data.s_vref_v)
    [Anonymous Symbol]                       0x20200040   Section        0  adc_app.o(.data.s_vref_v)
    .bss                                     0x20200048   Section       84  stdio_streams.o(.bss)
    .bss                                     0x2020009c   Section       84  stdio_streams.o(.bss)
    .bss                                     0x202000f0   Section       84  stdio_streams.o(.bss)
    .bss                                     0x20200144   Section       96  libspace.o(.bss)
    s_ad9280_app_data                        0x20200230   Data          36  ad9280_app.o(.bss.s_ad9280_app_data)
    [Anonymous Symbol]                       0x20200230   Section        0  ad9280_app.o(.bss.s_ad9280_app_data)
    s_ad9280_calibration                     0x20200254   Data          28  ad9280_app.o(.bss.s_ad9280_calibration)
    [Anonymous Symbol]                       0x20200254   Section        0  ad9280_app.o(.bss.s_ad9280_calibration)
    s_ad9280_data                            0x20200270   Data          56  ad9280.o(.bss.s_ad9280_data)
    [Anonymous Symbol]                       0x20200270   Section        0  ad9280.o(.bss.s_ad9280_data)
    s_ad9280_link                            0x202002a8   Data          56  ad9280.o(.bss.s_ad9280_link)
    [Anonymous Symbol]                       0x202002a8   Section        0  ad9280.o(.bss.s_ad9280_link)
    s_ad9280_link_ready                      0x202002e0   Data           1  ad9280.o(.bss.s_ad9280_link_ready)
    [Anonymous Symbol]                       0x202002e0   Section        0  ad9280.o(.bss.s_ad9280_link_ready)
    s_ad9708_data                            0x202002e4   Data          68  ad9708.o(.bss.s_ad9708_data)
    [Anonymous Symbol]                       0x202002e4   Section        0  ad9708.o(.bss.s_ad9708_data)
    s_ad9708_link                            0x20200328   Data          56  ad9708.o(.bss.s_ad9708_link)
    [Anonymous Symbol]                       0x20200328   Section        0  ad9708.o(.bss.s_ad9708_link)
    s_ad9708_link_ready                      0x20200360   Data           1  ad9708.o(.bss.s_ad9708_link_ready)
    [Anonymous Symbol]                       0x20200360   Section        0  ad9708.o(.bss.s_ad9708_link_ready)
    s_buffer_locked                          0x20200361   Data           1  adc_app.o(.bss.s_buffer_locked)
    [Anonymous Symbol]                       0x20200361   Section        0  adc_app.o(.bss.s_buffer_locked)
    s_data_ready                             0x20200362   Data           1  adc_app.o(.bss.s_data_ready)
    [Anonymous Symbol]                       0x20200362   Section        0  adc_app.o(.bss.s_data_ready)
    s_gpio_shadow                            0x20200364   Data          32  nuedc_hal_compat.o(.bss.s_gpio_shadow)
    [Anonymous Symbol]                       0x20200364   Section        0  nuedc_hal_compat.o(.bss.s_gpio_shadow)
    s_hal_tick_ms                            0x20200384   Data           4  nuedc_hal_compat.o(.bss.s_hal_tick_ms)
    [Anonymous Symbol]                       0x20200384   Section        0  nuedc_hal_compat.o(.bss.s_hal_tick_ms)
    s_half_ready                             0x20200388   Data           1  adc_app.o(.bss.s_half_ready)
    [Anonymous Symbol]                       0x20200388   Section        0  adc_app.o(.bss.s_half_ready)
    s_initialized                            0x20200389   Data           1  adc_app.o(.bss.s_initialized)
    [Anonymous Symbol]                       0x20200389   Section        0  adc_app.o(.bss.s_initialized)
    s_overrun_count                          0x2020038a   Data           1  adc_app.o(.bss.s_overrun_count)
    [Anonymous Symbol]                       0x2020038a   Section        0  adc_app.o(.bss.s_overrun_count)
    s_print_raw                              0x2020038b   Data           1  adc_app.o(.bss.s_print_raw)
    [Anonymous Symbol]                       0x2020038b   Section        0  adc_app.o(.bss.s_print_raw)
    s_raw_buffer                             0x2020038c   Data        1024  adc_app.o(.bss.s_raw_buffer)
    [Anonymous Symbol]                       0x2020038c   Section        0  adc_app.o(.bss.s_raw_buffer)
    s_sample_period_cycles                   0x2020078c   Data           4  adc_app.o(.bss.s_sample_period_cycles)
    [Anonymous Symbol]                       0x2020078c   Section        0  adc_app.o(.bss.s_sample_period_cycles)
    s_screen_rx_byte                         0x20200790   Data           1  screen_test.o(.bss.s_screen_rx_byte)
    [Anonymous Symbol]                       0x20200790   Section        0  screen_test.o(.bss.s_screen_rx_byte)
    s_started                                0x20200791   Data           1  adc_app.o(.bss.s_started)
    [Anonymous Symbol]                       0x20200791   Section        0  adc_app.o(.bss.s_started)
    s_sync_enable                            0x20200792   Data           1  adc_app.o(.bss.s_sync_enable)
    [Anonymous Symbol]                       0x20200792   Section        0  adc_app.o(.bss.s_sync_enable)
    s_uart_rx_buf                            0x20200794   Data           4  nuedc_hal_compat.o(.bss.s_uart_rx_buf)
    [Anonymous Symbol]                       0x20200794   Section        0  nuedc_hal_compat.o(.bss.s_uart_rx_buf)
    s_uart_rx_huart                          0x20200798   Data           4  nuedc_hal_compat.o(.bss.s_uart_rx_huart)
    [Anonymous Symbol]                       0x20200798   Section        0  nuedc_hal_compat.o(.bss.s_uart_rx_huart)
    s_uart_rx_index                          0x2020079c   Data           2  nuedc_hal_compat.o(.bss.s_uart_rx_index)
    [Anonymous Symbol]                       0x2020079c   Section        0  nuedc_hal_compat.o(.bss.s_uart_rx_index)
    s_uart_rx_len                            0x2020079e   Data           2  nuedc_hal_compat.o(.bss.s_uart_rx_len)
    [Anonymous Symbol]                       0x2020079e   Section        0  nuedc_hal_compat.o(.bss.s_uart_rx_len)
    s_voltage_buffer                         0x202007a0   Data        2048  adc_app.o(.bss.s_voltage_buffer)
    [Anonymous Symbol]                       0x202007a0   Section        0  adc_app.o(.bss.s_voltage_buffer)
    Heap_Mem                                 0x20200fa8   Data           0  startup_mspm0g350x_uvision.o(HEAP)
    Stack_Mem                                0x20200fa8   Data        2048  startup_mspm0g350x_uvision.o(STACK)
    HEAP                                     0x20200fa8   Section        0  startup_mspm0g350x_uvision.o(HEAP)
    STACK                                    0x20200fa8   Section     2048  startup_mspm0g350x_uvision.o(STACK)
    __initial_sp                             0x202017a8   Data           0  startup_mspm0g350x_uvision.o(STACK)

    Global Symbols

    Symbol Name                              Value     Ov Type        Size  Object(Section)

    BuildAttributes$$THM_ISAv3M$S$PE$A:L22$X:L11$S22$IEEE1$IW$~IW$USESV6$~STKCKD$USESV7$~SHL$OTIME$ROPI$IEEEX$EBA8$UX$STANDARDLIB$REQ8$PRES8$EABIv2 0x00000000   Number         0  anon$$obj.o ABSOLUTE
    __Vectors                                0x00000000   Data           4  startup_mspm0g350x_uvision.o(RESET)
    _printf_flags                            0x00000000   Number         0  printf_stubs.o ABSOLUTE
    _printf_return_value                     0x00000000   Number         0  printf_stubs.o ABSOLUTE
    _printf_sizespec                         0x00000000   Number         0  printf_stubs.o ABSOLUTE
    _printf_widthprec                        0x00000000   Number         0  printf_stubs.o ABSOLUTE
    __ARM_exceptions_init                     - Undefined Weak Reference
    __alloca_initialize                       - Undefined Weak Reference
    __arm_preinit_                            - Undefined Weak Reference
    __arm_relocate_pie_                       - Undefined Weak Reference
    __cpp_initialize__aeabi_                  - Undefined Weak Reference
    __cxa_finalize                            - Undefined Weak Reference
    __sigvec_lookup                           - Undefined Weak Reference
    __user_heap_extent                        - Undefined Weak Reference
    _atexit_init                              - Undefined Weak Reference
    _call_atexit_fns                          - Undefined Weak Reference
    _clock_init                               - Undefined Weak Reference
    _fp_trap_init                             - Undefined Weak Reference
    _fp_trap_shutdown                         - Undefined Weak Reference
    _get_lc_collate                           - Undefined Weak Reference
    _get_lc_monetary                          - Undefined Weak Reference
    _get_lc_time                              - Undefined Weak Reference
    _getenv_init                              - Undefined Weak Reference
    _handle_redirection                       - Undefined Weak Reference
    _mutex_acquire                            - Undefined Weak Reference
    _mutex_free                               - Undefined Weak Reference
    _mutex_release                            - Undefined Weak Reference
    _printf_mbtowc                            - Undefined Weak Reference
    _printf_wc                                - Undefined Weak Reference
    _rand_init                                - Undefined Weak Reference
    _signal_finish                            - Undefined Weak Reference
    _signal_init                              - Undefined Weak Reference
    __Vectors_End                            0x000000c0   Data           0  startup_mspm0g350x_uvision.o(RESET)
    __Vectors_Size                           0x000000c0   Number         0  startup_mspm0g350x_uvision.o ABSOLUTE
    __main                                   0x000000c1   Thumb Code     8  __main.o(!!!main)
    __scatterload                            0x000000c9   Thumb Code     0  __scatter.o(!!!scatter)
    __scatterload_rt2                        0x000000c9   Thumb Code    74  __scatter.o(!!!scatter)
    __scatterload_rt2_thumb_only             0x000000c9   Thumb Code     0  __scatter.o(!!!scatter)
    __scatterload_loop                       0x000000d3   Thumb Code     0  __scatter.o(!!!scatter)
    __scatterload_copy                       0x00000121   Thumb Code    26  __scatter_copy.o(!!handler_copy)
    __scatterload_null                       0x00000141   Thumb Code     2  __scatter.o(!!handler_null)
    __scatterload_zeroinit                   0x00000149   Thumb Code    28  __scatter_zi.o(!!handler_zi)
    _printf_percent                          0x00000165   Thumb Code     0  _printf_percent.o(.ARM.Collect$$_printf_percent$$00000000)
    _printf_d                                0x00000167   Thumb Code     0  _printf_d.o(.ARM.Collect$$_printf_percent$$00000009)
    _printf_u                                0x00000171   Thumb Code     0  _printf_u.o(.ARM.Collect$$_printf_percent$$0000000A)
    _printf_s                                0x0000017b   Thumb Code     0  _printf_s.o(.ARM.Collect$$_printf_percent$$00000014)
    _printf_percent_end                      0x00000185   Thumb Code     0  _printf_percent_end.o(.ARM.Collect$$_printf_percent$$00000017)
    __rt_lib_init                            0x00000189   Thumb Code     0  libinit.o(.ARM.Collect$$libinit$$00000000)
    __rt_lib_init_fp_1                       0x0000018b   Thumb Code     0  libinit2.o(.ARM.Collect$$libinit$$00000002)
    __rt_lib_init_heap_2                     0x0000018b   Thumb Code     0  libinit2.o(.ARM.Collect$$libinit$$00000007)
    __rt_lib_init_preinit_1                  0x0000018b   Thumb Code     0  libinit2.o(.ARM.Collect$$libinit$$00000006)
    __rt_lib_init_relocate_pie_1             0x0000018b   Thumb Code     0  libinit2.o(.ARM.Collect$$libinit$$00000004)
    __rt_lib_init_atexit_1                   0x00000193   Thumb Code     0  libinit2.o(.ARM.Collect$$libinit$$0000001D)
    __rt_lib_init_clock_1                    0x00000193   Thumb Code     0  libinit2.o(.ARM.Collect$$libinit$$00000023)
    __rt_lib_init_fp_trap_1                  0x00000193   Thumb Code     0  libinit2.o(.ARM.Collect$$libinit$$00000021)
    __rt_lib_init_getenv_1                   0x00000193   Thumb Code     0  libinit2.o(.ARM.Collect$$libinit$$00000025)
    __rt_lib_init_heap_1                     0x00000193   Thumb Code     0  libinit2.o(.ARM.Collect$$libinit$$0000000C)
    __rt_lib_init_lc_collate_1               0x00000193   Thumb Code     0  libinit2.o(.ARM.Collect$$libinit$$00000013)
    __rt_lib_init_lc_ctype_1                 0x00000193   Thumb Code     0  libinit2.o(.ARM.Collect$$libinit$$00000015)
    __rt_lib_init_lc_monetary_1              0x00000193   Thumb Code     0  libinit2.o(.ARM.Collect$$libinit$$00000017)
    __rt_lib_init_lc_numeric_1               0x00000193   Thumb Code     0  libinit2.o(.ARM.Collect$$libinit$$00000019)
    __rt_lib_init_lc_time_1                  0x00000193   Thumb Code     0  libinit2.o(.ARM.Collect$$libinit$$0000001B)
    __rt_lib_init_rand_1                     0x00000193   Thumb Code     0  libinit2.o(.ARM.Collect$$libinit$$00000010)
    __rt_lib_init_signal_1                   0x00000193   Thumb Code     0  libinit2.o(.ARM.Collect$$libinit$$0000001F)
    __rt_lib_init_stdio_2                    0x00000193   Thumb Code     0  libinit2.o(.ARM.Collect$$libinit$$00000026)
    __rt_lib_init_user_alloc_1               0x00000193   Thumb Code     0  libinit2.o(.ARM.Collect$$libinit$$0000000E)
    __rt_lib_init_alloca_1                   0x00000197   Thumb Code     0  libinit2.o(.ARM.Collect$$libinit$$00000030)
    __rt_lib_init_argv_1                     0x00000197   Thumb Code     0  libinit2.o(.ARM.Collect$$libinit$$0000002E)
    __rt_lib_init_cpp_1                      0x00000197   Thumb Code     0  libinit2.o(.ARM.Collect$$libinit$$00000034)
    __rt_lib_init_exceptions_1               0x00000197   Thumb Code     0  libinit2.o(.ARM.Collect$$libinit$$00000032)
    __rt_lib_init_return                     0x00000197   Thumb Code     0  libinit2.o(.ARM.Collect$$libinit$$00000035)
    __rt_lib_init_stdio_1                    0x00000197   Thumb Code     0  libinit2.o(.ARM.Collect$$libinit$$00000027)
    __rt_lib_shutdown                        0x00000199   Thumb Code     0  libshutdown.o(.ARM.Collect$$libshutdown$$00000000)
    __rt_lib_shutdown_cpp_1                  0x0000019b   Thumb Code     0  libshutdown2.o(.ARM.Collect$$libshutdown$$00000002)
    __rt_lib_shutdown_stdio_2                0x0000019b   Thumb Code     0  libshutdown2.o(.ARM.Collect$$libshutdown$$00000003)
    __rt_lib_shutdown_fp_trap_1              0x0000019f   Thumb Code     0  libshutdown2.o(.ARM.Collect$$libshutdown$$00000007)
    __rt_lib_shutdown_heap_1                 0x0000019f   Thumb Code     0  libshutdown2.o(.ARM.Collect$$libshutdown$$0000000F)
    __rt_lib_shutdown_return                 0x0000019f   Thumb Code     0  libshutdown2.o(.ARM.Collect$$libshutdown$$00000010)
    __rt_lib_shutdown_signal_1               0x0000019f   Thumb Code     0  libshutdown2.o(.ARM.Collect$$libshutdown$$0000000A)
    __rt_lib_shutdown_stdio_1                0x0000019f   Thumb Code     0  libshutdown2.o(.ARM.Collect$$libshutdown$$00000004)
    __rt_lib_shutdown_user_alloc_1           0x0000019f   Thumb Code     0  libshutdown2.o(.ARM.Collect$$libshutdown$$0000000C)
    __rt_entry                               0x000001a1   Thumb Code     0  __rtentry.o(.ARM.Collect$$rtentry$$00000000)
    __rt_entry_presh_1                       0x000001a1   Thumb Code     0  __rtentry2.o(.ARM.Collect$$rtentry$$00000002)
    __rt_entry_sh                            0x000001a1   Thumb Code     0  __rtentry4.o(.ARM.Collect$$rtentry$$00000004)
    __rt_entry_li                            0x000001a7   Thumb Code     0  __rtentry2.o(.ARM.Collect$$rtentry$$0000000A)
    __rt_entry_postsh_1                      0x000001a7   Thumb Code     0  __rtentry2.o(.ARM.Collect$$rtentry$$00000009)
    __rt_entry_main                          0x000001ab   Thumb Code     0  __rtentry2.o(.ARM.Collect$$rtentry$$0000000D)
    __rt_entry_postli_1                      0x000001ab   Thumb Code     0  __rtentry2.o(.ARM.Collect$$rtentry$$0000000C)
    __rt_exit                                0x000001b3   Thumb Code     0  rtexit.o(.ARM.Collect$$rtexit$$00000000)
    __rt_exit_ls                             0x000001b5   Thumb Code     0  rtexit2.o(.ARM.Collect$$rtexit$$00000003)
    __rt_exit_prels_1                        0x000001b5   Thumb Code     0  rtexit2.o(.ARM.Collect$$rtexit$$00000002)
    __rt_exit_exit                           0x000001b9   Thumb Code     0  rtexit2.o(.ARM.Collect$$rtexit$$00000004)
    __aeabi_memcpy4                          0x000001c1   Thumb Code    56  rt_memcpy.o(.emb_text)
    __aeabi_memcpy8                          0x000001c1   Thumb Code     0  rt_memcpy.o(.emb_text)
    Reset_Handler                            0x000001f9   Thumb Code     4  startup_mspm0g350x_uvision.o(.text)
    NMI_Handler                              0x000001fd   Thumb Code     2  startup_mspm0g350x_uvision.o(.text)
    HardFault_Handler                        0x000001ff   Thumb Code     2  startup_mspm0g350x_uvision.o(.text)
    SVC_Handler                              0x00000201   Thumb Code     2  startup_mspm0g350x_uvision.o(.text)
    PendSV_Handler                           0x00000203   Thumb Code     2  startup_mspm0g350x_uvision.o(.text)
    ADC0_IRQHandler                          0x00000207   Thumb Code     0  startup_mspm0g350x_uvision.o(.text)
    ADC1_IRQHandler                          0x00000207   Thumb Code     0  startup_mspm0g350x_uvision.o(.text)
    AES_IRQHandler                           0x00000207   Thumb Code     0  startup_mspm0g350x_uvision.o(.text)
    CANFD0_IRQHandler                        0x00000207   Thumb Code     0  startup_mspm0g350x_uvision.o(.text)
    DAC0_IRQHandler                          0x00000207   Thumb Code     0  startup_mspm0g350x_uvision.o(.text)
    DMA_IRQHandler                           0x00000207   Thumb Code     0  startup_mspm0g350x_uvision.o(.text)
    Default_Handler                          0x00000207   Thumb Code     2  startup_mspm0g350x_uvision.o(.text)
    GROUP0_IRQHandler                        0x00000207   Thumb Code     0  startup_mspm0g350x_uvision.o(.text)
    GROUP1_IRQHandler                        0x00000207   Thumb Code     0  startup_mspm0g350x_uvision.o(.text)
    I2C0_IRQHandler                          0x00000207   Thumb Code     0  startup_mspm0g350x_uvision.o(.text)
    I2C1_IRQHandler                          0x00000207   Thumb Code     0  startup_mspm0g350x_uvision.o(.text)
    RTC_IRQHandler                           0x00000207   Thumb Code     0  startup_mspm0g350x_uvision.o(.text)
    SPI0_IRQHandler                          0x00000207   Thumb Code     0  startup_mspm0g350x_uvision.o(.text)
    SPI1_IRQHandler                          0x00000207   Thumb Code     0  startup_mspm0g350x_uvision.o(.text)
    TIMA0_IRQHandler                         0x00000207   Thumb Code     0  startup_mspm0g350x_uvision.o(.text)
    TIMA1_IRQHandler                         0x00000207   Thumb Code     0  startup_mspm0g350x_uvision.o(.text)
    TIMG0_IRQHandler                         0x00000207   Thumb Code     0  startup_mspm0g350x_uvision.o(.text)
    TIMG12_IRQHandler                        0x00000207   Thumb Code     0  startup_mspm0g350x_uvision.o(.text)
    TIMG6_IRQHandler                         0x00000207   Thumb Code     0  startup_mspm0g350x_uvision.o(.text)
    TIMG7_IRQHandler                         0x00000207   Thumb Code     0  startup_mspm0g350x_uvision.o(.text)
    TIMG8_IRQHandler                         0x00000207   Thumb Code     0  startup_mspm0g350x_uvision.o(.text)
    UART0_IRQHandler                         0x00000207   Thumb Code     0  startup_mspm0g350x_uvision.o(.text)
    UART1_IRQHandler                         0x00000207   Thumb Code     0  startup_mspm0g350x_uvision.o(.text)
    UART2_IRQHandler                         0x00000207   Thumb Code     0  startup_mspm0g350x_uvision.o(.text)
    UART3_IRQHandler                         0x00000207   Thumb Code     0  startup_mspm0g350x_uvision.o(.text)
    __user_initial_stackheap                 0x00000209   Thumb Code    10  startup_mspm0g350x_uvision.o(.text)
    __2printf                                0x00000225   Thumb Code    22  __2printf.o(.text)
    _printf_str                              0x00000241   Thumb Code    82  _printf_str.o(.text)
    _printf_int_dec                          0x00000295   Thumb Code    90  _printf_dec.o(.text)
    __printf                                 0x00000301   Thumb Code   386  __printf_flags_ss_wp.o(.text)
    strlen                                   0x00000489   Thumb Code    62  strlen.o(.text)
    __aeabi_memcpy                           0x000004cd   Thumb Code   130  rt_memcpy.o(.text)
    __rt_memcpy                              0x000004cd   Thumb Code     0  rt_memcpy.o(.text)
    _memset_w                                0x0000054f   Thumb Code    26  rt_memclr.o(.text)
    _memset                                  0x00000569   Thumb Code    30  rt_memclr.o(.text)
    __aeabi_memclr                           0x00000587   Thumb Code     4  rt_memclr.o(.text)
    __rt_memclr                              0x00000587   Thumb Code     0  rt_memclr.o(.text)
    __aeabi_memclr4                          0x0000058b   Thumb Code     0  rt_memclr.o(.text)
    __aeabi_memclr8                          0x0000058b   Thumb Code     0  rt_memclr.o(.text)
    __rt_memclr_w                            0x0000058b   Thumb Code     4  rt_memclr.o(.text)
    __use_two_region_memory                  0x0000058f   Thumb Code     2  heapauxi.o(.text)
    __rt_heap_escrow                         0x00000591   Thumb Code     2  heapauxi.o(.text)
    __rt_heap_expand                         0x00000593   Thumb Code     2  heapauxi.o(.text)
    __aeabi_fdiv                             0x00000595   Thumb Code     0  fdiv.o(.text)
    __divsf3                                 0x00000595   Thumb Code     0  fdiv.o(.text)
    _fdiv                                    0x00000595   Thumb Code   334  fdiv.o(.text)
    _frdiv                                   0x000006e3   Thumb Code     8  fdiv.o(.text)
    __aeabi_f2uiz                            0x000006f5   Thumb Code     0  ffixui.o(.text)
    _ffixu                                   0x000006f5   Thumb Code    48  ffixui.o(.text)
    __aeabi_i2f_normalise                    0x00000725   Thumb Code    72  fflti.o(.text)
    __aeabi_i2f                              0x0000076d   Thumb Code    16  fflti.o(.text)
    _fflt                                    0x0000076d   Thumb Code     0  fflti.o(.text)
    __aeabi_ui2f                             0x0000077d   Thumb Code     6  fflti.o(.text)
    _ffltu                                   0x0000077d   Thumb Code     0  fflti.o(.text)
    _printf_int_common                       0x00000783   Thumb Code   176  _printf_intcommon.o(.text)
    _printf_char_common                      0x0000083f   Thumb Code    32  _printf_char_common.o(.text)
    _printf_cs_common                        0x00000865   Thumb Code    22  _printf_char.o(.text)
    _printf_char                             0x0000087b   Thumb Code    16  _printf_char.o(.text)
    _printf_string                           0x0000088b   Thumb Code     8  _printf_char.o(.text)
    _printf_char_file                        0x00000895   Thumb Code    34  _printf_char_file.o(.text)
    __rt_udiv10                              0x000008bd   Thumb Code    40  rtudiv10.o(.text)
    __aeabi_errno_addr                       0x000008e5   Thumb Code     8  rt_errno_addr_intlibspace.o(.text)
    __errno$intlibspace                      0x000008e5   Thumb Code     0  rt_errno_addr_intlibspace.o(.text)
    __rt_errno_addr$intlibspace              0x000008e5   Thumb Code     0  rt_errno_addr_intlibspace.o(.text)
    ferror                                   0x000008ed   Thumb Code     8  ferror.o(.text)
    _initio                                  0x000008f5   Thumb Code   216  initio.o(.text)
    _terminateio                             0x000009cd   Thumb Code    56  initio.o(.text)
    __fpl_fcmp_InfNaN                        0x00000a31   Thumb Code    96  fcmpin.o(.text)
    __user_libspace                          0x00000a95   Thumb Code     8  libspace.o(.text)
    __user_perproc_libspace                  0x00000a95   Thumb Code     0  libspace.o(.text)
    __user_perthread_libspace                0x00000a95   Thumb Code     0  libspace.o(.text)
    __user_setup_stackheap                   0x00000a9d   Thumb Code    62  sys_stackheap_outer.o(.text)
    malloc                                   0x00000adb   Thumb Code    98  h1_alloc.o(.text)
    free                                     0x00000b3d   Thumb Code    76  h1_free.o(.text)
    setvbuf                                  0x00000b89   Thumb Code    72  setvbuf.o(.text)
    freopen                                  0x00000bd5   Thumb Code   154  fopen.o(.text)
    fopen                                    0x00000c6f   Thumb Code    76  fopen.o(.text)
    _fclose_internal                         0x00000cc5   Thumb Code    72  fclose.o(.text)
    fclose                                   0x00000cc5   Thumb Code     0  fclose.o(.text)
    exit                                     0x00000d0d   Thumb Code    16  exit.o(.text)
    __rt_SIGRTRED                            0x00000d1d   Thumb Code    12  defsig_rtred_outer.o(.text)
    __fpl_cmpreturn                          0x00000d29   Thumb Code    46  cmpret.o(.text)
    __fpl_fcheck_NaN2                        0x00000d59   Thumb Code    10  fnan2.o(.text)
    _sys_open                                0x00000d69   Thumb Code    20  sys_io.o(.text)
    _sys_close                               0x00000d7d   Thumb Code    12  sys_io.o(.text)
    _sys_write                               0x00000d89   Thumb Code    16  sys_io.o(.text)
    _sys_read                                0x00000d99   Thumb Code    14  sys_io.o(.text)
    _sys_istty                               0x00000da7   Thumb Code    12  sys_io.o(.text)
    _sys_seek                                0x00000db3   Thumb Code    14  sys_io.o(.text)
    _sys_ensure                              0x00000dc1   Thumb Code     2  sys_io.o(.text)
    _sys_flen                                0x00000dc3   Thumb Code    12  sys_io.o(.text)
    __rt_heap_descriptor                     0x00000dd1   Thumb Code     8  rt_heap_descriptor_intlibspace.o(.text)
    __use_no_heap                            0x00000dd9   Thumb Code     2  hguard.o(.text)
    __heap$guard                             0x00000ddb   Thumb Code     2  hguard.o(.text)
    _terminate_user_alloc                    0x00000ddd   Thumb Code     2  init_alloc.o(.text)
    _init_user_alloc                         0x00000ddf   Thumb Code     2  init_alloc.o(.text)
    __Heap_Full                              0x00000de1   Thumb Code    32  init_alloc.o(.text)
    __Heap_Broken                            0x00000e01   Thumb Code    10  init_alloc.o(.text)
    _init_alloc                              0x00000e0b   Thumb Code    90  init_alloc.o(.text)
    __Heap_Initialize                        0x00000e65   Thumb Code     8  h1_init.o(.text)
    __Heap_DescSize                          0x00000e6d   Thumb Code     4  h1_init.o(.text)
    _fseek                                   0x00000e71   Thumb Code   240  fseek.o(.text)
    fseek                                    0x00000e71   Thumb Code     0  fseek.o(.text)
    _seterr                                  0x00000f65   Thumb Code    20  stdio.o(.text)
    _writebuf                                0x00000f79   Thumb Code    98  stdio.o(.text)
    _fflush                                  0x00000fdb   Thumb Code    76  stdio.o(.text)
    _deferredlazyseek                        0x00001027   Thumb Code    60  stdio.o(.text)
    __sig_exit                               0x00001071   Thumb Code    12  defsig_exit.o(.text)
    __rt_SIGRTRED_inner                      0x0000107d   Thumb Code    14  defsig_rtred_inner.o(.text)
    __fpl_return_NaN                         0x000010b1   Thumb Code    94  retnan.o(.text)
    __I$use$semihosting                      0x0000110f   Thumb Code     0  use_no_semi.o(.text)
    __use_no_semihosting_swi                 0x0000110f   Thumb Code     2  use_no_semi.o(.text)
    __Heap_ProvideMemory                     0x00001111   Thumb Code    52  h1_extend.o(.text)
    __semihosting_library_function           0x00001111   Thumb Code     0  indicate_semi.o(.text)
    _maybe_terminate_alloc                   0x00001111   Thumb Code     0  maybetermalloc1.o(.text)
    _ftell_internal                          0x00001145   Thumb Code    66  ftell.o(.text)
    ftell                                    0x00001145   Thumb Code     0  ftell.o(.text)
    __default_signal_display                 0x00001187   Thumb Code    52  defsig_general.o(.text)
    __rt_SIGRTMEM                            0x000011bb   Thumb Code    12  defsig_rtmem_outer.o(.text)
    _ttywrch                                 0x000011c7   Thumb Code    12  sys_wrch.o(.text)
    __rt_SIGRTMEM_inner                      0x000011d5   Thumb Code    22  defsig_rtmem_inner.o(.text)
    AD9280_AppInit                           0x00001225   Thumb Code    60  ad9280_app.o(.text.AD9280_AppInit)
    AD9280_Init                              0x00001279   Thumb Code   296  ad9280.o(.text.AD9280_Init)
    AD9708_AppInit                           0x000013b9   Thumb Code    12  ad9708_app.o(.text.AD9708_AppInit)
    AD9708_Init                              0x000013c9   Thumb Code   236  ad9708.o(.text.AD9708_Init)
    AD9708_PollStatus                        0x000014c5   Thumb Code   204  ad9708.o(.text.AD9708_PollStatus)
    AD9708_Reset                             0x0000159d   Thumb Code   680  ad9708.o(.text.AD9708_Reset)
    AD9708_WaitReady                         0x00001855   Thumb Code    80  ad9708.o(.text.AD9708_WaitReady)
    ADC_Sample_Init                          0x000018ad   Thumb Code   168  adc_app.o(.text.ADC_Sample_Init)
    ADC_Sample_Process                       0x00001961   Thumb Code   504  adc_app.o(.text.ADC_Sample_Process)
    ADC_Sample_Start                         0x00001b79   Thumb Code   152  adc_app.o(.text.ADC_Sample_Start)
    Command_Write                            0x00001c39   Thumb Code    96  serial_buffer.o(.text.Command_Write)
    DL_ADC12_setClockConfig                  0x00001ca5   Thumb Code    64  dl_adc12.o(.text.DL_ADC12_setClockConfig)
    DL_Common_delayCycles                    0x00001ce5   Thumb Code    10  dl_common.o(.text.DL_Common_delayCycles)
    DL_SPI_drainRXFIFO8                      0x00001cf1   Thumb Code    40  dl_spi.o(.text.DL_SPI_drainRXFIFO8)
    DL_SPI_init                              0x00001d19   Thumb Code    68  dl_spi.o(.text.DL_SPI_init)
    DL_SPI_setClockConfig                    0x00001d5d   Thumb Code    18  dl_spi.o(.text.DL_SPI_setClockConfig)
    DL_UART_configBaudRate                   0x00001d71   Thumb Code   140  dl_uart.o(.text.DL_UART_configBaudRate)
    DL_UART_init                             0x00001dfd   Thumb Code    72  dl_uart.o(.text.DL_UART_init)
    DL_UART_receiveDataCheck                 0x00001e45   Thumb Code    28  dl_uart.o(.text.DL_UART_receiveDataCheck)
    DL_UART_setClockConfig                   0x00001e61   Thumb Code    18  dl_uart.o(.text.DL_UART_setClockConfig)
    FPGA_Link_Begin                          0x00001e75   Thumb Code    76  fpga_link_ti.o(.text.FPGA_Link_Begin)
    FPGA_Link_End                            0x00001ec1   Thumb Code    36  fpga_link_ti.o(.text.FPGA_Link_End)
    FPGA_Link_GetDefaultConfig               0x00001ee5   Thumb Code    24  fpga_link_ti.o(.text.FPGA_Link_GetDefaultConfig)
    FPGA_Link_Init                           0x00001f01   Thumb Code    92  fpga_link_ti.o(.text.FPGA_Link_Init)
    FPGA_Link_ReadReg                        0x00001f61   Thumb Code   482  fpga_link_ti.o(.text.FPGA_Link_ReadReg)
    FPGA_Link_WriteReg                       0x0000247d   Thumb Code    20  fpga_link_ti.o(.text.FPGA_Link_WriteReg)
    HAL_Delay                                0x00002491   Thumb Code    48  nuedc_hal_compat.o(.text.HAL_Delay)
    HAL_GPIO_WritePin                        0x000024c1   Thumb Code    96  nuedc_hal_compat.o(.text.HAL_GPIO_WritePin)
    HAL_GetTick                              0x00002529   Thumb Code     8  nuedc_hal_compat.o(.text.HAL_GetTick)
    HAL_UART_Receive_IT                      0x00002531   Thumb Code    32  nuedc_hal_compat.o(.text.HAL_UART_Receive_IT)
    HAL_UART_RxCpltCallback                  0x00002551   Thumb Code    36  screen_test.o(.text.HAL_UART_RxCpltCallback)
    HAL_UART_Transmit                        0x00002581   Thumb Code   192  nuedc_hal_compat.o(.text.HAL_UART_Transmit)
    NUEDC_HAL_GetCycleCount                  0x00002645   Thumb Code    44  nuedc_hal_compat.o(.text.NUEDC_HAL_GetCycleCount)
    NUEDC_HAL_Init                           0x00002671   Thumb Code    44  nuedc_hal_compat.o(.text.NUEDC_HAL_Init)
    NUEDC_HAL_Service                        0x000026a5   Thumb Code   132  nuedc_hal_compat.o(.text.NUEDC_HAL_Service)
    NUEDC_PortGetTick                        0x000028c5   Thumb Code     8  nuedc_port.o(.text.NUEDC_PortGetTick)
    NUEDC_PortInit                           0x000028cd   Thumb Code    56  nuedc_port.o(.text.NUEDC_PortInit)
    NUEDC_PortProcess                        0x0000292d   Thumb Code    16  nuedc_port.o(.text.NUEDC_PortProcess)
    SYSCFG_DL_ADC12_0_init                   0x0000293d   Thumb Code    68  ti_msp_dl_config.o(.text.SYSCFG_DL_ADC12_0_init)
    SYSCFG_DL_FPGA_SPI_init                  0x00002999   Thumb Code    52  ti_msp_dl_config.o(.text.SYSCFG_DL_FPGA_SPI_init)
    SYSCFG_DL_GPIO_init                      0x000029e1   Thumb Code   112  ti_msp_dl_config.o(.text.SYSCFG_DL_GPIO_init)
    SYSCFG_DL_SYSCTL_init                    0x00002a6d   Thumb Code    40  ti_msp_dl_config.o(.text.SYSCFG_DL_SYSCTL_init)
    SYSCFG_DL_UART_0_init                    0x00002a9d   Thumb Code    88  ti_msp_dl_config.o(.text.SYSCFG_DL_UART_0_init)
    SYSCFG_DL_init                           0x00002b11   Thumb Code    28  ti_msp_dl_config.o(.text.SYSCFG_DL_init)
    SYSCFG_DL_initPower                      0x00002b2d   Thumb Code    44  ti_msp_dl_config.o(.text.SYSCFG_DL_initPower)
    SysTick_Handler                          0x00002b75   Thumb Code    24  nuedc_hal_compat.o(.text.SysTick_Handler)
    _sys_exit                                0x00002b95   Thumb Code     4  nuedc_retarget.o(.text._sys_exit)
    fputc                                    0x00002b99   Thumb Code    28  nuedc_retarget.o(.text.fputc)
    main                                     0x00002bb9   Thumb Code    48  main.o(.text.main)
    __aeabi_uidiv                            0x00002bed   Thumb Code    68  aeabi_sdivfast.o(.text_divfast)
    __aeabi_idiv                             0x00002c31   Thumb Code   434  aeabi_sdivfast.o(.text_divfast)
    __aeabi_fcmpgt                           0x00002de3   Thumb Code     0  fcmp.o(i._fgr)
    _fgr                                     0x00002de3   Thumb Code    22  fcmp.o(i._fgr)
    __aeabi_fcmple                           0x00002df9   Thumb Code     0  fcmp.o(i._fleq)
    _fleq                                    0x00002df9   Thumb Code    26  fcmp.o(i._fleq)
    __aeabi_fcmplt                           0x00002e13   Thumb Code     0  fcmp.o(i._fls)
    _fls                                     0x00002e13   Thumb Code    22  fcmp.o(i._fls)
    _is_digit                                0x00002e29   Thumb Code    14  __printf_wp.o(i._is_digit)
    __aeabi_fadd                             0x00002e39   Thumb Code     0  faddsub.o(x$fpl$fadd)
    _fadd                                    0x00002e39   Thumb Code   134  faddsub.o(x$fpl$fadd)
    _fcmpge                                  0x00002ec5   Thumb Code    78  fgef.o(x$fpl$fgeqf)
    __aeabi_cfcmple                          0x00002f19   Thumb Code     0  flef.o(x$fpl$fleqf)
    _fcmple                                  0x00002f19   Thumb Code    78  flef.o(x$fpl$fleqf)
    __aeabi_fmul                             0x00002f6d   Thumb Code     0  fmul.o(x$fpl$fmul)
    _fmul                                    0x00002f6d   Thumb Code   172  fmul.o(x$fpl$fmul)
    __aeabi_fsub                             0x0000301d   Thumb Code     0  faddsub.o(x$fpl$fsub)
    _fsub                                    0x0000301d   Thumb Code   204  faddsub.o(x$fpl$fsub)
    __I$use$fp                               0x000030ec   Number         0  usenofp.o(x$fpl$usenofp)
    __stdin_name                             0x0000313d   Data           4  sys_io_names.o(.constdata)
    __stdout_name                            0x00003141   Data           4  sys_io_names.o(.constdata)
    __stderr_name                            0x00003145   Data           4  sys_io_names.o(.constdata)
    Region$$Table$$Base                      0x00003198   Number         0  anon$$obj.o(Region$$Table)
    Region$$Table$$Limit                     0x000031b8   Number         0  anon$$obj.o(Region$$Table)
    __aeabi_stdin                            0x20200000   Data           4  stdio_streams.o(.data)
    __aeabi_stdout                           0x20200004   Data           4  stdio_streams.o(.data)
    __aeabi_stderr                           0x20200008   Data           4  stdio_streams.o(.data)
    NUEDC_STM32_GPIOA                        0x2020000c   Data           8  nuedc_hal_compat.o(.data.NUEDC_STM32_GPIOA)
    hspi1                                    0x20200014   Data          36  nuedc_hal_compat.o(.data.hspi1)
    huart2                                   0x20200038   Data           4  nuedc_hal_compat.o(.data.huart2)
    __stdin                                  0x20200048   Data          84  stdio_streams.o(.bss)
    __stdout                                 0x2020009c   Data          84  stdio_streams.o(.bss)
    __stderr                                 0x202000f0   Data          84  stdio_streams.o(.bss)
    __libspace_start                         0x20200144   Data          96  libspace.o(.bss)
    NUEDC_DWT                                0x202001a4   Data           8  nuedc_hal_compat.o(.bss.NUEDC_DWT)
    __temporary_stack_top$libspace           0x202001a4   Data           0  libspace.o(.bss)
    buffer                                   0x202001ac   Data         128  serial_buffer.o(.bss.buffer)
    readIndex                                0x2020022c   Data           1  serial_buffer.o(.bss.readIndex)
    writeIndex                               0x20200fa0   Data           1  serial_buffer.o(.bss.writeIndex)



==============================================================================

Memory Map of the image

  Image Entry point : 0x000000c1

  Load Region LR_IROM1 (Base: 0x00000000, Size: 0x00003200, Max: 0x00020000, ABSOLUTE)

    Execution Region ER_IROM1 (Exec base: 0x00000000, Load base: 0x00000000, Size: 0x000031b8, Max: 0x00020000, ABSOLUTE)

    Exec Addr    Load Addr    Size         Type   Attr      Idx    E Section Name        Object

    0x00000000   0x00000000   0x000000c0   Data   RO         1351    RESET               startup_mspm0g350x_uvision.o
    0x000000c0   0x000000c0   0x00000008   Code   RO         1542  * !!!main             c_p.l(__main.o)
    0x000000c8   0x000000c8   0x00000054   Code   RO         2206    !!!scatter          c_p.l(__scatter.o)
    0x0000011c   0x0000011c   0x00000004   PAD
    0x00000120   0x00000120   0x0000001a   Code   RO         2210    !!handler_copy      c_p.l(__scatter_copy.o)
    0x0000013a   0x0000013a   0x00000006   PAD
    0x00000140   0x00000140   0x00000002   Code   RO         2207    !!handler_null      c_p.l(__scatter.o)
    0x00000142   0x00000142   0x00000006   PAD
    0x00000148   0x00000148   0x0000001c   Code   RO         2212    !!handler_zi        c_p.l(__scatter_zi.o)
    0x00000164   0x00000164   0x00000002   Code   RO         1519    .ARM.Collect$$_printf_percent$$00000000  c_p.l(_printf_percent.o)
    0x00000166   0x00000166   0x0000000a   Code   RO         1516    .ARM.Collect$$_printf_percent$$00000009  c_p.l(_printf_d.o)
    0x00000170   0x00000170   0x0000000a   Code   RO         1517    .ARM.Collect$$_printf_percent$$0000000A  c_p.l(_printf_u.o)
    0x0000017a   0x0000017a   0x0000000a   Code   RO         1515    .ARM.Collect$$_printf_percent$$00000014  c_p.l(_printf_s.o)
    0x00000184   0x00000184   0x00000004   Code   RO         1739    .ARM.Collect$$_printf_percent$$00000017  c_p.l(_printf_percent_end.o)
    0x00000188   0x00000188   0x00000002   Code   RO         2012    .ARM.Collect$$libinit$$00000000  c_p.l(libinit.o)
    0x0000018a   0x0000018a   0x00000000   Code   RO         2014    .ARM.Collect$$libinit$$00000002  c_p.l(libinit2.o)
    0x0000018a   0x0000018a   0x00000000   Code   RO         2016    .ARM.Collect$$libinit$$00000004  c_p.l(libinit2.o)
    0x0000018a   0x0000018a   0x00000000   Code   RO         2018    .ARM.Collect$$libinit$$00000006  c_p.l(libinit2.o)
    0x0000018a   0x0000018a   0x00000008   Code   RO         2019    .ARM.Collect$$libinit$$00000007  c_p.l(libinit2.o)
    0x00000192   0x00000192   0x00000000   Code   RO         2021    .ARM.Collect$$libinit$$0000000C  c_p.l(libinit2.o)
    0x00000192   0x00000192   0x00000000   Code   RO         2023    .ARM.Collect$$libinit$$0000000E  c_p.l(libinit2.o)
    0x00000192   0x00000192   0x00000000   Code   RO         2025    .ARM.Collect$$libinit$$00000010  c_p.l(libinit2.o)
    0x00000192   0x00000192   0x00000000   Code   RO         2028    .ARM.Collect$$libinit$$00000013  c_p.l(libinit2.o)
    0x00000192   0x00000192   0x00000000   Code   RO         2030    .ARM.Collect$$libinit$$00000015  c_p.l(libinit2.o)
    0x00000192   0x00000192   0x00000000   Code   RO         2032    .ARM.Collect$$libinit$$00000017  c_p.l(libinit2.o)
    0x00000192   0x00000192   0x00000000   Code   RO         2034    .ARM.Collect$$libinit$$00000019  c_p.l(libinit2.o)
    0x00000192   0x00000192   0x00000000   Code   RO         2036    .ARM.Collect$$libinit$$0000001B  c_p.l(libinit2.o)
    0x00000192   0x00000192   0x00000000   Code   RO         2038    .ARM.Collect$$libinit$$0000001D  c_p.l(libinit2.o)
    0x00000192   0x00000192   0x00000000   Code   RO         2040    .ARM.Collect$$libinit$$0000001F  c_p.l(libinit2.o)
    0x00000192   0x00000192   0x00000000   Code   RO         2042    .ARM.Collect$$libinit$$00000021  c_p.l(libinit2.o)
    0x00000192   0x00000192   0x00000000   Code   RO         2044    .ARM.Collect$$libinit$$00000023  c_p.l(libinit2.o)
    0x00000192   0x00000192   0x00000000   Code   RO         2046    .ARM.Collect$$libinit$$00000025  c_p.l(libinit2.o)
    0x00000192   0x00000192   0x00000004   Code   RO         2047    .ARM.Collect$$libinit$$00000026  c_p.l(libinit2.o)
    0x00000196   0x00000196   0x00000000   Code   RO         2048    .ARM.Collect$$libinit$$00000027  c_p.l(libinit2.o)
    0x00000196   0x00000196   0x00000000   Code   RO         2052    .ARM.Collect$$libinit$$0000002E  c_p.l(libinit2.o)
    0x00000196   0x00000196   0x00000000   Code   RO         2054    .ARM.Collect$$libinit$$00000030  c_p.l(libinit2.o)
    0x00000196   0x00000196   0x00000000   Code   RO         2056    .ARM.Collect$$libinit$$00000032  c_p.l(libinit2.o)
    0x00000196   0x00000196   0x00000000   Code   RO         2058    .ARM.Collect$$libinit$$00000034  c_p.l(libinit2.o)
    0x00000196   0x00000196   0x00000002   Code   RO         2059    .ARM.Collect$$libinit$$00000035  c_p.l(libinit2.o)
    0x00000198   0x00000198   0x00000002   Code   RO         2188    .ARM.Collect$$libshutdown$$00000000  c_p.l(libshutdown.o)
    0x0000019a   0x0000019a   0x00000000   Code   RO         2061    .ARM.Collect$$libshutdown$$00000002  c_p.l(libshutdown2.o)
    0x0000019a   0x0000019a   0x00000004   Code   RO         2062    .ARM.Collect$$libshutdown$$00000003  c_p.l(libshutdown2.o)
    0x0000019e   0x0000019e   0x00000000   Code   RO         2063    .ARM.Collect$$libshutdown$$00000004  c_p.l(libshutdown2.o)
    0x0000019e   0x0000019e   0x00000000   Code   RO         2066    .ARM.Collect$$libshutdown$$00000007  c_p.l(libshutdown2.o)
    0x0000019e   0x0000019e   0x00000000   Code   RO         2069    .ARM.Collect$$libshutdown$$0000000A  c_p.l(libshutdown2.o)
    0x0000019e   0x0000019e   0x00000000   Code   RO         2071    .ARM.Collect$$libshutdown$$0000000C  c_p.l(libshutdown2.o)
    0x0000019e   0x0000019e   0x00000000   Code   RO         2074    .ARM.Collect$$libshutdown$$0000000F  c_p.l(libshutdown2.o)
    0x0000019e   0x0000019e   0x00000002   Code   RO         2075    .ARM.Collect$$libshutdown$$00000010  c_p.l(libshutdown2.o)
    0x000001a0   0x000001a0   0x00000000   Code   RO         1667    .ARM.Collect$$rtentry$$00000000  c_p.l(__rtentry.o)
    0x000001a0   0x000001a0   0x00000000   Code   RO         1835    .ARM.Collect$$rtentry$$00000002  c_p.l(__rtentry2.o)
    0x000001a0   0x000001a0   0x00000006   Code   RO         1847    .ARM.Collect$$rtentry$$00000004  c_p.l(__rtentry4.o)
    0x000001a6   0x000001a6   0x00000000   Code   RO         1837    .ARM.Collect$$rtentry$$00000009  c_p.l(__rtentry2.o)
    0x000001a6   0x000001a6   0x00000004   Code   RO         1838    .ARM.Collect$$rtentry$$0000000A  c_p.l(__rtentry2.o)
    0x000001aa   0x000001aa   0x00000000   Code   RO         1840    .ARM.Collect$$rtentry$$0000000C  c_p.l(__rtentry2.o)
    0x000001aa   0x000001aa   0x00000008   Code   RO         1841    .ARM.Collect$$rtentry$$0000000D  c_p.l(__rtentry2.o)
    0x000001b2   0x000001b2   0x00000002   Code   RO         2087    .ARM.Collect$$rtexit$$00000000  c_p.l(rtexit.o)
    0x000001b4   0x000001b4   0x00000000   Code   RO         2145    .ARM.Collect$$rtexit$$00000002  c_p.l(rtexit2.o)
    0x000001b4   0x000001b4   0x00000004   Code   RO         2146    .ARM.Collect$$rtexit$$00000003  c_p.l(rtexit2.o)
    0x000001b8   0x000001b8   0x00000006   Code   RO         2147    .ARM.Collect$$rtexit$$00000004  c_p.l(rtexit2.o)
    0x000001be   0x000001be   0x00000002   PAD
    0x000001c0   0x000001c0   0x00000038   Code   RO         1524    .emb_text           c_p.l(rt_memcpy.o)
    0x000001f8   0x000001f8   0x0000002c   Code   RO         1352    .text               startup_mspm0g350x_uvision.o
    0x00000224   0x00000224   0x0000001c   Code   RO         1481    .text               c_p.l(__2printf.o)
    0x00000240   0x00000240   0x00000052   Code   RO         1491    .text               c_p.l(_printf_str.o)
    0x00000292   0x00000292   0x00000002   PAD
    0x00000294   0x00000294   0x0000006c   Code   RO         1493    .text               c_p.l(_printf_dec.o)
    0x00000300   0x00000300   0x00000188   Code   RO         1512    .text               c_p.l(__printf_flags_ss_wp.o)
    0x00000488   0x00000488   0x00000044   Code   RO         1522    .text               c_p.l(strlen.o)
    0x000004cc   0x000004cc   0x00000082   Code   RO         1525    .text               c_p.l(rt_memcpy.o)
    0x0000054e   0x0000054e   0x00000040   Code   RO         1530    .text               c_p.l(rt_memclr.o)
    0x0000058e   0x0000058e   0x00000006   Code   RO         1540    .text               c_p.l(heapauxi.o)
    0x00000594   0x00000594   0x00000160   Code   RO         1615    .text               fz_ps.l(fdiv.o)
    0x000006f4   0x000006f4   0x00000030   Code   RO         1620    .text               fz_ps.l(ffixui.o)
    0x00000724   0x00000724   0x0000005e   Code   RO         1622    .text               fz_ps.l(fflti.o)
    0x00000782   0x00000782   0x000000b0   Code   RO         1682    .text               c_p.l(_printf_intcommon.o)
    0x00000832   0x00000832   0x00000002   PAD
    0x00000834   0x00000834   0x00000030   Code   RO         1690    .text               c_p.l(_printf_char_common.o)
    0x00000864   0x00000864   0x0000002e   Code   RO         1694    .text               c_p.l(_printf_char.o)
    0x00000892   0x00000892   0x00000002   PAD
    0x00000894   0x00000894   0x00000028   Code   RO         1696    .text               c_p.l(_printf_char_file.o)
    0x000008bc   0x000008bc   0x00000028   Code   RO         1755    .text               c_p.l(rtudiv10.o)
    0x000008e4   0x000008e4   0x00000008   Code   RO         1859    .text               c_p.l(rt_errno_addr_intlibspace.o)
    0x000008ec   0x000008ec   0x00000008   Code   RO         1884    .text               c_p.l(ferror.o)
    0x000008f4   0x000008f4   0x0000013c   Code   RO         1886    .text               c_p.l(initio.o)
    0x00000a30   0x00000a30   0x00000064   Code   RO         1901    .text               fz_ps.l(fcmpin.o)
    0x00000a94   0x00000a94   0x00000008   Code   RO         1910    .text               c_p.l(libspace.o)
    0x00000a9c   0x00000a9c   0x0000003e   Code   RO         1915    .text               c_p.l(sys_stackheap_outer.o)
    0x00000ada   0x00000ada   0x00000062   Code   RO         1924    .text               c_p.l(h1_alloc.o)
    0x00000b3c   0x00000b3c   0x0000004c   Code   RO         1926    .text               c_p.l(h1_free.o)
    0x00000b88   0x00000b88   0x0000004c   Code   RO         1984    .text               c_p.l(setvbuf.o)
    0x00000bd4   0x00000bd4   0x000000f0   Code   RO         1987    .text               c_p.l(fopen.o)
    0x00000cc4   0x00000cc4   0x00000048   Code   RO         1989    .text               c_p.l(fclose.o)
    0x00000d0c   0x00000d0c   0x00000010   Code   RO         1995    .text               c_p.l(exit.o)
    0x00000d1c   0x00000d1c   0x0000000c   Code   RO         2001    .text               c_p.l(defsig_rtred_outer.o)
    0x00000d28   0x00000d28   0x0000002e   Code   RO         2076    .text               fz_ps.l(cmpret.o)
    0x00000d56   0x00000d56   0x00000002   PAD
    0x00000d58   0x00000d58   0x00000010   Code   RO         2080    .text               fz_ps.l(fnan2.o)
    0x00000d68   0x00000d68   0x00000066   Code   RO         2082    .text               c_p.l(sys_io.o)
    0x00000dce   0x00000dce   0x00000002   PAD
    0x00000dd0   0x00000dd0   0x00000008   Code   RO         2094    .text               c_p.l(rt_heap_descriptor_intlibspace.o)
    0x00000dd8   0x00000dd8   0x00000004   Code   RO         2096    .text               c_p.l(hguard.o)
    0x00000ddc   0x00000ddc   0x00000088   Code   RO         2098    .text               c_p.l(init_alloc.o)
    0x00000e64   0x00000e64   0x0000000c   Code   RO         2102    .text               c_p.l(h1_init.o)
    0x00000e70   0x00000e70   0x000000f4   Code   RO         2116    .text               c_p.l(fseek.o)
    0x00000f64   0x00000f64   0x0000010c   Code   RO         2118    .text               c_p.l(stdio.o)
    0x00001070   0x00001070   0x0000000c   Code   RO         2123    .text               c_p.l(defsig_exit.o)
    0x0000107c   0x0000107c   0x00000034   Code   RO         2127    .text               c_p.l(defsig_rtred_inner.o)
    0x000010b0   0x000010b0   0x0000005e   Code   RO         2135    .text               fz_ps.l(retnan.o)
    0x0000110e   0x0000110e   0x00000002   Code   RO         2141    .text               c_p.l(use_no_semi.o)
    0x00001110   0x00001110   0x00000000   Code   RO         2143    .text               c_p.l(indicate_semi.o)
    0x00001110   0x00001110   0x00000000   Code   RO         2153    .text               c_p.l(maybetermalloc1.o)
    0x00001110   0x00001110   0x00000034   Code   RO         2155    .text               c_p.l(h1_extend.o)
    0x00001144   0x00001144   0x00000042   Code   RO         2159    .text               c_p.l(ftell.o)
    0x00001186   0x00001186   0x00000034   Code   RO         2163    .text               c_p.l(defsig_general.o)
    0x000011ba   0x000011ba   0x0000000c   Code   RO         2165    .text               c_p.l(defsig_rtmem_outer.o)
    0x000011c6   0x000011c6   0x0000000c   Code   RO         2176    .text               c_p.l(sys_wrch.o)
    0x000011d2   0x000011d2   0x00000002   PAD
    0x000011d4   0x000011d4   0x00000050   Code   RO         2182    .text               c_p.l(defsig_rtmem_inner.o)
    0x00001224   0x00001224   0x00000054   Code   RO         1223    .text.AD9280_AppInit  ad9280_app.o
    0x00001278   0x00001278   0x00000140   Code   RO         1196    .text.AD9280_Init   ad9280.o
    0x000013b8   0x000013b8   0x00000010   Code   RO         1132    .text.AD9708_AppInit  ad9708_app.o
    0x000013c8   0x000013c8   0x000000fc   Code   RO         1053    .text.AD9708_Init   ad9708.o
    0x000014c4   0x000014c4   0x000000d8   Code   RO         1061    .text.AD9708_PollStatus  ad9708.o
    0x0000159c   0x0000159c   0x000002b8   Code   RO         1057    .text.AD9708_Reset  ad9708.o
    0x00001854   0x00001854   0x00000058   Code   RO         1055    .text.AD9708_WaitReady  ad9708.o
    0x000018ac   0x000018ac   0x000000b4   Code   RO          205    .text.ADC_Sample_Init  adc_app.o
    0x00001960   0x00001960   0x00000218   Code   RO          211    .text.ADC_Sample_Process  adc_app.o
    0x00001b78   0x00001b78   0x000000c0   Code   RO          207    .text.ADC_Sample_Start  adc_app.o
    0x00001c38   0x00001c38   0x0000006c   Code   RO          269    .text.Command_Write  serial_buffer.o
    0x00001ca4   0x00001ca4   0x00000040   Code   RO         1359    .text.DL_ADC12_setClockConfig  driverlib.a(dl_adc12.o)
    0x00001ce4   0x00001ce4   0x0000000a   Code   RO         1371    .text.DL_Common_delayCycles  driverlib.a(dl_common.o)
    0x00001cee   0x00001cee   0x00000002   PAD
    0x00001cf0   0x00001cf0   0x00000028   Code   RO         1410    .text.DL_SPI_drainRXFIFO8  driverlib.a(dl_spi.o)
    0x00001d18   0x00001d18   0x00000044   Code   RO         1380    .text.DL_SPI_init   driverlib.a(dl_spi.o)
    0x00001d5c   0x00001d5c   0x00000012   Code   RO         1382    .text.DL_SPI_setClockConfig  driverlib.a(dl_spi.o)
    0x00001d6e   0x00001d6e   0x00000002   PAD
    0x00001d70   0x00001d70   0x0000008c   Code   RO         1440    .text.DL_UART_configBaudRate  driverlib.a(dl_uart.o)
    0x00001dfc   0x00001dfc   0x00000048   Code   RO         1434    .text.DL_UART_init  driverlib.a(dl_uart.o)
    0x00001e44   0x00001e44   0x0000001c   Code   RO         1450    .text.DL_UART_receiveDataCheck  driverlib.a(dl_uart.o)
    0x00001e60   0x00001e60   0x00000012   Code   RO         1436    .text.DL_UART_setClockConfig  driverlib.a(dl_uart.o)
    0x00001e72   0x00001e72   0x00000002   PAD
    0x00001e74   0x00001e74   0x0000004c   Code   RO          150    .text.FPGA_Link_Begin  fpga_link_ti.o
    0x00001ec0   0x00001ec0   0x00000024   Code   RO          152    .text.FPGA_Link_End  fpga_link_ti.o
    0x00001ee4   0x00001ee4   0x0000001c   Code   RO          146    .text.FPGA_Link_GetDefaultConfig  fpga_link_ti.o
    0x00001f00   0x00001f00   0x00000060   Code   RO          148    .text.FPGA_Link_Init  fpga_link_ti.o
    0x00001f60   0x00001f60   0x000001e2   Code   RO          158    .text.FPGA_Link_ReadReg  fpga_link_ti.o
    0x00002142   0x00002142   0x00000002   PAD
    0x00002144   0x00002144   0x00000338   Code   RO          156    .text.FPGA_Link_Transfer  fpga_link_ti.o
    0x0000247c   0x0000247c   0x00000014   Code   RO          154    .text.FPGA_Link_WriteReg  fpga_link_ti.o
    0x00002490   0x00002490   0x00000030   Code   RO           93    .text.HAL_Delay     nuedc_hal_compat.o
    0x000024c0   0x000024c0   0x00000068   Code   RO           99    .text.HAL_GPIO_WritePin  nuedc_hal_compat.o
    0x00002528   0x00002528   0x00000008   Code   RO           91    .text.HAL_GetTick   nuedc_hal_compat.o
    0x00002530   0x00002530   0x00000020   Code   RO          111    .text.HAL_UART_Receive_IT  nuedc_hal_compat.o
    0x00002550   0x00002550   0x00000030   Code   RO         1333    .text.HAL_UART_RxCpltCallback  screen_test.o
    0x00002580   0x00002580   0x000000c4   Code   RO          109    .text.HAL_UART_Transmit  nuedc_hal_compat.o
    0x00002644   0x00002644   0x0000002c   Code   RO           87    .text.NUEDC_HAL_GetCycleCount  nuedc_hal_compat.o
    0x00002670   0x00002670   0x00000034   Code   RO           81    .text.NUEDC_HAL_Init  nuedc_hal_compat.o
    0x000026a4   0x000026a4   0x000000a8   Code   RO           83    .text.NUEDC_HAL_Service  nuedc_hal_compat.o
    0x0000274c   0x0000274c   0x00000178   Code   RO          101    .text.NUEDC_MapGpioPin  nuedc_hal_compat.o
    0x000028c4   0x000028c4   0x00000008   Code   RO           16    .text.NUEDC_PortGetTick  nuedc_port.o
    0x000028cc   0x000028cc   0x00000060   Code   RO           12    .text.NUEDC_PortInit  nuedc_port.o
    0x0000292c   0x0000292c   0x00000010   Code   RO           14    .text.NUEDC_PortProcess  nuedc_port.o
    0x0000293c   0x0000293c   0x0000005c   Code   RO           36    .text.SYSCFG_DL_ADC12_0_init  ti_msp_dl_config.o
    0x00002998   0x00002998   0x00000048   Code   RO           38    .text.SYSCFG_DL_FPGA_SPI_init  ti_msp_dl_config.o
    0x000029e0   0x000029e0   0x0000008c   Code   RO           32    .text.SYSCFG_DL_GPIO_init  ti_msp_dl_config.o
    0x00002a6c   0x00002a6c   0x00000030   Code   RO           30    .text.SYSCFG_DL_SYSCTL_init  ti_msp_dl_config.o
    0x00002a9c   0x00002a9c   0x00000074   Code   RO           34    .text.SYSCFG_DL_UART_0_init  ti_msp_dl_config.o
    0x00002b10   0x00002b10   0x0000001c   Code   RO           26    .text.SYSCFG_DL_init  ti_msp_dl_config.o
    0x00002b2c   0x00002b2c   0x00000048   Code   RO           28    .text.SYSCFG_DL_initPower  ti_msp_dl_config.o
    0x00002b74   0x00002b74   0x00000020   Code   RO           89    .text.SysTick_Handler  nuedc_hal_compat.o
    0x00002b94   0x00002b94   0x00000004   Code   RO          193    .text._sys_exit     nuedc_retarget.o
    0x00002b98   0x00002b98   0x00000020   Code   RO          189    .text.fputc         nuedc_retarget.o
    0x00002bb8   0x00002bb8   0x00000034   Code   RO            2    .text.main          main.o
    0x00002bec   0x00002bec   0x000001f6   Code   RO         1533    .text_divfast       c_p.l(aeabi_sdivfast.o)
    0x00002de2   0x00002de2   0x00000016   Code   RO         1599    i._fgr              fz_ps.l(fcmp.o)
    0x00002df8   0x00002df8   0x0000001a   Code   RO         1600    i._fleq             fz_ps.l(fcmp.o)
    0x00002e12   0x00002e12   0x00000016   Code   RO         1601    i._fls              fz_ps.l(fcmp.o)
    0x00002e28   0x00002e28   0x0000000e   Code   RO         1505    i._is_digit         c_p.l(__printf_wp.o)
    0x00002e36   0x00002e36   0x00000002   PAD
    0x00002e38   0x00002e38   0x0000008c   Code   RO         1585    x$fpl$fadd          fz_ps.l(faddsub.o)
    0x00002ec4   0x00002ec4   0x00000054   Code   RO         1769    x$fpl$fgeqf         fz_ps.l(fgef.o)
    0x00002f18   0x00002f18   0x00000054   Code   RO         1771    x$fpl$fleqf         fz_ps.l(flef.o)
    0x00002f6c   0x00002f6c   0x000000b0   Code   RO         1624    x$fpl$fmul          fz_ps.l(fmul.o)
    0x0000301c   0x0000301c   0x000000d0   Code   RO         1587    x$fpl$fsub          fz_ps.l(faddsub.o)
    0x000030ec   0x000030ec   0x00000000   Code   RO         1787    x$fpl$usenofp       fz_ps.l(usenofp.o)
    0x000030ec   0x000030ec   0x00000011   Data   RO         1513    .constdata          c_p.l(__printf_flags_ss_wp.o)
    0x000030fd   0x000030fd   0x00000040   Data   RO         1616    .constdata          fz_ps.l(fdiv.o)
    0x0000313d   0x0000313d   0x00000004   Data   RO         1907    .constdata          c_p.l(sys_io_names.o)
    0x00003141   0x00003141   0x00000004   Data   RO         1908    .constdata          c_p.l(sys_io_names.o)
    0x00003145   0x00003145   0x00000004   Data   RO         1909    .constdata          c_p.l(sys_io_names.o)
    0x00003149   0x00003149   0x00000003   PAD
    0x0000314c   0x0000314c   0x00000008   Data   RO           42    .rodata.gADC12_0ClockConfig  ti_msp_dl_config.o
    0x00003154   0x00003154   0x00000002   Data   RO           43    .rodata.gFpgaSpiClockConfig  ti_msp_dl_config.o
    0x00003156   0x00003156   0x0000000a   Data   RO           44    .rodata.gFpgaSpiConfig  ti_msp_dl_config.o
    0x00003160   0x00003160   0x00000002   Data   RO           40    .rodata.gUART_0ClockConfig  ti_msp_dl_config.o
    0x00003162   0x00003162   0x0000000a   Data   RO           41    .rodata.gUART_0Config  ti_msp_dl_config.o
    0x0000316c   0x0000316c   0x00000024   Data   RO          115    .rodata.str1.1      nuedc_hal_compat.o
    0x00003190   0x00003190   0x00000005   Data   RO          252    .rodata.str1.1      adc_app.o
    0x00003195   0x00003195   0x00000003   PAD
    0x00003198   0x00003198   0x00000020   Data   RO         2205    Region$$Table       anon$$obj.o


    Execution Region RW_IRAM2 (Exec base: 0x20200000, Load base: 0x000031b8, Size: 0x000017a8, Max: 0x00008000, ABSOLUTE)

    Exec Addr    Load Addr    Size         Type   Attr      Idx    E Section Name        Object

    0x20200000   0x000031b8   0x00000004   Data   RW         1752    .data               c_p.l(stdio_streams.o)
    0x20200004   0x000031bc   0x00000004   Data   RW         1753    .data               c_p.l(stdio_streams.o)
    0x20200008   0x000031c0   0x00000004   Data   RW         1754    .data               c_p.l(stdio_streams.o)
    0x2020000c   0x000031c4   0x00000008   Data   RW          116    .data.NUEDC_STM32_GPIOA  nuedc_hal_compat.o
    0x20200014   0x000031cc   0x00000024   Data   RW          122    .data.hspi1         nuedc_hal_compat.o
    0x20200038   0x000031f0   0x00000004   Data   RW          125    .data.huart2        nuedc_hal_compat.o
    0x2020003c   0x000031f4   0x00000004   Data   RW          240    .data.s_sample_rate_hz  adc_app.o
    0x20200040   0x000031f8   0x00000004   Data   RW          239    .data.s_vref_v      adc_app.o
    0x20200044   0x000031fc   0x00000004   PAD
    0x20200048        -       0x00000054   Zero   RW         1749    .bss                c_p.l(stdio_streams.o)
    0x2020009c        -       0x00000054   Zero   RW         1750    .bss                c_p.l(stdio_streams.o)
    0x202000f0        -       0x00000054   Zero   RW         1751    .bss                c_p.l(stdio_streams.o)
    0x20200144        -       0x00000060   Zero   RW         1911    .bss                c_p.l(libspace.o)
    0x202001a4        -       0x00000008   Zero   RW          129    .bss.NUEDC_DWT      nuedc_hal_compat.o
    0x202001ac        -       0x00000080   Zero   RW          275    .bss.buffer         serial_buffer.o
    0x2020022c        -       0x00000001   Zero   RW          273    .bss.readIndex      serial_buffer.o
    0x2020022d   0x000031fc   0x00000003   PAD
    0x20200230        -       0x00000024   Zero   RW         1243    .bss.s_ad9280_app_data  ad9280_app.o
    0x20200254        -       0x0000001c   Zero   RW         1244    .bss.s_ad9280_calibration  ad9280_app.o
    0x20200270        -       0x00000038   Zero   RW         1212    .bss.s_ad9280_data  ad9280.o
    0x202002a8        -       0x00000038   Zero   RW         1214    .bss.s_ad9280_link  ad9280.o
    0x202002e0        -       0x00000001   Zero   RW         1213    .bss.s_ad9280_link_ready  ad9280.o
    0x202002e1   0x000031fc   0x00000003   PAD
    0x202002e4        -       0x00000044   Zero   RW         1119    .bss.s_ad9708_data  ad9708.o
    0x20200328        -       0x00000038   Zero   RW         1121    .bss.s_ad9708_link  ad9708.o
    0x20200360        -       0x00000001   Zero   RW         1120    .bss.s_ad9708_link_ready  ad9708.o
    0x20200361        -       0x00000001   Zero   RW          247    .bss.s_buffer_locked  adc_app.o
    0x20200362        -       0x00000001   Zero   RW          244    .bss.s_data_ready   adc_app.o
    0x20200363   0x000031fc   0x00000001   PAD
    0x20200364        -       0x00000020   Zero   RW          137    .bss.s_gpio_shadow  nuedc_hal_compat.o
    0x20200384        -       0x00000004   Zero   RW          132    .bss.s_hal_tick_ms  nuedc_hal_compat.o
    0x20200388        -       0x00000001   Zero   RW          245    .bss.s_half_ready   adc_app.o
    0x20200389        -       0x00000001   Zero   RW          242    .bss.s_initialized  adc_app.o
    0x2020038a        -       0x00000001   Zero   RW          248    .bss.s_overrun_count  adc_app.o
    0x2020038b        -       0x00000001   Zero   RW          241    .bss.s_print_raw    adc_app.o
    0x2020038c        -       0x00000400   Zero   RW          250    .bss.s_raw_buffer   adc_app.o
    0x2020078c        -       0x00000004   Zero   RW          249    .bss.s_sample_period_cycles  adc_app.o
    0x20200790        -       0x00000001   Zero   RW         1338    .bss.s_screen_rx_byte  screen_test.o
    0x20200791        -       0x00000001   Zero   RW          243    .bss.s_started      adc_app.o
    0x20200792        -       0x00000001   Zero   RW          246    .bss.s_sync_enable  adc_app.o
    0x20200793   0x000031fc   0x00000001   PAD
    0x20200794        -       0x00000004   Zero   RW          133    .bss.s_uart_rx_buf  nuedc_hal_compat.o
    0x20200798        -       0x00000004   Zero   RW          136    .bss.s_uart_rx_huart  nuedc_hal_compat.o
    0x2020079c        -       0x00000002   Zero   RW          134    .bss.s_uart_rx_index  nuedc_hal_compat.o
    0x2020079e        -       0x00000002   Zero   RW          135    .bss.s_uart_rx_len  nuedc_hal_compat.o
    0x202007a0        -       0x00000800   Zero   RW          251    .bss.s_voltage_buffer  adc_app.o
    0x20200fa0        -       0x00000001   Zero   RW          274    .bss.writeIndex     serial_buffer.o
    0x20200fa1   0x000031fc   0x00000007   PAD
    0x20200fa8        -       0x00000000   Zero   RW         1350    HEAP                startup_mspm0g350x_uvision.o
    0x20200fa8        -       0x00000800   Zero   RW         1349    STACK               startup_mspm0g350x_uvision.o



  Load Region LR_BCR (Base: 0x41c00000, Size: 0x00000000, Max: 0x00000100, ABSOLUTE)

    Execution Region BCR_CONFIG (Exec base: 0x41c00000, Load base: 0x41c00000, Size: 0x00000000, Max: 0x000000ff, ABSOLUTE)

    **** No section assigned to this execution region ****



  Load Region LR_BSL (Base: 0x41c00100, Size: 0x00000000, Max: 0x00000100, ABSOLUTE)

    Execution Region BSL_CONFIG (Exec base: 0x41c00100, Load base: 0x41c00100, Size: 0x00000000, Max: 0x00000080, ABSOLUTE)

    **** No section assigned to this execution region ****


==============================================================================

Image component sizes


      Code (inc. data)   RO Data    RW Data    ZI Data      Debug   Object Name

       320         24          0          0        113      10410   ad9280.o
        84         24          0          0         64       6254   ad9280_app.o
      1252         52          0          0        125      35897   ad9708.o
        16          4          0          0          0      11886   ad9708_app.o
       908         84          5          8       3084       9886   adc_app.o
      1562         20          0          0          0      14071   fpga_link_ti.o
        52          4          0          0          0       3680   main.o
      1060        102         36         48         56      24314   nuedc_hal_compat.o
       120         40          0          0          0       1848   nuedc_port.o
        36          4          0          0          0       1450   nuedc_retarget.o
        48         12          0          0          1       6407   screen_test.o
       108         12          0          0        130       4169   serial_buffer.o
        44         18        192          0       2048        696   startup_mspm0g350x_uvision.o
       568        136         32          0          0      23369   ti_msp_dl_config.o

    ----------------------------------------------------------------------
      6180        536        300         56       5640     154337   Object Totals
         0          0         32          0          0          0   (incl. Generated)
         2          0          3          0         19          0   (incl. Padding)

    ----------------------------------------------------------------------

      Code (inc. data)   RO Data    RW Data    ZI Data      Debug   Library Member Name

        28          6          0          0          0         84   __2printf.o
         8          0          0          0          0         68   __main.o
       392          6         17          0          0         76   __printf_flags_ss_wp.o
        14          0          0          0          0         60   __printf_wp.o
         0          0          0          0          0          0   __rtentry.o
        12          0          0          0          0          0   __rtentry2.o
         6          0          0          0          0          0   __rtentry4.o
        86         10          0          0          0          0   __scatter.o
        26          0          0          0          0          0   __scatter_copy.o
        28          0          0          0          0          0   __scatter_zi.o
        46          0          0          0          0        100   _printf_char.o
        48          6          0          0          0         88   _printf_char_common.o
        40          6          0          0          0         72   _printf_char_file.o
        10          0          0          0          0          0   _printf_d.o
       108         18          0          0          0         76   _printf_dec.o
       176          0          0          0          0         84   _printf_intcommon.o
         2          0          0          0          0          0   _printf_percent.o
         4          0          0          0          0          0   _printf_percent_end.o
        10          0          0          0          0          0   _printf_s.o
        82          0          0          0          0         72   _printf_str.o
        10          0          0          0          0          0   _printf_u.o
       502          0          0          0          0         92   aeabi_sdivfast.o
        12          0          0          0          0         68   defsig_exit.o
        52          0          0          0          0         72   defsig_general.o
        80         58          0          0          0         68   defsig_rtmem_inner.o
        12          0          0          0          0         68   defsig_rtmem_outer.o
        52         38          0          0          0         68   defsig_rtred_inner.o
        12          0          0          0          0         68   defsig_rtred_outer.o
        16          0          0          0          0         68   exit.o
        72          0          0          0          0         76   fclose.o
         8          0          0          0          0         60   ferror.o
       240         10          0          0          0        108   fopen.o
       244          4          0          0          0         76   fseek.o
        66          0          0          0          0         68   ftell.o
        98          0          0          0          0         72   h1_alloc.o
        52          0          0          0          0         68   h1_extend.o
        76          0          0          0          0         72   h1_free.o
        12          0          0          0          0         76   h1_init.o
         6          0          0          0          0        136   heapauxi.o
         4          0          0          0          0        120   hguard.o
         0          0          0          0          0          0   indicate_semi.o
       136          0          0          0          0        160   init_alloc.o
       316         44          0          0          0         96   initio.o
         2          0          0          0          0          0   libinit.o
        14          0          0          0          0          0   libinit2.o
         2          0          0          0          0          0   libshutdown.o
         6          0          0          0          0          0   libshutdown2.o
         8          4          0          0         96         68   libspace.o
         0          0          0          0          0          0   maybetermalloc1.o
         8          4          0          0          0         68   rt_errno_addr_intlibspace.o
         8          4          0          0          0         68   rt_heap_descriptor_intlibspace.o
        64          0          0          0          0        108   rt_memclr.o
       186          0          0          0          0        144   rt_memcpy.o
         2          0          0          0          0          0   rtexit.o
        10          0          0          0          0          0   rtexit2.o
        40          0          0          0          0         60   rtudiv10.o
        76          4          0          0          0         72   setvbuf.o
       268         14          0          0          0        152   stdio.o
         0          0          0         12        252          0   stdio_streams.o
        68          6          0          0          0         72   strlen.o
       102          0          0          0          0        232   sys_io.o
         0          0         12          0          0          0   sys_io_names.o
        62          0          0          0          0         80   sys_stackheap_outer.o
        12          0          0          0          0         68   sys_wrch.o
         2          0          0          0          0         68   use_no_semi.o
        64          8          0          0          0       4710   dl_adc12.o
        10          0          0          0          0        791   dl_common.o
       126         12          0          0          0      13642   dl_spi.o
       258         20          0          0          0      14223   dl_uart.o
        46          0          0          0          0         60   cmpret.o
       348          8          0          0          0        160   faddsub.o
        70          0          0          0          0        204   fcmp.o
       100          4          0          0          0         68   fcmpin.o
       352         10         64          0          0         92   fdiv.o
        48          0          0          0          0         60   ffixui.o
        94          0          0          0          0         92   fflti.o
        84          4          0          0          0         76   fgef.o
        84          4          0          0          0         76   flef.o
       176          4          0          0          0         80   fmul.o
        16          6          0          0          0         68   fnan2.o
        94          0          0          0          0         68   retnan.o
         0          0          0          0          0          0   usenofp.o

    ----------------------------------------------------------------------
      6152        326         96         12        348      38270   Library Totals
        38          4          3          0          0          0   (incl. Padding)

    ----------------------------------------------------------------------

      Code (inc. data)   RO Data    RW Data    ZI Data      Debug   Library Name

      4144        242         29         12        348       3800   c_p.l
       458         40          0          0          0      33366   driverlib.a
      1512         40         64          0          0       1104   fz_ps.l

    ----------------------------------------------------------------------
      6152        326         96         12        348      38270   Library Totals

    ----------------------------------------------------------------------

==============================================================================


      Code (inc. data)   RO Data    RW Data    ZI Data      Debug   

     12332        862        396         68       5988     189815   Grand Totals
     12332        862        396         68       5988     189815   ELF Image Totals
     12332        862        396         68          0          0   ROM Totals

==============================================================================

    Total RO  Size (Code + RO Data)                12728 (  12.43kB)
    Total RW  Size (RW Data + ZI Data)              6056 (   5.91kB)
    Total ROM Size (Code + RO Data + RW Data)      12796 (  12.50kB)

==============================================================================

