Copyright 1986-2018 Xilinx, Inc. All Rights Reserved.
---------------------------------------------------------------------------------------------------------------------------------------------------------------------------------------------------------------------------------
| Tool Version : Vivado v.2018.3 (win64) Build 2405991 Thu Dec  6 23:38:27 MST 2018
| Date         : Thu Jul 23 22:19:49 2026
| Host         : FYH2005 running 64-bit major release  (build 9200)
| Command      : report_cdc -details -from [get_clocks clk32] -to [get_clocks clk_50m] -file C:/Users/21274/AppData/Local/Temp/NF/Vivado/BX71_AD9708_AD9280_PS7/BX71_AD9708_AD9280_PS7.runs/impl_1/ad9708_ps7_cdc_adc_to_cfg.rpt
| Design       : ad9708_zynq_top
| Device       : 7z020-clg400
| Speed File   : -2  PRODUCTION 1.11 2014-09-11
---------------------------------------------------------------------------------------------------------------------------------------------------------------------------------------------------------------------------------

CDC Report

ID      Severity  Count  Description
------  --------  -----  ------------------------------------------------------
CDC-3   Info          8  1-bit synchronized with ASYNC_REG property
CDC-5   Warning       6  Multi-bit synchronized with missing ASYNC_REG property
CDC-15  Warning      18  Clock enable controlled CDC structure detected

Source Clock: clk32
Destination Clock: clk_50m
CDC Type: Safely Timed

Row  ID      Severity  Description                                             Depth  Exception   Source (From)                                                                                                                                                      Destination (To)
---  ------  --------  ------------------------------------------------------  -----  ----------  -----------------------------------------------------------------------------------------------------------------------------------------------------------------  ------------------------------------------------------------------------------------------------------------------------------------------
  1  CDC-3   Info      1-bit synchronized with ASYNC_REG property                  2  False Path  ad9708_logic/adc_capture/busy_adc_reg/C                                                                                                                            ad9708_logic/adc_capture/busy_sync_reg[0]/D
  2  CDC-5   Warning   Multi-bit synchronized with missing ASYNC_REG property      2  False Path  ad9708_logic/adc_capture/captured_count_adc_reg[12:0]/C                                                                                                            ad9708_logic/adc_capture/captured_count_meta_reg[12:0]/D
  3  CDC-3   Info      1-bit synchronized with ASYNC_REG property                  3  False Path  ad9708_logic/adc_capture/completion_toggle_adc_reg/C                                                                                                               ad9708_logic/adc_capture/completion_toggle_sync_reg[0]/D
  4  CDC-5   Warning   Multi-bit synchronized with missing ASYNC_REG property      2  False Path  ad9708_logic/adc_capture/previous_sample_adc_reg[7:0]/C                                                                                                            ad9708_logic/adc_capture/latest_sample_meta_reg[7:0]/D
  5  CDC-5   Warning   Multi-bit synchronized with missing ASYNC_REG property      2  False Path  ad9708_logic/adc_capture/overrange_count_adc_reg[31:0]/C                                                                                                           ad9708_logic/adc_capture/overrange_count_meta_reg[31:0]/D
  6  CDC-3   Info      1-bit synchronized with ASYNC_REG property                  2  False Path  ad9708_logic/adc_capture/overrange_adc_reg/C                                                                                                                       ad9708_logic/adc_capture/overrange_sync_reg[0]/D
  7  CDC-5   Warning   Multi-bit synchronized with missing ASYNC_REG property      2  False Path  ad9708_logic/adc_capture/sample_max_adc_reg[7:0]/C                                                                                                                 ad9708_logic/adc_capture/sample_max_meta_reg[7:0]/D
  8  CDC-5   Warning   Multi-bit synchronized with missing ASYNC_REG property      2  False Path  ad9708_logic/adc_capture/sample_min_adc_reg[7:0]/C                                                                                                                 ad9708_logic/adc_capture/sample_min_meta_reg[7:0]/D
  9  CDC-5   Warning   Multi-bit synchronized with missing ASYNC_REG property      2  False Path  ad9708_logic/adc_capture/sample_sum_adc_reg[31:0]/C                                                                                                                ad9708_logic/adc_capture/sample_sum_meta_reg[31:0]/D
 10  CDC-3   Info      1-bit synchronized with ASYNC_REG property                  2  False Path  ad9708_logic/adc_capture/triggered_adc_reg/C                                                                                                                       ad9708_logic/adc_capture/triggered_sync_reg[0]/D
 11  CDC-15  Warning   Clock enable controlled CDC structure detected              0  False Path  ad9708_logic/dsp_core/adc_async_fifo/gnuram_async_fifo.xpm_fifo_base_inst/gen_sdpram.xpm_memory_base_inst/gen_wr_a.gen_word_narrow.mem_reg_0_31_0_5/RAMA/CLK       ad9708_logic/dsp_core/adc_async_fifo/gnuram_async_fifo.xpm_fifo_base_inst/gen_sdpram.xpm_memory_base_inst/gen_rd_b.doutb_reg_reg[0]/D
 12  CDC-15  Warning   Clock enable controlled CDC structure detected              0  False Path  ad9708_logic/dsp_core/adc_async_fifo/gnuram_async_fifo.xpm_fifo_base_inst/gen_sdpram.xpm_memory_base_inst/gen_wr_a.gen_word_narrow.mem_reg_0_31_0_5/RAMA_D1/CLK    ad9708_logic/dsp_core/adc_async_fifo/gnuram_async_fifo.xpm_fifo_base_inst/gen_sdpram.xpm_memory_base_inst/gen_rd_b.doutb_reg_reg[1]/D
 13  CDC-15  Warning   Clock enable controlled CDC structure detected              0  False Path  ad9708_logic/dsp_core/adc_async_fifo/gnuram_async_fifo.xpm_fifo_base_inst/gen_sdpram.xpm_memory_base_inst/gen_wr_a.gen_word_narrow.mem_reg_0_31_0_5/RAMB/CLK       ad9708_logic/dsp_core/adc_async_fifo/gnuram_async_fifo.xpm_fifo_base_inst/gen_sdpram.xpm_memory_base_inst/gen_rd_b.doutb_reg_reg[2]/D
 14  CDC-15  Warning   Clock enable controlled CDC structure detected              0  False Path  ad9708_logic/dsp_core/adc_async_fifo/gnuram_async_fifo.xpm_fifo_base_inst/gen_sdpram.xpm_memory_base_inst/gen_wr_a.gen_word_narrow.mem_reg_0_31_0_5/RAMB_D1/CLK    ad9708_logic/dsp_core/adc_async_fifo/gnuram_async_fifo.xpm_fifo_base_inst/gen_sdpram.xpm_memory_base_inst/gen_rd_b.doutb_reg_reg[3]/D
 15  CDC-15  Warning   Clock enable controlled CDC structure detected              0  False Path  ad9708_logic/dsp_core/adc_async_fifo/gnuram_async_fifo.xpm_fifo_base_inst/gen_sdpram.xpm_memory_base_inst/gen_wr_a.gen_word_narrow.mem_reg_0_31_0_5/RAMC/CLK       ad9708_logic/dsp_core/adc_async_fifo/gnuram_async_fifo.xpm_fifo_base_inst/gen_sdpram.xpm_memory_base_inst/gen_rd_b.doutb_reg_reg[4]/D
 16  CDC-15  Warning   Clock enable controlled CDC structure detected              0  False Path  ad9708_logic/dsp_core/adc_async_fifo/gnuram_async_fifo.xpm_fifo_base_inst/gen_sdpram.xpm_memory_base_inst/gen_wr_a.gen_word_narrow.mem_reg_0_31_0_5/RAMC_D1/CLK    ad9708_logic/dsp_core/adc_async_fifo/gnuram_async_fifo.xpm_fifo_base_inst/gen_sdpram.xpm_memory_base_inst/gen_rd_b.doutb_reg_reg[5]/D
 17  CDC-15  Warning   Clock enable controlled CDC structure detected              0  False Path  ad9708_logic/dsp_core/adc_async_fifo/gnuram_async_fifo.xpm_fifo_base_inst/gen_sdpram.xpm_memory_base_inst/gen_wr_a.gen_word_narrow.mem_reg_0_31_6_11/RAMA/CLK      ad9708_logic/dsp_core/adc_async_fifo/gnuram_async_fifo.xpm_fifo_base_inst/gen_sdpram.xpm_memory_base_inst/gen_rd_b.doutb_reg_reg[6]/D
 18  CDC-15  Warning   Clock enable controlled CDC structure detected              0  False Path  ad9708_logic/dsp_core/adc_async_fifo/gnuram_async_fifo.xpm_fifo_base_inst/gen_sdpram.xpm_memory_base_inst/gen_wr_a.gen_word_narrow.mem_reg_0_31_6_11/RAMA_D1/CLK   ad9708_logic/dsp_core/adc_async_fifo/gnuram_async_fifo.xpm_fifo_base_inst/gen_sdpram.xpm_memory_base_inst/gen_rd_b.doutb_reg_reg[7]/D
 19  CDC-15  Warning   Clock enable controlled CDC structure detected              0  False Path  ad9708_logic/dsp_core/adc_async_fifo/gnuram_async_fifo.xpm_fifo_base_inst/gen_sdpram.xpm_memory_base_inst/gen_wr_a.gen_word_narrow.mem_reg_0_31_6_11/RAMB/CLK      ad9708_logic/dsp_core/adc_async_fifo/gnuram_async_fifo.xpm_fifo_base_inst/gen_sdpram.xpm_memory_base_inst/gen_rd_b.doutb_reg_reg[8]/D
 20  CDC-15  Warning   Clock enable controlled CDC structure detected              0  False Path  ad9708_logic/dsp_core/adc_async_fifo/gnuram_async_fifo.xpm_fifo_base_inst/gen_sdpram.xpm_memory_base_inst/gen_wr_a.gen_word_narrow.mem_reg_0_31_6_11/RAMB_D1/CLK   ad9708_logic/dsp_core/adc_async_fifo/gnuram_async_fifo.xpm_fifo_base_inst/gen_sdpram.xpm_memory_base_inst/gen_rd_b.doutb_reg_reg[9]/D
 21  CDC-15  Warning   Clock enable controlled CDC structure detected              0  False Path  ad9708_logic/dsp_core/adc_async_fifo/gnuram_async_fifo.xpm_fifo_base_inst/gen_sdpram.xpm_memory_base_inst/gen_wr_a.gen_word_narrow.mem_reg_0_31_6_11/RAMC/CLK      ad9708_logic/dsp_core/adc_async_fifo/gnuram_async_fifo.xpm_fifo_base_inst/gen_sdpram.xpm_memory_base_inst/gen_rd_b.doutb_reg_reg[10]/D
 22  CDC-15  Warning   Clock enable controlled CDC structure detected              0  False Path  ad9708_logic/dsp_core/adc_async_fifo/gnuram_async_fifo.xpm_fifo_base_inst/gen_sdpram.xpm_memory_base_inst/gen_wr_a.gen_word_narrow.mem_reg_0_31_6_11/RAMC_D1/CLK   ad9708_logic/dsp_core/adc_async_fifo/gnuram_async_fifo.xpm_fifo_base_inst/gen_sdpram.xpm_memory_base_inst/gen_rd_b.doutb_reg_reg[11]/D
 23  CDC-15  Warning   Clock enable controlled CDC structure detected              0  False Path  ad9708_logic/dsp_core/adc_async_fifo/gnuram_async_fifo.xpm_fifo_base_inst/gen_sdpram.xpm_memory_base_inst/gen_wr_a.gen_word_narrow.mem_reg_0_31_12_17/RAMA/CLK     ad9708_logic/dsp_core/adc_async_fifo/gnuram_async_fifo.xpm_fifo_base_inst/gen_sdpram.xpm_memory_base_inst/gen_rd_b.doutb_reg_reg[12]/D
 24  CDC-15  Warning   Clock enable controlled CDC structure detected              0  False Path  ad9708_logic/dsp_core/adc_async_fifo/gnuram_async_fifo.xpm_fifo_base_inst/gen_sdpram.xpm_memory_base_inst/gen_wr_a.gen_word_narrow.mem_reg_0_31_12_17/RAMA_D1/CLK  ad9708_logic/dsp_core/adc_async_fifo/gnuram_async_fifo.xpm_fifo_base_inst/gen_sdpram.xpm_memory_base_inst/gen_rd_b.doutb_reg_reg[13]/D
 25  CDC-15  Warning   Clock enable controlled CDC structure detected              0  False Path  ad9708_logic/dsp_core/adc_async_fifo/gnuram_async_fifo.xpm_fifo_base_inst/gen_sdpram.xpm_memory_base_inst/gen_wr_a.gen_word_narrow.mem_reg_0_31_12_17/RAMB/CLK     ad9708_logic/dsp_core/adc_async_fifo/gnuram_async_fifo.xpm_fifo_base_inst/gen_sdpram.xpm_memory_base_inst/gen_rd_b.doutb_reg_reg[14]/D
 26  CDC-15  Warning   Clock enable controlled CDC structure detected              0  False Path  ad9708_logic/dsp_core/adc_async_fifo/gnuram_async_fifo.xpm_fifo_base_inst/gen_sdpram.xpm_memory_base_inst/gen_wr_a.gen_word_narrow.mem_reg_0_31_12_17/RAMB_D1/CLK  ad9708_logic/dsp_core/adc_async_fifo/gnuram_async_fifo.xpm_fifo_base_inst/gen_sdpram.xpm_memory_base_inst/gen_rd_b.doutb_reg_reg[15]/D
 27  CDC-15  Warning   Clock enable controlled CDC structure detected              0  False Path  ad9708_logic/dsp_core/adc_async_fifo/gnuram_async_fifo.xpm_fifo_base_inst/gen_sdpram.xpm_memory_base_inst/gen_wr_a.gen_word_narrow.mem_reg_0_31_12_17/RAMC/CLK     ad9708_logic/dsp_core/adc_async_fifo/gnuram_async_fifo.xpm_fifo_base_inst/gen_sdpram.xpm_memory_base_inst/gen_rd_b.doutb_reg_reg[16]/D
 28  CDC-15  Warning   Clock enable controlled CDC structure detected              0  False Path  ad9708_logic/dsp_core/adc_async_fifo/gnuram_async_fifo.xpm_fifo_base_inst/gen_sdpram.xpm_memory_base_inst/gen_wr_a.gen_word_narrow.mem_reg_0_31_12_17/RAMC_D1/CLK  ad9708_logic/dsp_core/adc_async_fifo/gnuram_async_fifo.xpm_fifo_base_inst/gen_sdpram.xpm_memory_base_inst/gen_rd_b.doutb_reg_reg[17]/D
 29  CDC-3   Info      1-bit synchronized with ASYNC_REG property                  2  False Path  ad9708_logic/dsp_core/adc_async_fifo/gnuram_async_fifo.xpm_fifo_base_inst/xpm_fifo_rst_inst/gen_rst_ic.fifo_wr_rst_ic_reg/C                                        ad9708_logic/dsp_core/adc_async_fifo/gnuram_async_fifo.xpm_fifo_base_inst/xpm_fifo_rst_inst/gen_rst_ic.wrst_rd_inst/syncstages_ff_reg[0]/D
 30  CDC-3   Info      1-bit synchronized with ASYNC_REG property                  2  False Path  ad9708_logic/dsp_core/adc_async_fifo/gnuram_async_fifo.xpm_fifo_base_inst/gen_pf_ic_rc.ngen_full_rst_val.ram_full_i_reg/C                                          ad9708_logic/dsp_core/fifo_full_sync_reg[0]/D
 31  CDC-3   Info      1-bit synchronized with ASYNC_REG property                  2  False Path  ad9708_logic/dsp_core/fifo_overflow_sticky_adc_reg/C                                                                                                               ad9708_logic/dsp_core/fifo_overflow_sync_reg[0]/D
 32  CDC-3   Info      1-bit synchronized with ASYNC_REG property                  2  False Path  ad9708_logic/dsp_core/fifo_write_busy_adc_reg/C                                                                                                                    ad9708_logic/dsp_core/fifo_write_busy_sync_reg[0]/D

